Archive member included to satisfy reference by file (symbol)

S:\AtmelStudio\Examples\Linduino\TestBench1\TestBench1\ArduinoCore\Debug\libArduinoCore.a(LTC2983_support_functions.o)
                              Sketch.o (_Z11print_titlev)
S:\AtmelStudio\Examples\Linduino\TestBench1\TestBench1\ArduinoCore\Debug\libArduinoCore.a(HardwareSerial.o)
                              Sketch.o (_ZN14HardwareSerial5beginEmh)
S:\AtmelStudio\Examples\Linduino\TestBench1\TestBench1\ArduinoCore\Debug\libArduinoCore.a(HardwareSerial0.o)
                              Sketch.o (Serial)
S:\AtmelStudio\Examples\Linduino\TestBench1\TestBench1\ArduinoCore\Debug\libArduinoCore.a(main.o)
                              C:/Program Files (x86)/Atmel/Studio/7.0/Packs/Atmel/ATmega_DFP/1.3.300/gcc/dev/atmega328p/avr5/crtatmega328p.o (main)
S:\AtmelStudio\Examples\Linduino\TestBench1\TestBench1\ArduinoCore\Debug\libArduinoCore.a(Print.o)
                              S:\AtmelStudio\Examples\Linduino\TestBench1\TestBench1\ArduinoCore\Debug\libArduinoCore.a(HardwareSerial.o) (_ZN5Print5writeEPKhj)
S:\AtmelStudio\Examples\Linduino\TestBench1\TestBench1\ArduinoCore\Debug\libArduinoCore.a(wiring.o)
                              S:\AtmelStudio\Examples\Linduino\TestBench1\TestBench1\ArduinoCore\Debug\libArduinoCore.a(main.o) (init)
S:\AtmelStudio\Examples\Linduino\TestBench1\TestBench1\ArduinoCore\Debug\libArduinoCore.a(wiring_digital.o)
                              Sketch.o (pinMode)
S:\AtmelStudio\Examples\Linduino\TestBench1\TestBench1\ArduinoCore\Debug\libArduinoCore.a(LT_I2C.o)
                              Sketch.o (_Z17quikeval_I2C_initv)
S:\AtmelStudio\Examples\Linduino\TestBench1\TestBench1\ArduinoCore\Debug\libArduinoCore.a(LT_SPI.o)
                              S:\AtmelStudio\Examples\Linduino\TestBench1\TestBench1\ArduinoCore\Debug\libArduinoCore.a(LTC2983_support_functions.o) (_Z18spi_transfer_blockhPhS_h)
S:\AtmelStudio\Examples\Linduino\TestBench1\TestBench1\ArduinoCore\Debug\libArduinoCore.a(QuikEval_EEPROM.o)
                              Sketch.o (_Z19discover_demo_boardPc)
S:\AtmelStudio\Examples\Linduino\TestBench1\TestBench1\ArduinoCore\Debug\libArduinoCore.a(SPI.o)
                              S:\AtmelStudio\Examples\Linduino\TestBench1\TestBench1\ArduinoCore\Debug\libArduinoCore.a(LT_SPI.o) (_ZN8SPIClass5beginEv)
S:\AtmelStudio\Examples\Linduino\TestBench1\TestBench1\ArduinoCore\Debug\libArduinoCore.a(UserInterface.o)
                              S:\AtmelStudio\Examples\Linduino\TestBench1\TestBench1\ArduinoCore\Debug\libArduinoCore.a(QuikEval_EEPROM.o) (ui_buffer)
S:\AtmelStudio\Examples\Linduino\TestBench1\TestBench1\ArduinoCore\Debug\libArduinoCore.a(abi.o)
                              S:\AtmelStudio\Examples\Linduino\TestBench1\TestBench1\ArduinoCore\Debug\libArduinoCore.a(Print.o) (__cxa_pure_virtual)
S:\AtmelStudio\Examples\Linduino\TestBench1\TestBench1\ArduinoCore\Debug\libArduinoCore.a(hooks.o)
                              S:\AtmelStudio\Examples\Linduino\TestBench1\TestBench1\ArduinoCore\Debug\libArduinoCore.a(wiring.o) (yield)
c:/program files (x86)/atmel/studio/7.0/toolchain/avr8/avr8-gnu-toolchain/bin/../lib/gcc/avr/5.4.0/../../../../avr/lib/avr5\libm.a(addsf3.o)
                              S:\AtmelStudio\Examples\Linduino\TestBench1\TestBench1\ArduinoCore\Debug\libArduinoCore.a(Print.o) (__subsf3)
c:/program files (x86)/atmel/studio/7.0/toolchain/avr8/avr8-gnu-toolchain/bin/../lib/gcc/avr/5.4.0/../../../../avr/lib/avr5\libm.a(addsf3x.o)
                              c:/program files (x86)/atmel/studio/7.0/toolchain/avr8/avr8-gnu-toolchain/bin/../lib/gcc/avr/5.4.0/../../../../avr/lib/avr5\libm.a(addsf3.o) (__addsf3x)
c:/program files (x86)/atmel/studio/7.0/toolchain/avr8/avr8-gnu-toolchain/bin/../lib/gcc/avr/5.4.0/../../../../avr/lib/avr5\libm.a(cmpsf2.o)
                              S:\AtmelStudio\Examples\Linduino\TestBench1\TestBench1\ArduinoCore\Debug\libArduinoCore.a(Print.o) (__ltsf2)
c:/program files (x86)/atmel/studio/7.0/toolchain/avr8/avr8-gnu-toolchain/bin/../lib/gcc/avr/5.4.0/../../../../avr/lib/avr5\libm.a(divsf3.o)
                              S:\AtmelStudio\Examples\Linduino\TestBench1\TestBench1\ArduinoCore\Debug\libArduinoCore.a(Print.o) (__divsf3)
c:/program files (x86)/atmel/studio/7.0/toolchain/avr8/avr8-gnu-toolchain/bin/../lib/gcc/avr/5.4.0/../../../../avr/lib/avr5\libm.a(divsf3x.o)
                              c:/program files (x86)/atmel/studio/7.0/toolchain/avr8/avr8-gnu-toolchain/bin/../lib/gcc/avr/5.4.0/../../../../avr/lib/avr5\libm.a(divsf3.o) (__divsf3x)
c:/program files (x86)/atmel/studio/7.0/toolchain/avr8/avr8-gnu-toolchain/bin/../lib/gcc/avr/5.4.0/../../../../avr/lib/avr5\libm.a(fixunssfsi.o)
                              S:\AtmelStudio\Examples\Linduino\TestBench1\TestBench1\ArduinoCore\Debug\libArduinoCore.a(Print.o) (__fixunssfsi)
[...]
Memory Configuration

Name             Origin             Length             Attributes
text             0x00000000         0x00020000         xr
data             0x00800060         0x0000ffa0         rw !x
eeprom           0x00810000         0x00010000         rw !x
fuse             0x00820000         0x00000003         rw !x
lock             0x00830000         0x00000400         rw !x
signature        0x00840000         0x00000400         rw !x
user_signatures  0x00850000         0x00000400         rw !x
*default*        0x00000000         0xffffffff

Linker script and memory map

Address of section .data set to 0x800100
LOAD C:/Program Files (x86)/Atmel/Studio/7.0/Packs/Atmel/ATmega_DFP/1.3.300/gcc/dev/atmega328p/avr5/crtatmega328p.o
LOAD Sketch.o
START GROUP
LOAD c:/program files (x86)/atmel/studio/7.0/toolchain/avr8/avr8-gnu-toolchain/bin/../lib/gcc/avr/5.4.0/../../../../avr/lib/avr5\libm.a
LOAD S:\AtmelStudio\Examples\Linduino\TestBench1\TestBench1\ArduinoCore\Debug\libArduinoCore.a
END GROUP
LOAD c:/program files (x86)/atmel/studio/7.0/toolchain/avr8/avr8-gnu-toolchain/bin/../lib/gcc/avr/5.4.0/avr5\libgcc.a
LOAD c:/program files (x86)/atmel/studio/7.0/toolchain/avr8/avr8-gnu-toolchain/bin/../lib/gcc/avr/5.4.0/../../../../avr/lib/avr5\libm.a
START GROUP
LOAD c:/program files (x86)/atmel/studio/7.0/toolchain/avr8/avr8-gnu-toolchain/bin/../lib/gcc/avr/5.4.0/avr5\libgcc.a
LOAD c:/program files (x86)/atmel/studio/7.0/toolchain/avr8/avr8-gnu-toolchain/bin/../lib/gcc/avr/5.4.0/../../../../avr/lib/avr5\libm.a
LOAD c:/program files (x86)/atmel/studio/7.0/toolchain/avr8/avr8-gnu-toolchain/bin/../lib/gcc/avr/5.4.0/../../../../avr/lib/avr5\libc.a
LOAD C:/Program Files (x86)/Atmel/Studio/7.0/Packs/Atmel/ATmega_DFP/1.3.300/gcc/dev/atmega328p/avr5\libatmega328p.a
END GROUP
                0x00020000                __TEXT_REGION_LENGTH__ = DEFINED (__TEXT_REGION_LENGTH__)?__TEXT_REGION_LENGTH__:0x20000
                0x0000ffa0                __DATA_REGION_LENGTH__ = DEFINED (__DATA_REGION_LENGTH__)?__DATA_REGION_LENGTH__:0xffa0
                0x00010000                __EEPROM_REGION_LENGTH__ = DEFINED (__EEPROM_REGION_LENGTH__)?__EEPROM_REGION_LENGTH__:0x10000
                [0x00000003]                __FUSE_REGION_LENGTH__ = DEFINED (__FUSE_REGION_LENGTH__)?__FUSE_REGION_LENGTH__:0x400
                0x00000400                __LOCK_REGION_LENGTH__ = DEFINED (__LOCK_REGION_LENGTH__)?__LOCK_REGION_LENGTH__:0x400
                0x00000400                __SIGNATURE_REGION_LENGTH__ = DEFINED (__SIGNATURE_REGION_LENGTH__)?__SIGNATURE_REGION_LENGTH__:0x400
                0x00000400                __USER_SIGNATURE_REGION_LENGTH__ = DEFINED (__USER_SIGNATURE_REGION_LENGTH__)?__USER_SIGNATURE_REGION_LENGTH__:0x400

.hash
 *(.hash)

.dynsym
 *(.dynsym)

.dynstr
 *(.dynstr)

.gnu.version
 *(.gnu.version)

.gnu.version_d
 *(.gnu.version_d)

.gnu.version_r
 *(.gnu.version_r)

.rel.init
 *(.rel.init)

.rela.init
 *(.rela.init)

.rel.text
 *(.rel.text)
 *(.rel.text.*)
 *(.rel.gnu.linkonce.t*)

.rela.text
 *(.rela.text)
 *(.rela.text.*)
 *(.rela.gnu.linkonce.t*)

.rel.fini
 *(.rel.fini)

.rela.fini
 *(.rela.fini)

.rel.rodata
 *(.rel.rodata)
 *(.rel.rodata.*)
 *(.rel.gnu.linkonce.r*)

.rela.rodata
 *(.rela.rodata)
 *(.rela.rodata.*)
 *(.rela.gnu.linkonce.r*)

.rel.data
 *(.rel.data)
 *(.rel.data.*)
 *(.rel.gnu.linkonce.d*)

.rela.data
 *(.rela.data)
 *(.rela.data.*)
 *(.rela.gnu.linkonce.d*)

.rel.ctors
 *(.rel.ctors)

.rela.ctors
 *(.rela.ctors)

.rel.dtors
 *(.rel.dtors)

.rela.dtors
 *(.rela.dtors)

.rel.got
 *(.rel.got)

.rela.got
 *(.rela.got)

.rel.bss
 *(.rel.bss)

.rela.bss
 *(.rela.bss)

.rel.plt
 *(.rel.plt)

.rela.plt
 *(.rela.plt)

.text           0x00000000     0x1df6
 *(.vectors)
 .vectors       0x00000000       0x68 C:/Program Files (x86)/Atmel/Studio/7.0/Packs/Atmel/ATmega_DFP/1.3.300/gcc/dev/atmega328p/avr5/crtatmega328p.o
                0x00000000                __vector_default
                0x00000000                __vectors
 *(.vectors)
 *(.progmem.gcc*)
                0x00000068                . = ALIGN (0x2)
                0x00000068                __trampolines_start = .
 *(.trampolines)
 .trampolines   0x00000068        0x0 linker stubs
 *(.trampolines*)
                0x00000068                __trampolines_end = .
 *libprintf_flt.a:*(.progmem.data)
 *libc.a:*(.progmem.data)
 *(.progmem*)
 .progmem.data._ZZ16print_fault_datahE3__c_8
                0x00000068       0x1b S:\AtmelStudio\Examples\Linduino\TestBench1\TestBench1\ArduinoCore\Debug\libArduinoCore.a(LTC2983_support_functions.o)
 .progmem.data._ZZ16print_fault_datahE3__c_7
                0x00000083       0x17 S:\AtmelStudio\Examples\Linduino\TestBench1\TestBench1\ArduinoCore\Debug\libArduinoCore.a(LTC2983_support_functions.o)
 .progmem.data._ZZ16print_fault_datahE3__c_6
                0x0000009a       0x14 S:\AtmelStudio\Examples\Linduino\TestBench1\TestBench1\ArduinoCore\Debug\libArduinoCore.a(LTC2983_support_functions.o)
 .progmem.data._ZZ16print_fault_datahE3__c_5
                0x000000ae       0x11 S:\AtmelStudio\Examples\Linduino\TestBench1\TestBench1\ArduinoCore\Debug\libArduinoCore.a(LTC2983_support_functions.o)
 .progmem.data._ZZ16print_fault_datahE3__c_4
                0x000000bf       0x11 S:\AtmelStudio\Examples\Linduino\TestBench1\TestBench1\ArduinoCore\Debug\libArduinoCore.a(LTC2983_support_functions.o)
 .progmem.data._ZZ16print_fault_datahE3__c_3
                0x000000d0       0x14 S:\AtmelStudio\Examples\Linduino\TestBench1\TestBench1\ArduinoCore\Debug\libArduinoCore.a(LTC2983_support_functions.o)
 .progmem.data._ZZ16print_fault_datahE3__c_2
                0x000000e4       0x14 S:\AtmelStudio\Examples\Linduino\TestBench1\TestBench1\ArduinoCore\Debug\libArduinoCore.a(LTC2983_support_functions.o)
 .progmem.data._ZZ16print_fault_datahE3__c_1
                0x000000f8       0x15 S:\AtmelStudio\Examples\Linduino\TestBench1\TestBench1\ArduinoCore\Debug\libArduinoCore.a(LTC2983_support_functions.o)
 .progmem.data._ZZ16print_fault_datahE3__c_0
                0x0000010d       0x17 S:\AtmelStudio\Examples\Linduino\TestBench1\TestBench1\ArduinoCore\Debug\libArduinoCore.a(LTC2983_support_functions.o)
 .progmem.data._ZZ16print_fault_datahE3__c
                0x00000124       0x10 S:\AtmelStudio\Examples\Linduino\TestBench1\TestBench1\ArduinoCore\Debug\libArduinoCore.a(LTC2983_support_functions.o)
 .progmem.data._ZZ34read_voltage_or_resistance_resultshhE3__c
                0x00000134       0x1b S:\AtmelStudio\Examples\Linduino\TestBench1\TestBench1\ArduinoCore\Debug\libArduinoCore.a(LTC2983_support_functions.o)
 .progmem.data._ZZ23print_conversion_resultmhE3__c_0
                0x0000014f       0x1d S:\AtmelStudio\Examples\Linduino\TestBench1\TestBench1\ArduinoCore\Debug\libArduinoCore.a(LTC2983_support_functions.o)
 .progmem.data._ZZ23print_conversion_resultmhE3__c
                0x0000016c       0x11 S:\AtmelStudio\Examples\Linduino\TestBench1\TestBench1\ArduinoCore\Debug\libArduinoCore.a(LTC2983_support_functions.o)
 .progmem.data._ZZ10get_resulthhhE3__c
                0x0000017d        0xa S:\AtmelStudio\Examples\Linduino\TestBench1\TestBench1\ArduinoCore\Debug\libArduinoCore.a(LTC2983_support_functions.o)
 .progmem.data._ZZ11print_titlevE3__c_6
                0x00000187       0x44 S:\AtmelStudio\Examples\Linduino\TestBench1\TestBench1\ArduinoCore\Debug\libArduinoCore.a(LTC2983_support_functions.o)
 .progmem.data._ZZ11print_titlevE3__c_5
                0x000001cb       0x42 S:\AtmelStudio\Examples\Linduino\TestBench1\TestBench1\ArduinoCore\Debug\libArduinoCore.a(LTC2983_support_functions.o)
 .progmem.data._ZZ11print_titlevE3__c_4
                0x0000020d       0x42 S:\AtmelStudio\Examples\Linduino\TestBench1\TestBench1\ArduinoCore\Debug\libArduinoCore.a(LTC2983_support_functions.o)
 .progmem.data._ZZ11print_titlevE3__c_3
                0x0000024f       0x42 S:\AtmelStudio\Examples\Linduino\TestBench1\TestBench1\ArduinoCore\Debug\libArduinoCore.a(LTC2983_support_functions.o)
 .progmem.data._ZZ11print_titlevE3__c_2
                0x00000291       0x42 S:\AtmelStudio\Examples\Linduino\TestBench1\TestBench1\ArduinoCore\Debug\libArduinoCore.a(LTC2983_support_functions.o)
 .progmem.data._ZZ11print_titlevE3__c_1
                0x000002d3       0x42 S:\AtmelStudio\Examples\Linduino\TestBench1\TestBench1\ArduinoCore\Debug\libArduinoCore.a(LTC2983_support_functions.o)
 .progmem.data._ZZ11print_titlevE3__c_0
                0x00000315       0x36 S:\AtmelStudio\Examples\Linduino\TestBench1\TestBench1\ArduinoCore\Debug\libArduinoCore.a(LTC2983_support_functions.o)
 .progmem.data._ZZ11print_titlevE3__c
                0x0000034b       0x45 S:\AtmelStudio\Examples\Linduino\TestBench1\TestBench1\ArduinoCore\Debug\libArduinoCore.a(LTC2983_support_functions.o)
 .progmem.data.digital_pin_to_timer_PGM
                0x00000390       0x14 S:\AtmelStudio\Examples\Linduino\TestBench1\TestBench1\ArduinoCore\Debug\libArduinoCore.a(wiring_digital.o)
                0x00000390                digital_pin_to_timer_PGM
 .progmem.data.digital_pin_to_bit_mask_PGM
                0x000003a4       0x14 S:\AtmelStudio\Examples\Linduino\TestBench1\TestBench1\ArduinoCore\Debug\libArduinoCore.a(wiring_digital.o)
                0x000003a4                digital_pin_to_bit_mask_PGM
 .progmem.data.digital_pin_to_port_PGM
                0x000003b8       0x14 S:\AtmelStudio\Examples\Linduino\TestBench1\TestBench1\ArduinoCore\Debug\libArduinoCore.a(wiring_digital.o)
                0x000003b8                digital_pin_to_port_PGM
 .progmem.data.port_to_input_PGM
                0x000003cc        0xa S:\AtmelStudio\Examples\Linduino\TestBench1\TestBench1\ArduinoCore\Debug\libArduinoCore.a(wiring_digital.o)
                0x000003cc                port_to_input_PGM
 .progmem.data.port_to_output_PGM
                0x000003d6        0xa S:\AtmelStudio\Examples\Linduino\TestBench1\TestBench1\ArduinoCore\Debug\libArduinoCore.a(wiring_digital.o)
                0x000003d6                port_to_output_PGM
 .progmem.data.port_to_mode_PGM
                0x000003e0        0xa S:\AtmelStudio\Examples\Linduino\TestBench1\TestBench1\ArduinoCore\Debug\libArduinoCore.a(wiring_digital.o)
                0x000003e0                port_to_mode_PGM
                0x000003ea                . = ALIGN (0x2)
 *(.jumptables)
 *(.jumptables*)
 *(.lowtext)
 *(.lowtext*)
                0x000003ea                __ctors_start = .
 *(.ctors)
 .ctors         0x000003ea        0x2 S:\AtmelStudio\Examples\Linduino\TestBench1\TestBench1\ArduinoCore\Debug\libArduinoCore.a(HardwareSerial0.o)
                0x000003ec                __ctors_end = .
                0x000003ec                __dtors_start = .
 *(.dtors)
                0x000003ec                __dtors_end = .
 SORT(*)(.ctors)
 SORT(*)(.dtors)
 *(.init0)
 .init0         0x000003ec        0x0 C:/Program Files (x86)/Atmel/Studio/7.0/Packs/Atmel/ATmega_DFP/1.3.300/gcc/dev/atmega328p/avr5/crtatmega328p.o
                0x000003ec                __init
 *(.init0)
 *(.init1)
 *(.init1)
 *(.init2)
 .init2         0x000003ec        0xc C:/Program Files (x86)/Atmel/Studio/7.0/Packs/Atmel/ATmega_DFP/1.3.300/gcc/dev/atmega328p/avr5/crtatmega328p.o
 *(.init2)
 *(.init3)
 *(.init3)
 *(.init4)
 .init4         0x000003f8       0x16 c:/program files (x86)/atmel/studio/7.0/toolchain/avr8/avr8-gnu-toolchain/bin/../lib/gcc/avr/5.4.0/avr5\libgcc.a(_copy_data.o)
                0x000003f8                __do_copy_data
 .init4         0x0000040e       0x10 c:/program files (x86)/atmel/studio/7.0/toolchain/avr8/avr8-gnu-toolchain/bin/../lib/gcc/avr/5.4.0/avr5\libgcc.a(_clear_bss.o)
                0x0000040e                __do_clear_bss
 *(.init4)
 *(.init5)
 *(.init5)
 *(.init6)
 .init6         0x0000041e       0x16 c:/program files (x86)/atmel/studio/7.0/toolchain/avr8/avr8-gnu-toolchain/bin/../lib/gcc/avr/5.4.0/avr5\libgcc.a(_ctors.o)
                0x0000041e                __do_global_ctors
 *(.init6)
 *(.init7)
 *(.init7)
 *(.init8)
 *(.init8)
 *(.init9)
 .init9         0x00000434        0x8 C:/Program Files (x86)/Atmel/Studio/7.0/Packs/Atmel/ATmega_DFP/1.3.300/gcc/dev/atmega328p/avr5/crtatmega328p.o
 *(.init9)
 *(.text)
 .text          0x0000043c        0x4 C:/Program Files (x86)/Atmel/Studio/7.0/Packs/Atmel/ATmega_DFP/1.3.300/gcc/dev/atmega328p/avr5/crtatmega328p.o
                0x0000043c                __vector_22
                0x0000043c                __vector_1
                0x0000043c                __vector_24
                0x0000043c                __vector_12
                0x0000043c                __bad_interrupt
                0x0000043c                __vector_6
                0x0000043c                __vector_3
                0x0000043c                __vector_23
                0x0000043c                __vector_25
                0x0000043c                __vector_11
                0x0000043c                __vector_13
                0x0000043c                __vector_17
                0x0000043c                __vector_7
                0x0000043c                __vector_5
                0x0000043c                __vector_4
                0x0000043c                __vector_9
                0x0000043c                __vector_2
                0x0000043c                __vector_21
                0x0000043c                __vector_15
                0x0000043c                __vector_8
                0x0000043c                __vector_14
                0x0000043c                __vector_10
                0x0000043c                __vector_20
                0x00000440                . = ALIGN (0x2)
 *(.text.*)
 .text._Z18configure_channelsv
                0x00000440       0x60 Sketch.o
                0x00000440                _Z18configure_channelsv
 .text._Z27configure_global_parametersv
                0x000004a0       0x1c Sketch.o
                0x000004a0                _Z27configure_global_parametersv
 .text.setup    0x000004bc       0x72 Sketch.o
                0x000004bc                setup
 .text.loop     0x0000052e       0x1e Sketch.o
                0x0000052e                loop
 .text._ZN8SPIClass8transferEh
                0x0000054c        0xe S:\AtmelStudio\Examples\Linduino\TestBench1\TestBench1\ArduinoCore\Debug\libArduinoCore.a(LTC2983_support_functions.o)
                0x0000054c                _ZN8SPIClass8transferEh
 .text._Z11print_titlev
                0x0000055a       0x60 S:\AtmelStudio\Examples\Linduino\TestBench1\TestBench1\ArduinoCore\Debug\libArduinoCore.a(LTC2983_support_functions.o)
                0x0000055a                _Z11print_titlev
 .text._Z23print_conversion_resultmh
                0x000005ba       0x7c S:\AtmelStudio\Examples\Linduino\TestBench1\TestBench1\ArduinoCore\Debug\libArduinoCore.a(LTC2983_support_functions.o)
                0x000005ba                _Z23print_conversion_resultmh
 .text._Z16print_fault_datah
                0x00000636       0xae S:\AtmelStudio\Examples\Linduino\TestBench1\TestBench1\ArduinoCore\Debug\libArduinoCore.a(LTC2983_support_functions.o)
                0x00000636                _Z16print_fault_datah
 .text._Z19transfer_four_byteshhjm
                0x000006e4       0x56 S:\AtmelStudio\Examples\Linduino\TestBench1\TestBench1\ArduinoCore\Debug\libArduinoCore.a(LTC2983_support_functions.o)
                0x000006e4                _Z19transfer_four_byteshhjm
 .text._Z14assign_channelhhm
                0x0000073a       0x20 S:\AtmelStudio\Examples\Linduino\TestBench1\TestBench1\ArduinoCore\Debug\libArduinoCore.a(LTC2983_support_functions.o)
                0x0000073a                _Z14assign_channelhhm
 .text._Z34read_voltage_or_resistance_resultshh
                0x0000075a       0x64 S:\AtmelStudio\Examples\Linduino\TestBench1\TestBench1\ArduinoCore\Debug\libArduinoCore.a(LTC2983_support_functions.o)
                0x0000075a                _Z34read_voltage_or_resistance_resultshh
 .text._Z10get_resulthhh
                0x000007be       0x82 S:\AtmelStudio\Examples\Linduino\TestBench1\TestBench1\ArduinoCore\Debug\libArduinoCore.a(LTC2983_support_functions.o)
                0x000007be                _Z10get_resulthhh
 .text._Z13transfer_bytehhjh
                0x00000840       0x42 S:\AtmelStudio\Examples\Linduino\TestBench1\TestBench1\ArduinoCore\Debug\libArduinoCore.a(LTC2983_support_functions.o)
                0x00000840                _Z13transfer_bytehhjh
 .text._Z26wait_for_process_to_finishh
                0x00000882       0x1a S:\AtmelStudio\Examples\Linduino\TestBench1\TestBench1\ArduinoCore\Debug\libArduinoCore.a(LTC2983_support_functions.o)
                0x00000882                _Z26wait_for_process_to_finishh
 .text._Z15convert_channelhh
                0x0000089c       0x1a S:\AtmelStudio\Examples\Linduino\TestBench1\TestBench1\ArduinoCore\Debug\libArduinoCore.a(LTC2983_support_functions.o)
                0x0000089c                _Z15convert_channelhh
 .text._Z15measure_channelhhh
                0x000008b6       0x20 S:\AtmelStudio\Examples\Linduino\TestBench1\TestBench1\ArduinoCore\Debug\libArduinoCore.a(LTC2983_support_functions.o)
                0x000008b6                _Z15measure_channelhhh
 .text._ZN14HardwareSerial9availableEv
                0x000008d6       0x18 S:\AtmelStudio\Examples\Linduino\TestBench1\TestBench1\ArduinoCore\Debug\libArduinoCore.a(HardwareSerial.o)
                0x000008d6                _ZN14HardwareSerial9availableEv
 .text._ZN14HardwareSerial4peekEv
                0x000008ee       0x1c S:\AtmelStudio\Examples\Linduino\TestBench1\TestBench1\ArduinoCore\Debug\libArduinoCore.a(HardwareSerial.o)
                0x000008ee                _ZN14HardwareSerial4peekEv
 .text._ZN14HardwareSerial4readEv
                0x0000090a       0x28 S:\AtmelStudio\Examples\Linduino\TestBench1\TestBench1\ArduinoCore\Debug\libArduinoCore.a(HardwareSerial.o)
                0x0000090a                _ZN14HardwareSerial4readEv
 .text._ZN14HardwareSerial17availableForWriteEv
                0x00000932       0x1e S:\AtmelStudio\Examples\Linduino\TestBench1\TestBench1\ArduinoCore\Debug\libArduinoCore.a(HardwareSerial.o)
                0x00000932                _ZN14HardwareSerial17availableForWriteEv
 .text._Z14serialEventRunv
                0x00000950       0x1c S:\AtmelStudio\Examples\Linduino\TestBench1\TestBench1\ArduinoCore\Debug\libArduinoCore.a(HardwareSerial.o)
                0x00000950                _Z14serialEventRunv
 .text._ZN14HardwareSerial17_tx_udr_empty_irqEv
                0x0000096c       0x44 S:\AtmelStudio\Examples\Linduino\TestBench1\TestBench1\ArduinoCore\Debug\libArduinoCore.a(HardwareSerial.o)
                0x0000096c                _ZN14HardwareSerial17_tx_udr_empty_irqEv
 .text._ZN14HardwareSerial5writeEh
                0x000009b0       0x9a S:\AtmelStudio\Examples\Linduino\TestBench1\TestBench1\ArduinoCore\Debug\libArduinoCore.a(HardwareSerial.o)
                0x000009b0                _ZN14HardwareSerial5writeEh
 .text._ZN14HardwareSerial5flushEv
                0x00000a4a       0x44 S:\AtmelStudio\Examples\Linduino\TestBench1\TestBench1\ArduinoCore\Debug\libArduinoCore.a(HardwareSerial.o)
                0x00000a4a                _ZN14HardwareSerial5flushEv
 .text._ZN14HardwareSerial5beginEmh
                0x00000a8e       0xca S:\AtmelStudio\Examples\Linduino\TestBench1\TestBench1\ArduinoCore\Debug\libArduinoCore.a(HardwareSerial.o)
                0x00000a8e                _ZN14HardwareSerial5beginEmh
 .text.__vector_18
                0x00000b58       0x64 S:\AtmelStudio\Examples\Linduino\TestBench1\TestBench1\ArduinoCore\Debug\libArduinoCore.a(HardwareSerial0.o)
                0x00000b58                __vector_18
 .text.__vector_19
                0x00000bbc       0x4c S:\AtmelStudio\Examples\Linduino\TestBench1\TestBench1\ArduinoCore\Debug\libArduinoCore.a(HardwareSerial0.o)
                0x00000bbc                __vector_19
 .text._Z17Serial0_availablev
                0x00000c08       0x14 S:\AtmelStudio\Examples\Linduino\TestBench1\TestBench1\ArduinoCore\Debug\libArduinoCore.a(HardwareSerial0.o)
                0x00000c08                _Z17Serial0_availablev
 .text.startup._GLOBAL__sub_I___vector_18
                0x00000c1c       0x5a S:\AtmelStudio\Examples\Linduino\TestBench1\TestBench1\ArduinoCore\Debug\libArduinoCore.a(HardwareSerial0.o)
 .text.initVariant
                0x00000c76        0x2 S:\AtmelStudio\Examples\Linduino\TestBench1\TestBench1\ArduinoCore\Debug\libArduinoCore.a(main.o)
                0x00000c76                initVariant
 .text.startup.main
                0x00000c78       0x1e S:\AtmelStudio\Examples\Linduino\TestBench1\TestBench1\ArduinoCore\Debug\libArduinoCore.a(main.o)
                0x00000c78                main
 .text._ZN5Print5writeEPKhj
                0x00000c96       0x54 S:\AtmelStudio\Examples\Linduino\TestBench1\TestBench1\ArduinoCore\Debug\libArduinoCore.a(Print.o)
                0x00000c96                _ZN5Print5writeEPKhj
 .text._ZN5Print5writeEPKc
                0x00000cea       0x2a S:\AtmelStudio\Examples\Linduino\TestBench1\TestBench1\ArduinoCore\Debug\libArduinoCore.a(Print.o)
                0x00000cea                _ZN5Print5writeEPKc
 .text._ZN5Print5printEPK19__FlashStringHelper
                0x00000d14       0x48 S:\AtmelStudio\Examples\Linduino\TestBench1\TestBench1\ArduinoCore\Debug\libArduinoCore.a(Print.o)
                0x00000d14                _ZN5Print5printEPK19__FlashStringHelper
 .text._ZN5Print5printEPKc
                0x00000d5c        0x4 S:\AtmelStudio\Examples\Linduino\TestBench1\TestBench1\ArduinoCore\Debug\libArduinoCore.a(Print.o)
                0x00000d5c                _ZN5Print5printEPKc
 .text._ZN5Print5printEc
                0x00000d60        0xe S:\AtmelStudio\Examples\Linduino\TestBench1\TestBench1\ArduinoCore\Debug\libArduinoCore.a(Print.o)
                0x00000d60                _ZN5Print5printEc
 .text._ZN5Print7printlnEv
                0x00000d6e        0x8 S:\AtmelStudio\Examples\Linduino\TestBench1\TestBench1\ArduinoCore\Debug\libArduinoCore.a(Print.o)
                0x00000d6e                _ZN5Print7printlnEv
 .text._ZN5Print7printlnEPK19__FlashStringHelper
                0x00000d76       0x24 S:\AtmelStudio\Examples\Linduino\TestBench1\TestBench1\ArduinoCore\Debug\libArduinoCore.a(Print.o)
                0x00000d76                _ZN5Print7printlnEPK19__FlashStringHelper
 .text._ZN5Print7printlnEPKc
                0x00000d9a       0x24 S:\AtmelStudio\Examples\Linduino\TestBench1\TestBench1\ArduinoCore\Debug\libArduinoCore.a(Print.o)
                0x00000d9a                _ZN5Print7printlnEPKc
 .text._ZN5Print7printlnEc
                0x00000dbe       0x24 S:\AtmelStudio\Examples\Linduino\TestBench1\TestBench1\ArduinoCore\Debug\libArduinoCore.a(Print.o)
                0x00000dbe                _ZN5Print7printlnEc
 .text._ZN5Print11printNumberEmh
                0x00000de2       0x92 S:\AtmelStudio\Examples\Linduino\TestBench1\TestBench1\ArduinoCore\Debug\libArduinoCore.a(Print.o)
                0x00000de2                _ZN5Print11printNumberEmh
 .text._ZN5Print5printEmi
                0x00000e74       0x1a S:\AtmelStudio\Examples\Linduino\TestBench1\TestBench1\ArduinoCore\Debug\libArduinoCore.a(Print.o)
                0x00000e74                _ZN5Print5printEmi
 .text._ZN5Print5printEhi
                0x00000e8e        0xe S:\AtmelStudio\Examples\Linduino\TestBench1\TestBench1\ArduinoCore\Debug\libArduinoCore.a(Print.o)
                0x00000e8e                _ZN5Print5printEhi
 .text._ZN5Print7printlnEhi
                0x00000e9c       0x24 S:\AtmelStudio\Examples\Linduino\TestBench1\TestBench1\ArduinoCore\Debug\libArduinoCore.a(Print.o)
                0x00000e9c                _ZN5Print7printlnEhi
 .text._ZN5Print5printEji
                0x00000ec0        0xc S:\AtmelStudio\Examples\Linduino\TestBench1\TestBench1\ArduinoCore\Debug\libArduinoCore.a(Print.o)
                0x00000ec0                _ZN5Print5printEji
 .text._ZN5Print10printFloatEdh
                0x00000ecc      0x1b6 S:\AtmelStudio\Examples\Linduino\TestBench1\TestBench1\ArduinoCore\Debug\libArduinoCore.a(Print.o)
                0x00000ecc                _ZN5Print10printFloatEdh
 .text._ZN5Print7printlnEdi
                0x00001082       0x24 S:\AtmelStudio\Examples\Linduino\TestBench1\TestBench1\ArduinoCore\Debug\libArduinoCore.a(Print.o)
                0x00001082                _ZN5Print7printlnEdi
 .text.__vector_16
                0x000010a6       0x94 S:\AtmelStudio\Examples\Linduino\TestBench1\TestBench1\ArduinoCore\Debug\libArduinoCore.a(wiring.o)
                0x000010a6                __vector_16
 .text.micros   0x0000113a       0x4a S:\AtmelStudio\Examples\Linduino\TestBench1\TestBench1\ArduinoCore\Debug\libArduinoCore.a(wiring.o)
                0x0000113a                micros
 .text.delay    0x00001184       0x78 S:\AtmelStudio\Examples\Linduino\TestBench1\TestBench1\ArduinoCore\Debug\libArduinoCore.a(wiring.o)
                0x00001184                delay
 .text.init     0x000011fc       0x76 S:\AtmelStudio\Examples\Linduino\TestBench1\TestBench1\ArduinoCore\Debug\libArduinoCore.a(wiring.o)
                0x000011fc                init
 .text.turnOffPWM
                0x00001272       0x52 S:\AtmelStudio\Examples\Linduino\TestBench1\TestBench1\ArduinoCore\Debug\libArduinoCore.a(wiring_digital.o)
 .text.pinMode  0x000012c4       0x78 S:\AtmelStudio\Examples\Linduino\TestBench1\TestBench1\ArduinoCore\Debug\libArduinoCore.a(wiring_digital.o)
                0x000012c4                pinMode
 .text.digitalWrite
                0x0000133c       0x5e S:\AtmelStudio\Examples\Linduino\TestBench1\TestBench1\ArduinoCore\Debug\libArduinoCore.a(wiring_digital.o)
                0x0000133c                digitalWrite
 .text.digitalRead
                0x0000139a       0x52 S:\AtmelStudio\Examples\Linduino\TestBench1\TestBench1\ArduinoCore\Debug\libArduinoCore.a(wiring_digital.o)
                0x0000139a                digitalRead
 .text._Z8i2c_reada.part.0
                0x000013ec       0x28 S:\AtmelStudio\Examples\Linduino\TestBench1\TestBench1\ArduinoCore\Debug\libArduinoCore.a(LT_I2C.o)
 .text._Z10i2c_enablev
                0x00001414        0xe S:\AtmelStudio\Examples\Linduino\TestBench1\TestBench1\ArduinoCore\Debug\libArduinoCore.a(LT_I2C.o)
                0x00001414                _Z10i2c_enablev
 .text._Z17quikeval_I2C_initv
                0x00001422        0x4 S:\AtmelStudio\Examples\Linduino\TestBench1\TestBench1\ArduinoCore\Debug\libArduinoCore.a(LT_I2C.o)
                0x00001422                _Z17quikeval_I2C_initv
 .text._Z9i2c_startv
                0x00001426       0x32 S:\AtmelStudio\Examples\Linduino\TestBench1\TestBench1\ArduinoCore\Debug\libArduinoCore.a(LT_I2C.o)
                0x00001426                _Z9i2c_startv
 .text._Z18i2c_repeated_startv
                0x00001458       0x2e S:\AtmelStudio\Examples\Linduino\TestBench1\TestBench1\ArduinoCore\Debug\libArduinoCore.a(LT_I2C.o)
                0x00001458                _Z18i2c_repeated_startv
 .text._Z8i2c_stopv
                0x00001486       0x10 S:\AtmelStudio\Examples\Linduino\TestBench1\TestBench1\ArduinoCore\Debug\libArduinoCore.a(LT_I2C.o)
                0x00001486                _Z8i2c_stopv
 .text._Z9i2c_writeh
                0x00001496       0x3a S:\AtmelStudio\Examples\Linduino\TestBench1\TestBench1\ArduinoCore\Debug\libArduinoCore.a(LT_I2C.o)
                0x00001496                _Z9i2c_writeh
 .text._Z8i2c_reada
                0x000014d0       0x30 S:\AtmelStudio\Examples\Linduino\TestBench1\TestBench1\ArduinoCore\Debug\libArduinoCore.a(LT_I2C.o)
                0x000014d0                _Z8i2c_reada
 .text._Z18spi_transfer_blockhPhS_h
                0x00001500       0x5c S:\AtmelStudio\Examples\Linduino\TestBench1\TestBench1\ArduinoCore\Debug\libArduinoCore.a(LT_SPI.o)
                0x00001500                _Z18spi_transfer_blockhPhS_h
 .text._Z20quikeval_SPI_connectv
                0x0000155c       0x20 S:\AtmelStudio\Examples\Linduino\TestBench1\TestBench1\ArduinoCore\Debug\libArduinoCore.a(LT_SPI.o)
                0x0000155c                _Z20quikeval_SPI_connectv
 .text._Z10spi_enableh
                0x0000157c       0x28 S:\AtmelStudio\Examples\Linduino\TestBench1\TestBench1\ArduinoCore\Debug\libArduinoCore.a(LT_SPI.o)
                0x0000157c                _Z10spi_enableh
 .text._Z17quikeval_SPI_initv
                0x000015a4        0x6 S:\AtmelStudio\Examples\Linduino\TestBench1\TestBench1\ArduinoCore\Debug\libArduinoCore.a(LT_SPI.o)
                0x000015a4                _Z17quikeval_SPI_initv
 .text._Z11eeprom_pollh
                0x000015aa       0x4a S:\AtmelStudio\Examples\Linduino\TestBench1\TestBench1\ArduinoCore\Debug\libArduinoCore.a(QuikEval_EEPROM.o)
                0x000015aa                _Z11eeprom_pollh
 .text._Z34eeprom_read_buffer_with_terminatorhPcjch
                0x000015f4       0x8a S:\AtmelStudio\Examples\Linduino\TestBench1\TestBench1\ArduinoCore\Debug\libArduinoCore.a(QuikEval_EEPROM.o)
                0x000015f4                _Z34eeprom_read_buffer_with_terminatorhPcjch
 .text._Z23read_quikeval_id_stringPc
                0x0000167e      0x164 S:\AtmelStudio\Examples\Linduino\TestBench1\TestBench1\ArduinoCore\Debug\libArduinoCore.a(QuikEval_EEPROM.o)
                0x0000167e                _Z23read_quikeval_id_stringPc
 .text._Z19discover_demo_boardPc
                0x000017e2       0xc8 S:\AtmelStudio\Examples\Linduino\TestBench1\TestBench1\ArduinoCore\Debug\libArduinoCore.a(QuikEval_EEPROM.o)
                0x000017e2                _Z19discover_demo_boardPc
 .text._ZN8SPIClass5beginEv
                0x000018aa       0x6c S:\AtmelStudio\Examples\Linduino\TestBench1\TestBench1\ArduinoCore\Debug\libArduinoCore.a(SPI.o)
                0x000018aa                _ZN8SPIClass5beginEv
 .text.__empty  0x00001916        0x2 S:\AtmelStudio\Examples\Linduino\TestBench1\TestBench1\ArduinoCore\Debug\libArduinoCore.a(hooks.o)
                0x00001916                yield
 .text.avr-libc.fplib
                0x00001918        0xe c:/program files (x86)/atmel/studio/7.0/toolchain/avr8/avr8-gnu-toolchain/bin/../lib/gcc/avr/5.4.0/../../../../avr/lib/avr5\libm.a(addsf3.o)
                0x00001918                __subsf3
                0x0000191a                __addsf3
 .text.avr-libc.fplib
                0x00001926       0xcc c:/program files (x86)/atmel/studio/7.0/toolchain/avr8/avr8-gnu-toolchain/bin/../lib/gcc/avr/5.4.0/../../../../avr/lib/avr5\libm.a(addsf3x.o)
                0x00001948                __addsf3x
 .text.avr-libc.fplib
                0x000019f2        0xa c:/program files (x86)/atmel/studio/7.0/toolchain/avr8/avr8-gnu-toolchain/bin/../lib/gcc/avr/5.4.0/../../../../avr/lib/avr5\libm.a(cmpsf2.o)
                0x000019f2                __nesf2
                0x000019f2                __eqsf2
                0x000019f2                __cmpsf2
                0x000019f2                __ltsf2
                0x000019f2                __lesf2
 .text.avr-libc.fplib
                0x000019fc        0x8 c:/program files (x86)/atmel/studio/7.0/toolchain/avr8/avr8-gnu-toolchain/bin/../lib/gcc/avr/5.4.0/../../../../avr/lib/avr5\libm.a(divsf3.o)
                0x000019fc                __divsf3
 .text.avr-libc.fplib
                0x00001a04       0xdc c:/program files (x86)/atmel/studio/7.0/toolchain/avr8/avr8-gnu-toolchain/bin/../lib/gcc/avr/5.4.0/../../../../avr/lib/avr5\libm.a(divsf3x.o)
                0x00001a24                __divsf3x
                0x00001a2a                __divsf3_pse
 .text.avr-libc.fplib
                0x00001ae0       0x5e c:/program files (x86)/atmel/studio/7.0/toolchain/avr8/avr8-gnu-toolchain/bin/../lib/gcc/avr/5.4.0/../../../../avr/lib/avr5\libm.a(fixunssfsi.o)
                0x00001ae0                __fixunssfsi
 .text.avr-libc.fplib
                0x00001b3e       0x7a c:/program files (x86)/atmel/studio/7.0/toolchain/avr8/avr8-gnu-toolchain/bin/../lib/gcc/avr/5.4.0/../../../../avr/lib/avr5\libm.a(floatsisf.o)
                0x00001b3e                __floatunsisf
                0x00001b42                __floatsisf
 .text.avr-libc.fplib
                0x00001bb8       0x48 c:/program files (x86)/atmel/studio/7.0/toolchain/avr8/avr8-gnu-toolchain/bin/../lib/gcc/avr/5.4.0/../../../../avr/lib/avr5\libm.a(fp_cmp.o)
                0x00001bb8                __fp_cmp
 .text.avr-libc.fplib
                0x00001c00        0xc c:/program files (x86)/atmel/studio/7.0/toolchain/avr8/avr8-gnu-toolchain/bin/../lib/gcc/avr/5.4.0/../../../../avr/lib/avr5\libm.a(fp_inf.o)
                0x00001c00                __fp_inf
 .text.avr-libc.fplib
                0x00001c0c        0x6 c:/program files (x86)/atmel/studio/7.0/toolchain/avr8/avr8-gnu-toolchain/bin/../lib/gcc/avr/5.4.0/../../../../avr/lib/avr5\libm.a(fp_nan.o)
                0x00001c0c                __fp_nan
 .text.avr-libc.fplib
                0x00001c12        0xe c:/program files (x86)/atmel/studio/7.0/toolchain/avr8/avr8-gnu-toolchain/bin/../lib/gcc/avr/5.4.0/../../../../avr/lib/avr5\libm.a(fp_pscA.o)
                0x00001c12                __fp_pscA
 .text.avr-libc.fplib
                0x00001c20        0xe c:/program files (x86)/atmel/studio/7.0/toolchain/avr8/avr8-gnu-toolchain/bin/../lib/gcc/avr/5.4.0/../../../../avr/lib/avr5\libm.a(fp_pscB.o)
                0x00001c20                __fp_pscB
 .text.avr-libc.fplib
                0x00001c2e       0x22 c:/program files (x86)/atmel/studio/7.0/toolchain/avr8/avr8-gnu-toolchain/bin/../lib/gcc/avr/5.4.0/../../../../avr/lib/avr5\libm.a(fp_round.o)
                0x00001c2e                __fp_round
 .text.avr-libc.fplib
                0x00001c50       0x44 c:/program files (x86)/atmel/studio/7.0/toolchain/avr8/avr8-gnu-toolchain/bin/../lib/gcc/avr/5.4.0/../../../../avr/lib/avr5\libm.a(fp_split3.o)
                0x00001c50                __fp_split3
                0x00001c60                __fp_splitA
 .text.avr-libc.fplib
                0x00001c94        0xe c:/program files (x86)/atmel/studio/7.0/toolchain/avr8/avr8-gnu-toolchain/bin/../lib/gcc/avr/5.4.0/../../../../avr/lib/avr5\libm.a(fp_zero.o)
                0x00001c94                __fp_zero
                0x00001c96                __fp_szero
 .text.avr-libc.fplib
                0x00001ca2        0xa c:/program files (x86)/atmel/studio/7.0/toolchain/avr8/avr8-gnu-toolchain/bin/../lib/gcc/avr/5.4.0/../../../../avr/lib/avr5\libm.a(gesf2.o)
                0x00001ca2                __gesf2
                0x00001ca2                __gtsf2
 .text.avr-libc.fplib
                0x00001cac        0x8 c:/program files (x86)/atmel/studio/7.0/toolchain/avr8/avr8-gnu-toolchain/bin/../lib/gcc/avr/5.4.0/../../../../avr/lib/avr5\libm.a(mulsf3.o)
                0x00001cac                __mulsf3
 .text.avr-libc.fplib
                0x00001cb4       0xd2 c:/program files (x86)/atmel/studio/7.0/toolchain/avr8/avr8-gnu-toolchain/bin/../lib/gcc/avr/5.4.0/../../../../avr/lib/avr5\libm.a(mulsf3x.o)
                0x00001cd2                __mulsf3x
                0x00001cd8                __mulsf3_pse
 .text.avr-libc.fplib
                0x00001d86        0xa c:/program files (x86)/atmel/studio/7.0/toolchain/avr8/avr8-gnu-toolchain/bin/../lib/gcc/avr/5.4.0/../../../../avr/lib/avr5\libm.a(unordsf2.o)
                0x00001d86                __unordsf2
 .text.libgcc.div
                0x00001d90       0x44 c:/program files (x86)/atmel/studio/7.0/toolchain/avr8/avr8-gnu-toolchain/bin/../lib/gcc/avr/5.4.0/avr5\libgcc.a(_udivmodsi4.o)
                0x00001d90                __udivmodsi4
 .text.libgcc   0x00001dd4        0xc c:/program files (x86)/atmel/studio/7.0/toolchain/avr8/avr8-gnu-toolchain/bin/../lib/gcc/avr/5.4.0/avr5\libgcc.a(_tablejump2.o)
                0x00001dd4                __tablejump2__
 .text.avr-libc
                0x00001de0       0x12 c:/program files (x86)/atmel/studio/7.0/toolchain/avr8/avr8-gnu-toolchain/bin/../lib/gcc/avr/5.4.0/../../../../avr/lib/avr5\libc.a(strcmp.o)
                0x00001de0                strcmp
                0x00001df2                . = ALIGN (0x2)
 *(.fini9)
 .fini9         0x00001df2        0x0 c:/program files (x86)/atmel/studio/7.0/toolchain/avr8/avr8-gnu-toolchain/bin/../lib/gcc/avr/5.4.0/avr5\libgcc.a(_exit.o)
                0x00001df2                _exit
                0x00001df2                exit
 *(.fini9)
 *(.fini8)
 *(.fini8)
 *(.fini7)
 *(.fini7)
 *(.fini6)
 *(.fini6)
 *(.fini5)
 *(.fini5)
 *(.fini4)
 *(.fini4)
 *(.fini3)
 *(.fini3)
 *(.fini2)
 *(.fini2)
 *(.fini1)
 *(.fini1)
 *(.fini0)
 .fini0         0x00001df2        0x4 c:/program files (x86)/atmel/studio/7.0/toolchain/avr8/avr8-gnu-toolchain/bin/../lib/gcc/avr/5.4.0/avr5\libgcc.a(_exit.o)
 *(.fini0)
                0x00001df6                _etext = .

.data           0x00800100       0xc6 load address 0x00001df6
                0x00800100                PROVIDE (__data_start, .)
 *(.data)
 *(.data*)
 *(.gnu.linkonce.d*)
 *(.rodata)
 *(.rodata*)
 .rodata.str1.1
                0x00800100        0x7 Sketch.o
 .rodata._ZTV14HardwareSerial
                0x00800107       0x12 S:\AtmelStudio\Examples\Linduino\TestBench1\TestBench1\ArduinoCore\Debug\libArduinoCore.a(HardwareSerial.o)
                0x00800107                _ZTV14HardwareSerial
 .rodata.str1.1
                0x00800119        0xf S:\AtmelStudio\Examples\Linduino\TestBench1\TestBench1\ArduinoCore\Debug\libArduinoCore.a(Print.o)
 .rodata.str1.1
                0x00800128       0x9d S:\AtmelStudio\Examples\Linduino\TestBench1\TestBench1\ArduinoCore\Debug\libArduinoCore.a(QuikEval_EEPROM.o)
 *(.gnu.linkonce.r*)
                0x008001c6                . = ALIGN (0x2)
 *fill*         0x008001c5        0x1 
                0x008001c6                _edata = .
                0x008001c6                PROVIDE (__data_end, .)

.bss            0x008001c6      0x106
                0x008001c6                PROVIDE (__bss_start, .)
 *(.bss)
 *(.bss*)
 .bss.Serial    0x008001c6       0x9d S:\AtmelStudio\Examples\Linduino\TestBench1\TestBench1\ArduinoCore\Debug\libArduinoCore.a(HardwareSerial0.o)
                0x008001c6                Serial
 .bss.timer0_fract
                0x00800263        0x1 S:\AtmelStudio\Examples\Linduino\TestBench1\TestBench1\ArduinoCore\Debug\libArduinoCore.a(wiring.o)
 .bss.timer0_millis
                0x00800264        0x4 S:\AtmelStudio\Examples\Linduino\TestBench1\TestBench1\ArduinoCore\Debug\libArduinoCore.a(wiring.o)
                0x00800264                timer0_millis
 .bss.timer0_overflow_count
                0x00800268        0x4 S:\AtmelStudio\Examples\Linduino\TestBench1\TestBench1\ArduinoCore\Debug\libArduinoCore.a(wiring.o)
                0x00800268                timer0_overflow_count
 .bss.demo_board
                0x0080026c       0x1f S:\AtmelStudio\Examples\Linduino\TestBench1\TestBench1\ArduinoCore\Debug\libArduinoCore.a(QuikEval_EEPROM.o)
                0x0080026c                demo_board
 .bss._ZN8SPIClass11initializedE
                0x0080028b        0x1 S:\AtmelStudio\Examples\Linduino\TestBench1\TestBench1\ArduinoCore\Debug\libArduinoCore.a(SPI.o)
                0x0080028b                _ZN8SPIClass11initializedE
 .bss.ui_buffer
                0x0080028c       0x40 S:\AtmelStudio\Examples\Linduino\TestBench1\TestBench1\ArduinoCore\Debug\libArduinoCore.a(UserInterface.o)
                0x0080028c                ui_buffer
 *(COMMON)
                0x008002cc                PROVIDE (__bss_end, .)
                0x00001df6                __data_load_start = LOADADDR (.data)
                0x00001ebc                __data_load_end = (__data_load_start + SIZEOF (.data))

.noinit         0x008002cc        0x0
                [!provide]                PROVIDE (__noinit_start, .)
 *(.noinit*)
                [!provide]                PROVIDE (__noinit_end, .)
                0x008002cc                _end = .
                [!provide]                PROVIDE (__heap_start, .)

.eeprom         0x00810000        0x0
 *(.eeprom*)
                0x00810000                __eeprom_end = .

.fuse
 *(.fuse)
 *(.lfuse)
 *(.hfuse)
 *(.efuse)

.lock
 *(.lock*)

.signature
 *(.signature*)

.user_signatures
 *(.user_signatures*)

.stab
 *(.stab)

.stabstr
 *(.stabstr)

.stab.excl
 *(.stab.excl)

.stab.exclstr
 *(.stab.exclstr)

.stab.index
 *(.stab.index)

.stab.indexstr
 *(.stab.indexstr)

.comment        0x00000000       0x30
 *(.comment)
 .comment       0x00000000       0x30 Sketch.o
                                 0x31 (size before relaxing)
 .comment       0x00000030       0x31 S:\AtmelStudio\Examples\Linduino\TestBench1\TestBench1\ArduinoCore\Debug\libArduinoCore.a(LTC2983_support_functions.o)
 .comment       0x00000030       0x31 S:\AtmelStudio\Examples\Linduino\TestBench1\TestBench1\ArduinoCore\Debug\libArduinoCore.a(HardwareSerial.o)
 .comment       0x00000030       0x31 S:\AtmelStudio\Examples\Linduino\TestBench1\TestBench1\ArduinoCore\Debug\libArduinoCore.a(HardwareSerial0.o)
 .comment       0x00000030       0x31 S:\AtmelStudio\Examples\Linduino\TestBench1\TestBench1\ArduinoCore\Debug\libArduinoCore.a(main.o)
 .comment       0x00000030       0x31 S:\AtmelStudio\Examples\Linduino\TestBench1\TestBench1\ArduinoCore\Debug\libArduinoCore.a(Print.o)
 .comment       0x00000030       0x31 S:\AtmelStudio\Examples\Linduino\TestBench1\TestBench1\ArduinoCore\Debug\libArduinoCore.a(wiring.o)
 .comment       0x00000030       0x31 S:\AtmelStudio\Examples\Linduino\TestBench1\TestBench1\ArduinoCore\Debug\libArduinoCore.a(wiring_digital.o)
 .comment       0x00000030       0x31 S:\AtmelStudio\Examples\Linduino\TestBench1\TestBench1\ArduinoCore\Debug\libArduinoCore.a(LT_I2C.o)
 .comment       0x00000030       0x31 S:\AtmelStudio\Examples\Linduino\TestBench1\TestBench1\ArduinoCore\Debug\libArduinoCore.a(LT_SPI.o)
 .comment       0x00000030       0x31 S:\AtmelStudio\Examples\Linduino\TestBench1\TestBench1\ArduinoCore\Debug\libArduinoCore.a(QuikEval_EEPROM.o)
 .comment       0x00000030       0x31 S:\AtmelStudio\Examples\Linduino\TestBench1\TestBench1\ArduinoCore\Debug\libArduinoCore.a(SPI.o)
 .comment       0x00000030       0x31 S:\AtmelStudio\Examples\Linduino\TestBench1\TestBench1\ArduinoCore\Debug\libArduinoCore.a(UserInterface.o)
 .comment       0x00000030       0x31 S:\AtmelStudio\Examples\Linduino\TestBench1\TestBench1\ArduinoCore\Debug\libArduinoCore.a(hooks.o)

.note.gnu.avr.deviceinfo
                0x00000000       0x40
 .note.gnu.avr.deviceinfo
                0x00000000       0x40 C:/Program Files (x86)/Atmel/Studio/7.0/Packs/Atmel/ATmega_DFP/1.3.300/gcc/dev/atmega328p/avr5/crtatmega328p.o

.note.gnu.build-id
 *(.note.gnu.build-id)

.debug
 *(.debug)

.line
 *(.line)

.debug_srcinfo
 *(.debug_srcinfo)

.debug_sfnames
 *(.debug_sfnames)

.debug_aranges  0x00000000      0x598
 *(.debug_aranges)
 .debug_aranges
                0x00000000       0x38 Sketch.o
 .debug_aranges
                0x00000038       0x98 S:\AtmelStudio\Examples\Linduino\TestBench1\TestBench1\ArduinoCore\Debug\libArduinoCore.a(LTC2983_support_functions.o)
 .debug_aranges
                0x000000d0       0x68 S:\AtmelStudio\Examples\Linduino\TestBench1\TestBench1\ArduinoCore\Debug\libArduinoCore.a(HardwareSerial.o)
 .debug_aranges
                0x00000138       0x48 S:\AtmelStudio\Examples\Linduino\TestBench1\TestBench1\ArduinoCore\Debug\libArduinoCore.a(HardwareSerial0.o)
 .debug_aranges
                0x00000180       0x30 S:\AtmelStudio\Examples\Linduino\TestBench1\TestBench1\ArduinoCore\Debug\libArduinoCore.a(main.o)
 .debug_aranges
                0x000001b0      0x100 S:\AtmelStudio\Examples\Linduino\TestBench1\TestBench1\ArduinoCore\Debug\libArduinoCore.a(Print.o)
 .debug_aranges
                0x000002b0       0x48 S:\AtmelStudio\Examples\Linduino\TestBench1\TestBench1\ArduinoCore\Debug\libArduinoCore.a(wiring.o)
 .debug_aranges
                0x000002f8       0x38 S:\AtmelStudio\Examples\Linduino\TestBench1\TestBench1\ArduinoCore\Debug\libArduinoCore.a(wiring_digital.o)
 .debug_aranges
                0x00000330       0xb8 S:\AtmelStudio\Examples\Linduino\TestBench1\TestBench1\ArduinoCore\Debug\libArduinoCore.a(LT_I2C.o)
 .debug_aranges
                0x000003e8       0x68 S:\AtmelStudio\Examples\Linduino\TestBench1\TestBench1\ArduinoCore\Debug\libArduinoCore.a(LT_SPI.o)
 .debug_aranges
                0x00000450       0xb0 S:\AtmelStudio\Examples\Linduino\TestBench1\TestBench1\ArduinoCore\Debug\libArduinoCore.a(QuikEval_EEPROM.o)
 .debug_aranges
                0x00000500       0x38 S:\AtmelStudio\Examples\Linduino\TestBench1\TestBench1\ArduinoCore\Debug\libArduinoCore.a(SPI.o)
 .debug_aranges
                0x00000538       0x40 S:\AtmelStudio\Examples\Linduino\TestBench1\TestBench1\ArduinoCore\Debug\libArduinoCore.a(UserInterface.o)
 .debug_aranges
                0x00000578       0x20 S:\AtmelStudio\Examples\Linduino\TestBench1\TestBench1\ArduinoCore\Debug\libArduinoCore.a(hooks.o)

.debug_pubnames
 *(.debug_pubnames)

.debug_info     0x00000000     0xc7aa
 *(.debug_info .gnu.linkonce.wi.*)
 .debug_info    0x00000000      0x5f4 C:/Program Files (x86)/Atmel/Studio/7.0/Packs/Atmel/ATmega_DFP/1.3.300/gcc/dev/atmega328p/avr5/crtatmega328p.o
 .debug_info    0x000005f4      0x5d3 Sketch.o
 .debug_info    0x00000bc7     0x10c6 S:\AtmelStudio\Examples\Linduino\TestBench1\TestBench1\ArduinoCore\Debug\libArduinoCore.a(LTC2983_support_functions.o)
 .debug_info    0x00001c8d     0x1f64 S:\AtmelStudio\Examples\Linduino\TestBench1\TestBench1\ArduinoCore\Debug\libArduinoCore.a(HardwareSerial.o)
 .debug_info    0x00003bf1     0x1b16 S:\AtmelStudio\Examples\Linduino\TestBench1\TestBench1\ArduinoCore\Debug\libArduinoCore.a(HardwareSerial0.o)
 .debug_info    0x00005707      0x237 S:\AtmelStudio\Examples\Linduino\TestBench1\TestBench1\ArduinoCore\Debug\libArduinoCore.a(main.o)
 .debug_info    0x0000593e     0x28ff S:\AtmelStudio\Examples\Linduino\TestBench1\TestBench1\ArduinoCore\Debug\libArduinoCore.a(Print.o)
 .debug_info    0x0000823d      0x2cb S:\AtmelStudio\Examples\Linduino\TestBench1\TestBench1\ArduinoCore\Debug\libArduinoCore.a(wiring.o)
 .debug_info    0x00008508      0x5fe S:\AtmelStudio\Examples\Linduino\TestBench1\TestBench1\ArduinoCore\Debug\libArduinoCore.a(wiring_digital.o)
 .debug_info    0x00008b06     0x10e8 S:\AtmelStudio\Examples\Linduino\TestBench1\TestBench1\ArduinoCore\Debug\libArduinoCore.a(LT_I2C.o)
 .debug_info    0x00009bee      0x8c0 S:\AtmelStudio\Examples\Linduino\TestBench1\TestBench1\ArduinoCore\Debug\libArduinoCore.a(LT_SPI.o)
 .debug_info    0x0000a4ae     0x1868 S:\AtmelStudio\Examples\Linduino\TestBench1\TestBench1\ArduinoCore\Debug\libArduinoCore.a(QuikEval_EEPROM.o)
 .debug_info    0x0000bd16      0x66b S:\AtmelStudio\Examples\Linduino\TestBench1\TestBench1\ArduinoCore\Debug\libArduinoCore.a(SPI.o)
 .debug_info    0x0000c381      0x3eb S:\AtmelStudio\Examples\Linduino\TestBench1\TestBench1\ArduinoCore\Debug\libArduinoCore.a(UserInterface.o)
 .debug_info    0x0000c76c       0x3e S:\AtmelStudio\Examples\Linduino\TestBench1\TestBench1\ArduinoCore\Debug\libArduinoCore.a(hooks.o)

.debug_abbrev   0x00000000     0x2b5a
 *(.debug_abbrev)
 .debug_abbrev  0x00000000      0x5a2 C:/Program Files (x86)/Atmel/Studio/7.0/Packs/Atmel/ATmega_DFP/1.3.300/gcc/dev/atmega328p/avr5/crtatmega328p.o
 .debug_abbrev  0x000005a2      0x21d Sketch.o
 .debug_abbrev  0x000007bf      0x416 S:\AtmelStudio\Examples\Linduino\TestBench1\TestBench1\ArduinoCore\Debug\libArduinoCore.a(LTC2983_support_functions.o)
 .debug_abbrev  0x00000bd5      0x4b7 S:\AtmelStudio\Examples\Linduino\TestBench1\TestBench1\ArduinoCore\Debug\libArduinoCore.a(HardwareSerial.o)
 .debug_abbrev  0x0000108c      0x3ce S:\AtmelStudio\Examples\Linduino\TestBench1\TestBench1\ArduinoCore\Debug\libArduinoCore.a(HardwareSerial0.o)
 .debug_abbrev  0x0000145a      0x12d S:\AtmelStudio\Examples\Linduino\TestBench1\TestBench1\ArduinoCore\Debug\libArduinoCore.a(main.o)
 .debug_abbrev  0x00001587      0x47a S:\AtmelStudio\Examples\Linduino\TestBench1\TestBench1\ArduinoCore\Debug\libArduinoCore.a(Print.o)
 .debug_abbrev  0x00001a01      0x146 S:\AtmelStudio\Examples\Linduino\TestBench1\TestBench1\ArduinoCore\Debug\libArduinoCore.a(wiring.o)
 .debug_abbrev  0x00001b47      0x15b S:\AtmelStudio\Examples\Linduino\TestBench1\TestBench1\ArduinoCore\Debug\libArduinoCore.a(wiring_digital.o)
 .debug_abbrev  0x00001ca2      0x355 S:\AtmelStudio\Examples\Linduino\TestBench1\TestBench1\ArduinoCore\Debug\libArduinoCore.a(LT_I2C.o)
 .debug_abbrev  0x00001ff7      0x31a S:\AtmelStudio\Examples\Linduino\TestBench1\TestBench1\ArduinoCore\Debug\libArduinoCore.a(LT_SPI.o)
 .debug_abbrev  0x00002311      0x3ae S:\AtmelStudio\Examples\Linduino\TestBench1\TestBench1\ArduinoCore\Debug\libArduinoCore.a(QuikEval_EEPROM.o)
 .debug_abbrev  0x000026bf      0x283 S:\AtmelStudio\Examples\Linduino\TestBench1\TestBench1\ArduinoCore\Debug\libArduinoCore.a(SPI.o)
 .debug_abbrev  0x00002942      0x1ee S:\AtmelStudio\Examples\Linduino\TestBench1\TestBench1\ArduinoCore\Debug\libArduinoCore.a(UserInterface.o)
 .debug_abbrev  0x00002b30       0x2a S:\AtmelStudio\Examples\Linduino\TestBench1\TestBench1\ArduinoCore\Debug\libArduinoCore.a(hooks.o)

.debug_line     0x00000000     0x3854
 *(.debug_line .debug_line.* .debug_line_end)
 .debug_line    0x00000000      0x133 C:/Program Files (x86)/Atmel/Studio/7.0/Packs/Atmel/ATmega_DFP/1.3.300/gcc/dev/atmega328p/avr5/crtatmega328p.o
 .debug_line    0x00000133      0x356 Sketch.o
 .debug_line    0x00000489      0x679 S:\AtmelStudio\Examples\Linduino\TestBench1\TestBench1\ArduinoCore\Debug\libArduinoCore.a(LTC2983_support_functions.o)
 .debug_line    0x00000b02      0x4c4 S:\AtmelStudio\Examples\Linduino\TestBench1\TestBench1\ArduinoCore\Debug\libArduinoCore.a(HardwareSerial.o)
 .debug_line    0x00000fc6      0x28c S:\AtmelStudio\Examples\Linduino\TestBench1\TestBench1\ArduinoCore\Debug\libArduinoCore.a(HardwareSerial0.o)
 .debug_line    0x00001252      0x165 S:\AtmelStudio\Examples\Linduino\TestBench1\TestBench1\ArduinoCore\Debug\libArduinoCore.a(main.o)
 .debug_line    0x000013b7      0x685 S:\AtmelStudio\Examples\Linduino\TestBench1\TestBench1\ArduinoCore\Debug\libArduinoCore.a(Print.o)
 .debug_line    0x00001a3c      0x299 S:\AtmelStudio\Examples\Linduino\TestBench1\TestBench1\ArduinoCore\Debug\libArduinoCore.a(wiring.o)
 .debug_line    0x00001cd5      0x252 S:\AtmelStudio\Examples\Linduino\TestBench1\TestBench1\ArduinoCore\Debug\libArduinoCore.a(wiring_digital.o)
 .debug_line    0x00001f27      0x6d2 S:\AtmelStudio\Examples\Linduino\TestBench1\TestBench1\ArduinoCore\Debug\libArduinoCore.a(LT_I2C.o)
 .debug_line    0x000025f9      0x342 S:\AtmelStudio\Examples\Linduino\TestBench1\TestBench1\ArduinoCore\Debug\libArduinoCore.a(LT_SPI.o)
 .debug_line    0x0000293b      0x944 S:\AtmelStudio\Examples\Linduino\TestBench1\TestBench1\ArduinoCore\Debug\libArduinoCore.a(QuikEval_EEPROM.o)
 .debug_line    0x0000327f      0x2e3 S:\AtmelStudio\Examples\Linduino\TestBench1\TestBench1\ArduinoCore\Debug\libArduinoCore.a(SPI.o)
 .debug_line    0x00003562      0x2b1 S:\AtmelStudio\Examples\Linduino\TestBench1\TestBench1\ArduinoCore\Debug\libArduinoCore.a(UserInterface.o)
 .debug_line    0x00003813       0x41 S:\AtmelStudio\Examples\Linduino\TestBench1\TestBench1\ArduinoCore\Debug\libArduinoCore.a(hooks.o)

.debug_frame    0x00000000     0x11bc
 *(.debug_frame)
 .debug_frame   0x00000000       0x64 Sketch.o
 .debug_frame   0x00000064      0x23c S:\AtmelStudio\Examples\Linduino\TestBench1\TestBench1\ArduinoCore\Debug\libArduinoCore.a(LTC2983_support_functions.o)
 .debug_frame   0x000002a0      0x110 S:\AtmelStudio\Examples\Linduino\TestBench1\TestBench1\ArduinoCore\Debug\libArduinoCore.a(HardwareSerial.o)
 .debug_frame   0x000003b0       0xe0 S:\AtmelStudio\Examples\Linduino\TestBench1\TestBench1\ArduinoCore\Debug\libArduinoCore.a(HardwareSerial0.o)
 .debug_frame   0x00000490       0x54 S:\AtmelStudio\Examples\Linduino\TestBench1\TestBench1\ArduinoCore\Debug\libArduinoCore.a(main.o)
 .debug_frame   0x000004e4      0x3ac S:\AtmelStudio\Examples\Linduino\TestBench1\TestBench1\ArduinoCore\Debug\libArduinoCore.a(Print.o)
 .debug_frame   0x00000890       0xc4 S:\AtmelStudio\Examples\Linduino\TestBench1\TestBench1\ArduinoCore\Debug\libArduinoCore.a(wiring.o)
 .debug_frame   0x00000954       0x7c S:\AtmelStudio\Examples\Linduino\TestBench1\TestBench1\ArduinoCore\Debug\libArduinoCore.a(wiring_digital.o)
 .debug_frame   0x000009d0      0x254 S:\AtmelStudio\Examples\Linduino\TestBench1\TestBench1\ArduinoCore\Debug\libArduinoCore.a(LT_I2C.o)
 .debug_frame   0x00000c24      0x114 S:\AtmelStudio\Examples\Linduino\TestBench1\TestBench1\ArduinoCore\Debug\libArduinoCore.a(LT_SPI.o)
 .debug_frame   0x00000d38      0x398 S:\AtmelStudio\Examples\Linduino\TestBench1\TestBench1\ArduinoCore\Debug\libArduinoCore.a(QuikEval_EEPROM.o)
 .debug_frame   0x000010d0       0x5c S:\AtmelStudio\Examples\Linduino\TestBench1\TestBench1\ArduinoCore\Debug\libArduinoCore.a(SPI.o)
 .debug_frame   0x0000112c       0x6c S:\AtmelStudio\Examples\Linduino\TestBench1\TestBench1\ArduinoCore\Debug\libArduinoCore.a(UserInterface.o)
 .debug_frame   0x00001198       0x24 S:\AtmelStudio\Examples\Linduino\TestBench1\TestBench1\ArduinoCore\Debug\libArduinoCore.a(hooks.o)

.debug_str      0x00000000     0x3162
 *(.debug_str)
 .debug_str     0x00000000      0x208 C:/Program Files (x86)/Atmel/Studio/7.0/Packs/Atmel/ATmega_DFP/1.3.300/gcc/dev/atmega328p/avr5/crtatmega328p.o
 .debug_str     0x00000208      0x45f Sketch.o
                                0x4cb (size before relaxing)
 .debug_str     0x00000667      0x7bc S:\AtmelStudio\Examples\Linduino\TestBench1\TestBench1\ArduinoCore\Debug\libArduinoCore.a(LTC2983_support_functions.o)
                                0xb15 (size before relaxing)
 .debug_str     0x00000e23     0x12be S:\AtmelStudio\Examples\Linduino\TestBench1\TestBench1\ArduinoCore\Debug\libArduinoCore.a(HardwareSerial.o)
                               0x1609 (size before relaxing)
 .debug_str     0x000020e1       0xca S:\AtmelStudio\Examples\Linduino\TestBench1\TestBench1\ArduinoCore\Debug\libArduinoCore.a(HardwareSerial0.o)
                               0x13fc (size before relaxing)
 .debug_str     0x000021ab       0x37 S:\AtmelStudio\Examples\Linduino\TestBench1\TestBench1\ArduinoCore\Debug\libArduinoCore.a(main.o)
                                0x2a8 (size before relaxing)
 .debug_str     0x000021e2      0x360 S:\AtmelStudio\Examples\Linduino\TestBench1\TestBench1\ArduinoCore\Debug\libArduinoCore.a(Print.o)
                               0x1236 (size before relaxing)
 .debug_str     0x00002542      0x153 S:\AtmelStudio\Examples\Linduino\TestBench1\TestBench1\ArduinoCore\Debug\libArduinoCore.a(wiring.o)
                                0x23e (size before relaxing)
 .debug_str     0x00002695       0xc7 S:\AtmelStudio\Examples\Linduino\TestBench1\TestBench1\ArduinoCore\Debug\libArduinoCore.a(wiring_digital.o)
                                0x2a3 (size before relaxing)
 .debug_str     0x0000275c      0x33c S:\AtmelStudio\Examples\Linduino\TestBench1\TestBench1\ArduinoCore\Debug\libArduinoCore.a(LT_I2C.o)
                                0x615 (size before relaxing)
 .debug_str     0x00002a98      0x113 S:\AtmelStudio\Examples\Linduino\TestBench1\TestBench1\ArduinoCore\Debug\libArduinoCore.a(LT_SPI.o)
                                0x753 (size before relaxing)
 .debug_str     0x00002bab      0x44c S:\AtmelStudio\Examples\Linduino\TestBench1\TestBench1\ArduinoCore\Debug\libArduinoCore.a(QuikEval_EEPROM.o)
                                0x8ae (size before relaxing)
 .debug_str     0x00002ff7       0xa9 S:\AtmelStudio\Examples\Linduino\TestBench1\TestBench1\ArduinoCore\Debug\libArduinoCore.a(SPI.o)
                                0x6a1 (size before relaxing)
 .debug_str     0x000030a0       0xa6 S:\AtmelStudio\Examples\Linduino\TestBench1\TestBench1\ArduinoCore\Debug\libArduinoCore.a(UserInterface.o)
                                0x3aa (size before relaxing)
 .debug_str     0x00003146       0x1c S:\AtmelStudio\Examples\Linduino\TestBench1\TestBench1\ArduinoCore\Debug\libArduinoCore.a(hooks.o)
                                0x133 (size before relaxing)

.debug_loc      0x00000000     0x6b57
 *(.debug_loc)
 .debug_loc     0x00000000       0xc6 Sketch.o
 .debug_loc     0x000000c6      0xc9e S:\AtmelStudio\Examples\Linduino\TestBench1\TestBench1\ArduinoCore\Debug\libArduinoCore.a(LTC2983_support_functions.o)
 .debug_loc     0x00000d64      0x4dc S:\AtmelStudio\Examples\Linduino\TestBench1\TestBench1\ArduinoCore\Debug\libArduinoCore.a(HardwareSerial.o)
 .debug_loc     0x00001240      0x1b0 S:\AtmelStudio\Examples\Linduino\TestBench1\TestBench1\ArduinoCore\Debug\libArduinoCore.a(HardwareSerial0.o)
 .debug_loc     0x000013f0     0x1c87 S:\AtmelStudio\Examples\Linduino\TestBench1\TestBench1\ArduinoCore\Debug\libArduinoCore.a(Print.o)
 .debug_loc     0x00003077      0x28d S:\AtmelStudio\Examples\Linduino\TestBench1\TestBench1\ArduinoCore\Debug\libArduinoCore.a(wiring.o)
 .debug_loc     0x00003304      0x5fc S:\AtmelStudio\Examples\Linduino\TestBench1\TestBench1\ArduinoCore\Debug\libArduinoCore.a(wiring_digital.o)
 .debug_loc     0x00003900     0x11fd S:\AtmelStudio\Examples\Linduino\TestBench1\TestBench1\ArduinoCore\Debug\libArduinoCore.a(LT_I2C.o)
 .debug_loc     0x00004afd      0x3f7 S:\AtmelStudio\Examples\Linduino\TestBench1\TestBench1\ArduinoCore\Debug\libArduinoCore.a(LT_SPI.o)
 .debug_loc     0x00004ef4     0x1a03 S:\AtmelStudio\Examples\Linduino\TestBench1\TestBench1\ArduinoCore\Debug\libArduinoCore.a(QuikEval_EEPROM.o)
 .debug_loc     0x000068f7      0x1e4 S:\AtmelStudio\Examples\Linduino\TestBench1\TestBench1\ArduinoCore\Debug\libArduinoCore.a(SPI.o)
 .debug_loc     0x00006adb       0x7c S:\AtmelStudio\Examples\Linduino\TestBench1\TestBench1\ArduinoCore\Debug\libArduinoCore.a(UserInterface.o)

.debug_macinfo
 *(.debug_macinfo)

.debug_weaknames
 *(.debug_weaknames)

.debug_funcnames
 *(.debug_funcnames)

.debug_typenames
 *(.debug_typenames)

.debug_varnames
 *(.debug_varnames)

.debug_pubtypes
 *(.debug_pubtypes)

.debug_ranges   0x00000000      0x4e8
 *(.debug_ranges)
 .debug_ranges  0x00000000       0x28 Sketch.o
 .debug_ranges  0x00000028       0x88 S:\AtmelStudio\Examples\Linduino\TestBench1\TestBench1\ArduinoCore\Debug\libArduinoCore.a(LTC2983_support_functions.o)
 .debug_ranges  0x000000b0       0x58 S:\AtmelStudio\Examples\Linduino\TestBench1\TestBench1\ArduinoCore\Debug\libArduinoCore.a(HardwareSerial.o)
 .debug_ranges  0x00000108       0x38 S:\AtmelStudio\Examples\Linduino\TestBench1\TestBench1\ArduinoCore\Debug\libArduinoCore.a(HardwareSerial0.o)
 .debug_ranges  0x00000140       0x20 S:\AtmelStudio\Examples\Linduino\TestBench1\TestBench1\ArduinoCore\Debug\libArduinoCore.a(main.o)
 .debug_ranges  0x00000160      0x120 S:\AtmelStudio\Examples\Linduino\TestBench1\TestBench1\ArduinoCore\Debug\libArduinoCore.a(Print.o)
 .debug_ranges  0x00000280       0x38 S:\AtmelStudio\Examples\Linduino\TestBench1\TestBench1\ArduinoCore\Debug\libArduinoCore.a(wiring.o)
 .debug_ranges  0x000002b8       0x28 S:\AtmelStudio\Examples\Linduino\TestBench1\TestBench1\ArduinoCore\Debug\libArduinoCore.a(wiring_digital.o)
 .debug_ranges  0x000002e0       0xa8 S:\AtmelStudio\Examples\Linduino\TestBench1\TestBench1\ArduinoCore\Debug\libArduinoCore.a(LT_I2C.o)
 .debug_ranges  0x00000388       0x58 S:\AtmelStudio\Examples\Linduino\TestBench1\TestBench1\ArduinoCore\Debug\libArduinoCore.a(LT_SPI.o)
 .debug_ranges  0x000003e0       0xa0 S:\AtmelStudio\Examples\Linduino\TestBench1\TestBench1\ArduinoCore\Debug\libArduinoCore.a(QuikEval_EEPROM.o)
 .debug_ranges  0x00000480       0x28 S:\AtmelStudio\Examples\Linduino\TestBench1\TestBench1\ArduinoCore\Debug\libArduinoCore.a(SPI.o)
 .debug_ranges  0x000004a8       0x30 S:\AtmelStudio\Examples\Linduino\TestBench1\TestBench1\ArduinoCore\Debug\libArduinoCore.a(UserInterface.o)
 .debug_ranges  0x000004d8       0x10 S:\AtmelStudio\Examples\Linduino\TestBench1\TestBench1\ArduinoCore\Debug\libArduinoCore.a(hooks.o)

.debug_macro
 *(.debug_macro)
OUTPUT(LTC2983.elf elf32-avr)
LOAD linker stubs
