Archive member included to satisfy reference by file (symbol)

C:\Users\GMateusDP\OneDrive - hs2 engineering GmbH\AtmelStudio\FlashMemory\Debug\libFlashMemory.a(coreSystemTimer.o)
                              main.o (coreSystemTimerWait)
C:\Users\GMateusDP\OneDrive - hs2 engineering GmbH\AtmelStudio\FlashMemory\Debug\libFlashMemory.a(flashMemoryCortexModule.o)
                              main.o (initDriverFlashing)
C:\Users\GMateusDP\OneDrive - hs2 engineering GmbH\AtmelStudio\FlashMemory\Debug\libFlashMemory.a(coreController.o)
                              C:\Users\GMateusDP\OneDrive - hs2 engineering GmbH\AtmelStudio\FlashMemory\Debug\libFlashMemory.a(flashMemoryCortexModule.o) (coreControllerInitialize)
C:\Users\GMateusDP\OneDrive - hs2 engineering GmbH\AtmelStudio\FlashMemory\Debug\libFlashMemory.a(corePorts.o)
                              C:\Users\GMateusDP\OneDrive - hs2 engineering GmbH\AtmelStudio\FlashMemory\Debug\libFlashMemory.a(flashMemoryCortexModule.o) (corePortsInitialize)
C:\Users\GMateusDP\OneDrive - hs2 engineering GmbH\AtmelStudio\FlashMemory\Debug\libFlashMemory.a(coreSPI.o)
                              C:\Users\GMateusDP\OneDrive - hs2 engineering GmbH\AtmelStudio\FlashMemory\Debug\libFlashMemory.a(flashMemoryCortexModule.o) (flashOpen)
c:/program files (x86)/atmel/studio/7.0/toolchain/arm/arm-gnu-toolchain/bin/../lib/gcc/arm-none-eabi/6.3.1/thumb/v6-m\libgcc.a(_udivsi3.o)
                              C:\Users\GMateusDP\OneDrive - hs2 engineering GmbH\AtmelStudio\FlashMemory\Debug\libFlashMemory.a(coreSPI.o) (__aeabi_uidiv)
c:/program files (x86)/atmel/studio/7.0/toolchain/arm/arm-gnu-toolchain/bin/../lib/gcc/arm-none-eabi/6.3.1/thumb/v6-m\libgcc.a(_dvmd_tls.o)
                              c:/program files (x86)/atmel/studio/7.0/toolchain/arm/arm-gnu-toolchain/bin/../lib/gcc/arm-none-eabi/6.3.1/thumb/v6-m\libgcc.a(_udivsi3.o) (__aeabi_idiv0)
c:/program files (x86)/atmel/studio/7.0/toolchain/arm/arm-gnu-toolchain/bin/../lib/gcc/arm-none-eabi/6.3.1/../../../../arm-none-eabi/lib/thumb/v6-m\libc.a(lib_a-exit.o)
                              c:/program files (x86)/atmel/studio/7.0/toolchain/arm/arm-gnu-toolchain/bin/../lib/gcc/arm-none-eabi/6.3.1/../../../../arm-none-eabi/lib/thumb/v6-m/crt0.o (exit)
c:/program files (x86)/atmel/studio/7.0/toolchain/arm/arm-gnu-toolchain/bin/../lib/gcc/arm-none-eabi/6.3.1/../../../../arm-none-eabi/lib/thumb/v6-m\libc.a(lib_a-impure.o)
                              c:/program files (x86)/atmel/studio/7.0/toolchain/arm/arm-gnu-toolchain/bin/../lib/gcc/arm-none-eabi/6.3.1/../../../../arm-none-eabi/lib/thumb/v6-m\libc.a(lib_a-exit.o) (_global_impure_ptr)
c:/program files (x86)/atmel/studio/7.0/toolchain/arm/arm-gnu-toolchain/bin/../lib/gcc/arm-none-eabi/6.3.1/../../../../arm-none-eabi/lib/thumb/v6-m\libc.a(lib_a-init.o)
                              c:/program files (x86)/atmel/studio/7.0/toolchain/arm/arm-gnu-toolchain/bin/../lib/gcc/arm-none-eabi/6.3.1/../../../../arm-none-eabi/lib/thumb/v6-m/crt0.o (__libc_init_array)
c:/program files (x86)/atmel/studio/7.0/toolchain/arm/arm-gnu-toolchain/bin/../lib/gcc/arm-none-eabi/6.3.1/../../../../arm-none-eabi/lib/thumb/v6-m\libc.a(lib_a-memcpy-stub.o)
                              main.o (memcpy)
c:/program files (x86)/atmel/studio/7.0/toolchain/arm/arm-gnu-toolchain/bin/../lib/gcc/arm-none-eabi/6.3.1/../../../../arm-none-eabi/lib/thumb/v6-m\libc.a(lib_a-memset.o)
                              c:/program files (x86)/atmel/studio/7.0/toolchain/arm/arm-gnu-toolchain/bin/../lib/gcc/arm-none-eabi/6.3.1/../../../../arm-none-eabi/lib/thumb/v6-m/crt0.o (memset)
c:/program files (x86)/atmel/studio/7.0/toolchain/arm/arm-gnu-toolchain/bin/../lib/gcc/arm-none-eabi/6.3.1/../../../../arm-none-eabi/lib/thumb/v6-m\libc.a(lib_a-__call_atexit.o)
                              c:/program files (x86)/atmel/studio/7.0/toolchain/arm/arm-gnu-toolchain/bin/../lib/gcc/arm-none-eabi/6.3.1/../../../../arm-none-eabi/lib/thumb/v6-m\libc.a(lib_a-exit.o) (__call_exitprocs)
c:/program files (x86)/atmel/studio/7.0/toolchain/arm/arm-gnu-toolchain/bin/../lib/gcc/arm-none-eabi/6.3.1/../../../../arm-none-eabi/lib/thumb/v6-m\libc.a(lib_a-atexit.o)
                              c:/program files (x86)/atmel/studio/7.0/toolchain/arm/arm-gnu-toolchain/bin/../lib/gcc/arm-none-eabi/6.3.1/../../../../arm-none-eabi/lib/thumb/v6-m\libc.a(lib_a-__call_atexit.o) (atexit)
c:/program files (x86)/atmel/studio/7.0/toolchain/arm/arm-gnu-toolchain/bin/../lib/gcc/arm-none-eabi/6.3.1/../../../../arm-none-eabi/lib/thumb/v6-m\libc.a(lib_a-fini.o)
                              c:/program files (x86)/atmel/studio/7.0/toolchain/arm/arm-gnu-toolchain/bin/../lib/gcc/arm-none-eabi/6.3.1/../../../../arm-none-eabi/lib/thumb/v6-m\libc.a(lib_a-__call_atexit.o) (__libc_fini_array)
c:/program files (x86)/atmel/studio/7.0/toolchain/arm/arm-gnu-toolchain/bin/../lib/gcc/arm-none-eabi/6.3.1/../../../../arm-none-eabi/lib/thumb/v6-m\libc.a(lib_a-lock.o)
[...]
Memory Configuration

Name             Origin             Length             Attributes
rom              0x00000000         0x00040000         xr
ram              0x20000000         0x00008000         xrw
*default*        0x00000000         0xffffffff

Linker script and memory map

LOAD c:/program files (x86)/atmel/studio/7.0/toolchain/arm/arm-gnu-toolchain/bin/../lib/gcc/arm-none-eabi/6.3.1/thumb/v6-m/crti.o
LOAD c:/program files (x86)/atmel/studio/7.0/toolchain/arm/arm-gnu-toolchain/bin/../lib/gcc/arm-none-eabi/6.3.1/thumb/v6-m/crtbegin.o
LOAD c:/program files (x86)/atmel/studio/7.0/toolchain/arm/arm-gnu-toolchain/bin/../lib/gcc/arm-none-eabi/6.3.1/../../../../arm-none-eabi/lib/thumb/v6-m/crt0.o
LOAD Device_Startup/startup_samd21.o
LOAD Device_Startup/system_samd21.o
LOAD main.o
START GROUP
LOAD C:\Users\GMateusDP\OneDrive - hs2 engineering GmbH\AtmelStudio\FlashMemory\Debug\libFlashMemory.a
LOAD C:\Users\GMateusDP\OneDrive - hs2 engineering GmbH\AtmelStudio\LedStatus\LedStatus\Debug\libLedStatus.a
END GROUP
LOAD c:/program files (x86)/atmel/studio/7.0/toolchain/arm/arm-gnu-toolchain/bin/../lib/gcc/arm-none-eabi/6.3.1/../../../../arm-none-eabi/lib/thumb/v6-m\libstdc++.a
LOAD c:/program files (x86)/atmel/studio/7.0/toolchain/arm/arm-gnu-toolchain/bin/../lib/gcc/arm-none-eabi/6.3.1/../../../../arm-none-eabi/lib/thumb/v6-m\libm.a
START GROUP
LOAD c:/program files (x86)/atmel/studio/7.0/toolchain/arm/arm-gnu-toolchain/bin/../lib/gcc/arm-none-eabi/6.3.1/thumb/v6-m\libgcc.a
LOAD c:/program files (x86)/atmel/studio/7.0/toolchain/arm/arm-gnu-toolchain/bin/../lib/gcc/arm-none-eabi/6.3.1/../../../../arm-none-eabi/lib/thumb/v6-m\libc.a
END GROUP
LOAD c:/program files (x86)/atmel/studio/7.0/toolchain/arm/arm-gnu-toolchain/bin/../lib/gcc/arm-none-eabi/6.3.1/thumb/v6-m/crtend.o
LOAD c:/program files (x86)/atmel/studio/7.0/toolchain/arm/arm-gnu-toolchain/bin/../lib/gcc/arm-none-eabi/6.3.1/thumb/v6-m/crtn.o
                0x00002000                STACK_SIZE = DEFINED (STACK_SIZE)?STACK_SIZE:DEFINED (__stack_size__)?__stack_size__:0x2000

.text           0x00000000     0x1ac8
                0x00000000                . = ALIGN (0x4)
                0x00000000                _sfixed = .
 *(.vectors .vectors.*)
 .vectors       0x00000000       0xb4 Device_Startup/startup_samd21.o
                0x00000000                exception_table
 *(.text .text.* .gnu.linkonce.t.*)
 .text          0x000000b4       0x60 c:/program files (x86)/atmel/studio/7.0/toolchain/arm/arm-gnu-toolchain/bin/../lib/gcc/arm-none-eabi/6.3.1/thumb/v6-m/crtbegin.o
 .text.Dummy_Handler
                0x00000114        0x2 Device_Startup/startup_samd21.o
                0x00000114                SVCall_Handler
                0x00000114                DMAC_Handler
                0x00000114                HardFault_Handler
                0x00000114                AC_Handler
                0x00000114                SysTick_Handler
                0x00000114                PendSV_Handler
                0x00000114                TC7_Handler
                0x00000114                SERCOM1_Handler
                0x00000114                ADC_Handler
                0x00000114                NonMaskableInt_Handler
                0x00000114                TCC1_Handler
                0x00000114                SERCOM2_Handler
                0x00000114                TCC0_Handler
                0x00000114                RTC_Handler
                0x00000114                EIC_Handler
                0x00000114                TC6_Handler
                0x00000114                WDT_Handler
                0x00000114                TC4_Handler
                0x00000114                USB_Handler
                0x00000114                Dummy_Handler
                0x00000114                PM_Handler
                0x00000114                SERCOM5_Handler
                0x00000114                TCC2_Handler
                0x00000114                EVSYS_Handler
                0x00000114                SERCOM3_Handler
                0x00000114                SERCOM4_Handler
                0x00000114                I2S_Handler
                0x00000114                NVMCTRL_Handler
                0x00000114                DAC_Handler
                0x00000114                PTC_Handler
                0x00000114                TC5_Handler
                0x00000114                SYSCTRL_Handler
 *fill*         0x00000116        0x2 
 .text.Reset_Handler
                0x00000118       0xe4 Device_Startup/startup_samd21.o
                0x00000118                Reset_Handler
 .text.SystemInit
                0x000001fc       0x10 Device_Startup/system_samd21.o
                0x000001fc                SystemInit
 .text.main     0x0000020c       0x60 main.o
                0x0000020c                main
 .text.__NVIC_EnableIRQ
                0x0000026c       0x34 C:\Users\GMateusDP\OneDrive - hs2 engineering GmbH\AtmelStudio\FlashMemory\Debug\libFlashMemory.a(coreSystemTimer.o)
 .text.__NVIC_ClearPendingIRQ
                0x000002a0       0x38 C:\Users\GMateusDP\OneDrive - hs2 engineering GmbH\AtmelStudio\FlashMemory\Debug\libFlashMemory.a(coreSystemTimer.o)
 .text.TC3_Handler
                0x000002d8      0x1a8 C:\Users\GMateusDP\OneDrive - hs2 engineering GmbH\AtmelStudio\FlashMemory\Debug\libFlashMemory.a(coreSystemTimer.o)
                0x000002d8                TC3_Handler
 .text.coreSystemTimerInitialize
                0x00000480       0x7c C:\Users\GMateusDP\OneDrive - hs2 engineering GmbH\AtmelStudio\FlashMemory\Debug\libFlashMemory.a(coreSystemTimer.o)
                0x00000480                coreSystemTimerInitialize
 .text.coreSystemTimerOpen
                0x000004fc       0x68 C:\Users\GMateusDP\OneDrive - hs2 engineering GmbH\AtmelStudio\FlashMemory\Debug\libFlashMemory.a(coreSystemTimer.o)
                0x000004fc                coreSystemTimerOpen
 .text.coreSystemTimerWait
                0x00000564       0x3c C:\Users\GMateusDP\OneDrive - hs2 engineering GmbH\AtmelStudio\FlashMemory\Debug\libFlashMemory.a(coreSystemTimer.o)
                0x00000564                coreSystemTimerWait
 .text.initDriverFlashing
                0x000005a0       0x48 C:\Users\GMateusDP\OneDrive - hs2 engineering GmbH\AtmelStudio\FlashMemory\Debug\libFlashMemory.a(flashMemoryCortexModule.o)
                0x000005a0                initDriverFlashing
 .text.initializeConfigurationData
                0x000005e8       0x1c C:\Users\GMateusDP\OneDrive - hs2 engineering GmbH\AtmelStudio\FlashMemory\Debug\libFlashMemory.a(flashMemoryCortexModule.o)
                0x000005e8                initializeConfigurationData
 .text.flushConfigurationData
                0x00000604       0x9c C:\Users\GMateusDP\OneDrive - hs2 engineering GmbH\AtmelStudio\FlashMemory\Debug\libFlashMemory.a(flashMemoryCortexModule.o)
                0x00000604                flushConfigurationData
 .text.readConfigurationData
                0x000006a0       0xac C:\Users\GMateusDP\OneDrive - hs2 engineering GmbH\AtmelStudio\FlashMemory\Debug\libFlashMemory.a(flashMemoryCortexModule.o)
                0x000006a0                readConfigurationData
 .text.coreCalculateCRC32
                0x0000074c       0x8c C:\Users\GMateusDP\OneDrive - hs2 engineering GmbH\AtmelStudio\FlashMemory\Debug\libFlashMemory.a(flashMemoryCortexModule.o)
                0x0000074c                coreCalculateCRC32
 .text.coreControllerSetupClocks
                0x000007d8      0x12c C:\Users\GMateusDP\OneDrive - hs2 engineering GmbH\AtmelStudio\FlashMemory\Debug\libFlashMemory.a(coreController.o)
                0x000007d8                coreControllerSetupClocks
 .text.coreControllerInitialize
                0x00000904       0x1c C:\Users\GMateusDP\OneDrive - hs2 engineering GmbH\AtmelStudio\FlashMemory\Debug\libFlashMemory.a(coreController.o)
                0x00000904                coreControllerInitialize
 .text.corePortsInitialize
                0x00000920      0x19c C:\Users\GMateusDP\OneDrive - hs2 engineering GmbH\AtmelStudio\FlashMemory\Debug\libFlashMemory.a(corePorts.o)
                0x00000920                corePortsInitialize
 .text.__NVIC_EnableIRQ
                0x00000abc       0x34 C:\Users\GMateusDP\OneDrive - hs2 engineering GmbH\AtmelStudio\FlashMemory\Debug\libFlashMemory.a(coreSPI.o)
 .text.__NVIC_DisableIRQ
                0x00000af0       0x40 C:\Users\GMateusDP\OneDrive - hs2 engineering GmbH\AtmelStudio\FlashMemory\Debug\libFlashMemory.a(coreSPI.o)
 .text.__NVIC_ClearPendingIRQ
                0x00000b30       0x38 C:\Users\GMateusDP\OneDrive - hs2 engineering GmbH\AtmelStudio\FlashMemory\Debug\libFlashMemory.a(coreSPI.o)
 .text.CE_Low_Flash
                0x00000b68       0x18 C:\Users\GMateusDP\OneDrive - hs2 engineering GmbH\AtmelStudio\FlashMemory\Debug\libFlashMemory.a(coreSPI.o)
                0x00000b68                CE_Low_Flash
 .text.CE_High_Flash
                0x00000b80       0x18 C:\Users\GMateusDP\OneDrive - hs2 engineering GmbH\AtmelStudio\FlashMemory\Debug\libFlashMemory.a(coreSPI.o)
                0x00000b80                CE_High_Flash
 .text.Send_Byte
                0x00000b98       0x24 C:\Users\GMateusDP\OneDrive - hs2 engineering GmbH\AtmelStudio\FlashMemory\Debug\libFlashMemory.a(coreSPI.o)
                0x00000b98                Send_Byte
 .text.Get_Byte
                0x00000bbc       0x24 C:\Users\GMateusDP\OneDrive - hs2 engineering GmbH\AtmelStudio\FlashMemory\Debug\libFlashMemory.a(coreSPI.o)
                0x00000bbc                Get_Byte
 .text.WREN     0x00000be0       0x24 C:\Users\GMateusDP\OneDrive - hs2 engineering GmbH\AtmelStudio\FlashMemory\Debug\libFlashMemory.a(coreSPI.o)
                0x00000be0                WREN
 .text.WRDI     0x00000c04       0x24 C:\Users\GMateusDP\OneDrive - hs2 engineering GmbH\AtmelStudio\FlashMemory\Debug\libFlashMemory.a(coreSPI.o)
                0x00000c04                WRDI
 .text.ReadStatusRegister
                0x00000c28       0x40 C:\Users\GMateusDP\OneDrive - hs2 engineering GmbH\AtmelStudio\FlashMemory\Debug\libFlashMemory.a(coreSPI.o)
                0x00000c28                ReadStatusRegister
 .text.Sector_Erase
                0x00000c68       0x4c C:\Users\GMateusDP\OneDrive - hs2 engineering GmbH\AtmelStudio\FlashMemory\Debug\libFlashMemory.a(coreSPI.o)
                0x00000c68                Sector_Erase
 .text.WaitBusy
                0x00000cb4       0x34 C:\Users\GMateusDP\OneDrive - hs2 engineering GmbH\AtmelStudio\FlashMemory\Debug\libFlashMemory.a(coreSPI.o)
                0x00000cb4                WaitBusy
 .text.flashOpen
                0x00000ce8       0x14 C:\Users\GMateusDP\OneDrive - hs2 engineering GmbH\AtmelStudio\FlashMemory\Debug\libFlashMemory.a(coreSPI.o)
                0x00000ce8                flashOpen
 .text.flashClose
                0x00000cfc       0x14 C:\Users\GMateusDP\OneDrive - hs2 engineering GmbH\AtmelStudio\FlashMemory\Debug\libFlashMemory.a(coreSPI.o)
                0x00000cfc                flashClose
 .text.readFlash
                0x00000d10       0x64 C:\Users\GMateusDP\OneDrive - hs2 engineering GmbH\AtmelStudio\FlashMemory\Debug\libFlashMemory.a(coreSPI.o)
                0x00000d10                readFlash
 .text.writeFlash
                0x00000d74       0xc0 C:\Users\GMateusDP\OneDrive - hs2 engineering GmbH\AtmelStudio\FlashMemory\Debug\libFlashMemory.a(coreSPI.o)
                0x00000d74                writeFlash
 .text.eraseFlash
                0x00000e34       0x78 C:\Users\GMateusDP\OneDrive - hs2 engineering GmbH\AtmelStudio\FlashMemory\Debug\libFlashMemory.a(coreSPI.o)
                0x00000e34                eraseFlash
 .text.SERCOM_Handler
                0x00000eac       0xf0 C:\Users\GMateusDP\OneDrive - hs2 engineering GmbH\AtmelStudio\FlashMemory\Debug\libFlashMemory.a(coreSPI.o)
 .text.SERCOM0_Handler
                0x00000f9c       0x1c C:\Users\GMateusDP\OneDrive - hs2 engineering GmbH\AtmelStudio\FlashMemory\Debug\libFlashMemory.a(coreSPI.o)
                0x00000f9c                SERCOM0_Handler
 .text.coreSPIInitialize
                0x00000fb8      0x100 C:\Users\GMateusDP\OneDrive - hs2 engineering GmbH\AtmelStudio\FlashMemory\Debug\libFlashMemory.a(coreSPI.o)
                0x00000fb8                coreSPIInitialize
 .text.coreSPIConfigure
                0x000010b8      0x164 C:\Users\GMateusDP\OneDrive - hs2 engineering GmbH\AtmelStudio\FlashMemory\Debug\libFlashMemory.a(coreSPI.o)
                0x000010b8                coreSPIConfigure
 .text.coreSPIOpen
                0x0000121c       0xf0 C:\Users\GMateusDP\OneDrive - hs2 engineering GmbH\AtmelStudio\FlashMemory\Debug\libFlashMemory.a(coreSPI.o)
                0x0000121c                coreSPIOpen
 .text.coreSPIClose
                0x0000130c       0xf0 C:\Users\GMateusDP\OneDrive - hs2 engineering GmbH\AtmelStudio\FlashMemory\Debug\libFlashMemory.a(coreSPI.o)
                0x0000130c                coreSPIClose
 .text.coreSPIReadAsync
                0x000013fc      0x100 C:\Users\GMateusDP\OneDrive - hs2 engineering GmbH\AtmelStudio\FlashMemory\Debug\libFlashMemory.a(coreSPI.o)
                0x000013fc                coreSPIReadAsync
 .text.coreSPIRead
                0x000014fc       0x80 C:\Users\GMateusDP\OneDrive - hs2 engineering GmbH\AtmelStudio\FlashMemory\Debug\libFlashMemory.a(coreSPI.o)
                0x000014fc                coreSPIRead
 .text.coreSPIWriteAsync
                0x0000157c      0x120 C:\Users\GMateusDP\OneDrive - hs2 engineering GmbH\AtmelStudio\FlashMemory\Debug\libFlashMemory.a(coreSPI.o)
                0x0000157c                coreSPIWriteAsync
 .text.coreSPIWrite
                0x0000169c       0x80 C:\Users\GMateusDP\OneDrive - hs2 engineering GmbH\AtmelStudio\FlashMemory\Debug\libFlashMemory.a(coreSPI.o)
                0x0000169c                coreSPIWrite
 .text          0x0000171c      0x114 c:/program files (x86)/atmel/studio/7.0/toolchain/arm/arm-gnu-toolchain/bin/../lib/gcc/arm-none-eabi/6.3.1/thumb/v6-m\libgcc.a(_udivsi3.o)
                0x0000171c                __aeabi_uidiv
                0x0000171c                __udivsi3
                0x00001828                __aeabi_uidivmod
 .text          0x00001830        0x4 c:/program files (x86)/atmel/studio/7.0/toolchain/arm/arm-gnu-toolchain/bin/../lib/gcc/arm-none-eabi/6.3.1/thumb/v6-m\libgcc.a(_dvmd_tls.o)
                0x00001830                __aeabi_idiv0
                0x00001830                __aeabi_ldiv0
 .text.__libc_init_array
                0x00001834       0x48 c:/program files (x86)/atmel/studio/7.0/toolchain/arm/arm-gnu-toolchain/bin/../lib/gcc/arm-none-eabi/6.3.1/../../../../arm-none-eabi/lib/thumb/v6-m\libc.a(lib_a-init.o)
                0x00001834                __libc_init_array
 .text.memcpy   0x0000187c       0x84 c:/program files (x86)/atmel/studio/7.0/toolchain/arm/arm-gnu-toolchain/bin/../lib/gcc/arm-none-eabi/6.3.1/../../../../arm-none-eabi/lib/thumb/v6-m\libc.a(lib_a-memcpy-stub.o)
                0x0000187c                memcpy
 .text.startup.register_fini
                0x00001900       0x18 c:/program files (x86)/atmel/studio/7.0/toolchain/arm/arm-gnu-toolchain/bin/../lib/gcc/arm-none-eabi/6.3.1/../../../../arm-none-eabi/lib/thumb/v6-m\libc.a(lib_a-__call_atexit.o)
 .text.atexit   0x00001918       0x10 c:/program files (x86)/atmel/studio/7.0/toolchain/arm/arm-gnu-toolchain/bin/../lib/gcc/arm-none-eabi/6.3.1/../../../../arm-none-eabi/lib/thumb/v6-m\libc.a(lib_a-atexit.o)
                0x00001918                atexit
 .text.__libc_fini_array
                0x00001928       0x34 c:/program files (x86)/atmel/studio/7.0/toolchain/arm/arm-gnu-toolchain/bin/../lib/gcc/arm-none-eabi/6.3.1/../../../../arm-none-eabi/lib/thumb/v6-m\libc.a(lib_a-fini.o)
                0x00001928                __libc_fini_array
 .text.__retarget_lock_acquire_recursive
                0x0000195c        0x4 c:/program files (x86)/atmel/studio/7.0/toolchain/arm/arm-gnu-toolchain/bin/../lib/gcc/arm-none-eabi/6.3.1/../../../../arm-none-eabi/lib/thumb/v6-m\libc.a(lib_a-lock.o)
                0x0000195c                __retarget_lock_acquire_recursive
 .text.__retarget_lock_release_recursive
                0x00001960        0x4 c:/program files (x86)/atmel/studio/7.0/toolchain/arm/arm-gnu-toolchain/bin/../lib/gcc/arm-none-eabi/6.3.1/../../../../arm-none-eabi/lib/thumb/v6-m\libc.a(lib_a-lock.o)
                0x00001960                __retarget_lock_release_recursive
 .text.__register_exitproc
                0x00001964       0xf4 c:/program files (x86)/atmel/studio/7.0/toolchain/arm/arm-gnu-toolchain/bin/../lib/gcc/arm-none-eabi/6.3.1/../../../../arm-none-eabi/lib/thumb/v6-m\libc.a(lib_a-__atexit.o)
                0x00001964                __register_exitproc
 *(.glue_7t)
 .glue_7t       0x00001a58        0x0 linker stubs
 *(.glue_7)
 .glue_7        0x00001a58        0x0 linker stubs
 *(.rodata .rodata* .gnu.linkonce.r.*)
 .rodata        0x00001a58       0x48 main.o
 .rodata._global_impure_ptr
                0x00001aa0        0x4 c:/program files (x86)/atmel/studio/7.0/toolchain/arm/arm-gnu-toolchain/bin/../lib/gcc/arm-none-eabi/6.3.1/../../../../arm-none-eabi/lib/thumb/v6-m\libc.a(lib_a-impure.o)
                0x00001aa0                _global_impure_ptr
 *(.ARM.extab* .gnu.linkonce.armextab.*)
                0x00001aa4                . = ALIGN (0x4)
 *(.init)
 .init          0x00001aa4        0x4 c:/program files (x86)/atmel/studio/7.0/toolchain/arm/arm-gnu-toolchain/bin/../lib/gcc/arm-none-eabi/6.3.1/thumb/v6-m/crti.o
                0x00001aa4                _init
 .init          0x00001aa8        0x8 c:/program files (x86)/atmel/studio/7.0/toolchain/arm/arm-gnu-toolchain/bin/../lib/gcc/arm-none-eabi/6.3.1/thumb/v6-m/crtn.o
                0x00001ab0                . = ALIGN (0x4)
                0x00001ab0                __preinit_array_start = .
 *(.preinit_array)
                0x00001ab0                __preinit_array_end = .
                0x00001ab0                . = ALIGN (0x4)
                0x00001ab0                __init_array_start = .
 *(SORT(.init_array.*))
 .init_array.00000
                0x00001ab0        0x4 c:/program files (x86)/atmel/studio/7.0/toolchain/arm/arm-gnu-toolchain/bin/../lib/gcc/arm-none-eabi/6.3.1/../../../../arm-none-eabi/lib/thumb/v6-m\libc.a(lib_a-__call_atexit.o)
 *(.init_array)
 .init_array    0x00001ab4        0x4 c:/program files (x86)/atmel/studio/7.0/toolchain/arm/arm-gnu-toolchain/bin/../lib/gcc/arm-none-eabi/6.3.1/thumb/v6-m/crtbegin.o
                0x00001ab8                __init_array_end = .
                0x00001ab8                . = ALIGN (0x4)
 *crtbegin.o(.ctors)
 *(EXCLUDE_FILE(*crtend.o) .ctors)
 *(SORT(.ctors.*))
 *crtend.o(.ctors)
                0x00001ab8                . = ALIGN (0x4)
 *(.fini)
 .fini          0x00001ab8        0x4 c:/program files (x86)/atmel/studio/7.0/toolchain/arm/arm-gnu-toolchain/bin/../lib/gcc/arm-none-eabi/6.3.1/thumb/v6-m/crti.o
                0x00001ab8                _fini
 .fini          0x00001abc        0x8 c:/program files (x86)/atmel/studio/7.0/toolchain/arm/arm-gnu-toolchain/bin/../lib/gcc/arm-none-eabi/6.3.1/thumb/v6-m/crtn.o
                0x00001ac4                . = ALIGN (0x4)
                0x00001ac4                __fini_array_start = .
 *(.fini_array)
 .fini_array    0x00001ac4        0x4 c:/program files (x86)/atmel/studio/7.0/toolchain/arm/arm-gnu-toolchain/bin/../lib/gcc/arm-none-eabi/6.3.1/thumb/v6-m/crtbegin.o
 *(SORT(.fini_array.*))
                0x00001ac8                __fini_array_end = .
 *crtbegin.o(.dtors)
 *(EXCLUDE_FILE(*crtend.o) .dtors)
 *(SORT(.dtors.*))
 *crtend.o(.dtors)
                0x00001ac8                . = ALIGN (0x4)
                0x00001ac8                _efixed = .
                [!provide]                PROVIDE (__exidx_start, .)

.vfp11_veneer   0x00001ac8        0x0
 .vfp11_veneer  0x00001ac8        0x0 linker stubs

.v4_bx          0x00001ac8        0x0
 .v4_bx         0x00001ac8        0x0 linker stubs

.iplt           0x00001ac8        0x0
 .iplt          0x00001ac8        0x0 c:/program files (x86)/atmel/studio/7.0/toolchain/arm/arm-gnu-toolchain/bin/../lib/gcc/arm-none-eabi/6.3.1/thumb/v6-m/crtbegin.o

.eh_frame       0x00001ac8        0x0
 .eh_frame      0x00001ac8        0x0 c:/program files (x86)/atmel/studio/7.0/toolchain/arm/arm-gnu-toolchain/bin/../lib/gcc/arm-none-eabi/6.3.1/thumb/v6-m/crtbegin.o

.rel.dyn        0x00001ac8        0x0
 .rel.iplt      0x00001ac8        0x0 c:/program files (x86)/atmel/studio/7.0/toolchain/arm/arm-gnu-toolchain/bin/../lib/gcc/arm-none-eabi/6.3.1/thumb/v6-m/crtbegin.o

.jcr            0x00001ac8        0x0
 .jcr           0x00001ac8        0x0 c:/program files (x86)/atmel/studio/7.0/toolchain/arm/arm-gnu-toolchain/bin/../lib/gcc/arm-none-eabi/6.3.1/thumb/v6-m/crtbegin.o

.igot.plt       0x00001ac8        0x0
 .igot.plt      0x00001ac8        0x0 c:/program files (x86)/atmel/studio/7.0/toolchain/arm/arm-gnu-toolchain/bin/../lib/gcc/arm-none-eabi/6.3.1/thumb/v6-m/crtbegin.o

.ARM.exidx
 *(.ARM.exidx* .gnu.linkonce.armexidx.*)
                [!provide]                PROVIDE (__exidx_end, .)
                0x00001ac8                . = ALIGN (0x4)
                0x00001ac8                _etext = .

.relocate       0x20000000      0x524 load address 0x00001ac8
                0x20000000                . = ALIGN (0x4)
                0x20000000                _srelocate = .
 *(.ramfunc .ramfunc.*)
 *(.data .data.*)
 .data          0x20000000        0x4 Device_Startup/system_samd21.o
                0x20000000                SystemCoreClock
 .data          0x20000004        0x2 C:\Users\GMateusDP\OneDrive - hs2 engineering GmbH\AtmelStudio\FlashMemory\Debug\libFlashMemory.a(coreSystemTimer.o)
 *fill*         0x20000006        0x2 
 .data          0x20000008       0x48 C:\Users\GMateusDP\OneDrive - hs2 engineering GmbH\AtmelStudio\FlashMemory\Debug\libFlashMemory.a(flashMemoryCortexModule.o)
 .data          0x20000050       0xa8 C:\Users\GMateusDP\OneDrive - hs2 engineering GmbH\AtmelStudio\FlashMemory\Debug\libFlashMemory.a(coreSPI.o)
 .data.impure_data
                0x200000f8      0x428 c:/program files (x86)/atmel/studio/7.0/toolchain/arm/arm-gnu-toolchain/bin/../lib/gcc/arm-none-eabi/6.3.1/../../../../arm-none-eabi/lib/thumb/v6-m\libc.a(lib_a-impure.o)
 .data.__atexit_recursive_mutex
                0x20000520        0x4 c:/program files (x86)/atmel/studio/7.0/toolchain/arm/arm-gnu-toolchain/bin/../lib/gcc/arm-none-eabi/6.3.1/../../../../arm-none-eabi/lib/thumb/v6-m\libc.a(lib_a-__call_atexit.o)
                0x20000520                __atexit_recursive_mutex
                0x20000524                . = ALIGN (0x4)
                0x20000524                _erelocate = .

.bss            0x20000524       0xd0 load address 0x00001fec
                0x20000524                . = ALIGN (0x4)
                0x20000524                _sbss = .
                0x20000524                _szero = .
 *(.bss .bss.*)
 .bss           0x20000524       0x1c c:/program files (x86)/atmel/studio/7.0/toolchain/arm/arm-gnu-toolchain/bin/../lib/gcc/arm-none-eabi/6.3.1/thumb/v6-m/crtbegin.o
 .bss           0x20000540       0x8c C:\Users\GMateusDP\OneDrive - hs2 engineering GmbH\AtmelStudio\FlashMemory\Debug\libFlashMemory.a(coreSystemTimer.o)
                0x20000540                coreSystemTimerTickCount
 .bss           0x200005cc        0x4 C:\Users\GMateusDP\OneDrive - hs2 engineering GmbH\AtmelStudio\FlashMemory\Debug\libFlashMemory.a(flashMemoryCortexModule.o)
 *(COMMON)
 COMMON         0x200005d0       0x21 c:/program files (x86)/atmel/studio/7.0/toolchain/arm/arm-gnu-toolchain/bin/../lib/gcc/arm-none-eabi/6.3.1/../../../../arm-none-eabi/lib/thumb/v6-m\libc.a(lib_a-lock.o)
                0x200005d0                __lock___atexit_recursive_mutex
                0x200005d4                __lock___arc4random_mutex
                0x200005d8                __lock___env_recursive_mutex
                0x200005dc                __lock___sinit_recursive_mutex
                0x200005e0                __lock___malloc_recursive_mutex
                0x200005e4                __lock___at_quick_exit_mutex
                0x200005e8                __lock___dd_hash_mutex
                0x200005ec                __lock___tz_mutex
                0x200005f0                __lock___sfp_recursive_mutex
                0x200005f4                . = ALIGN (0x4)
 *fill*         0x200005f1        0x3 
                0x200005f4                _ebss = .
                0x200005f4                _ezero = .

.stack          0x200005f4     0x2004 load address 0x000020bc
                0x200005f8                . = ALIGN (0x8)
 *fill*         0x200005f4        0x4 
                0x200005f8                _sstack = .
                0x200025f8                . = (. + STACK_SIZE)
 *fill*         0x200005f8     0x2000 
                0x200025f8                . = ALIGN (0x8)
                0x200025f8                _estack = .
                0x200025f8                . = ALIGN (0x4)
                0x200025f8                _end = .
OUTPUT(LedStatusSave.elf elf32-littlearm)

.ARM.attributes
                0x00000000       0x28
 .ARM.attributes
                0x00000000       0x1e c:/program files (x86)/atmel/studio/7.0/toolchain/arm/arm-gnu-toolchain/bin/../lib/gcc/arm-none-eabi/6.3.1/thumb/v6-m/crti.o
 .ARM.attributes
                0x0000001e       0x2c c:/program files (x86)/atmel/studio/7.0/toolchain/arm/arm-gnu-toolchain/bin/../lib/gcc/arm-none-eabi/6.3.1/thumb/v6-m/crtbegin.o
 .ARM.attributes
                0x0000004a       0x32 Device_Startup/startup_samd21.o
 .ARM.attributes
                0x0000007c       0x32 Device_Startup/system_samd21.o
 .ARM.attributes
                0x000000ae       0x32 main.o
 .ARM.attributes
                0x000000e0       0x32 C:\Users\GMateusDP\OneDrive - hs2 engineering GmbH\AtmelStudio\FlashMemory\Debug\libFlashMemory.a(coreSystemTimer.o)
 .ARM.attributes
                0x00000112       0x32 C:\Users\GMateusDP\OneDrive - hs2 engineering GmbH\AtmelStudio\FlashMemory\Debug\libFlashMemory.a(flashMemoryCortexModule.o)
 .ARM.attributes
                0x00000144       0x32 C:\Users\GMateusDP\OneDrive - hs2 engineering GmbH\AtmelStudio\FlashMemory\Debug\libFlashMemory.a(coreController.o)
 .ARM.attributes
                0x00000176       0x32 C:\Users\GMateusDP\OneDrive - hs2 engineering GmbH\AtmelStudio\FlashMemory\Debug\libFlashMemory.a(corePorts.o)
 .ARM.attributes
                0x000001a8       0x32 C:\Users\GMateusDP\OneDrive - hs2 engineering GmbH\AtmelStudio\FlashMemory\Debug\libFlashMemory.a(coreSPI.o)
 .ARM.attributes
                0x000001da       0x1e c:/program files (x86)/atmel/studio/7.0/toolchain/arm/arm-gnu-toolchain/bin/../lib/gcc/arm-none-eabi/6.3.1/thumb/v6-m\libgcc.a(_udivsi3.o)
 .ARM.attributes
                0x000001f8       0x1e c:/program files (x86)/atmel/studio/7.0/toolchain/arm/arm-gnu-toolchain/bin/../lib/gcc/arm-none-eabi/6.3.1/thumb/v6-m\libgcc.a(_dvmd_tls.o)
 .ARM.attributes
                0x00000216       0x2c c:/program files (x86)/atmel/studio/7.0/toolchain/arm/arm-gnu-toolchain/bin/../lib/gcc/arm-none-eabi/6.3.1/../../../../arm-none-eabi/lib/thumb/v6-m\libc.a(lib_a-impure.o)
 .ARM.attributes
                0x00000242       0x2c c:/program files (x86)/atmel/studio/7.0/toolchain/arm/arm-gnu-toolchain/bin/../lib/gcc/arm-none-eabi/6.3.1/../../../../arm-none-eabi/lib/thumb/v6-m\libc.a(lib_a-init.o)
 .ARM.attributes
                0x0000026e       0x2c c:/program files (x86)/atmel/studio/7.0/toolchain/arm/arm-gnu-toolchain/bin/../lib/gcc/arm-none-eabi/6.3.1/../../../../arm-none-eabi/lib/thumb/v6-m\libc.a(lib_a-memcpy-stub.o)
 .ARM.attributes
                0x0000029a       0x2c c:/program files (x86)/atmel/studio/7.0/toolchain/arm/arm-gnu-toolchain/bin/../lib/gcc/arm-none-eabi/6.3.1/../../../../arm-none-eabi/lib/thumb/v6-m\libc.a(lib_a-__call_atexit.o)
 .ARM.attributes
                0x000002c6       0x2c c:/program files (x86)/atmel/studio/7.0/toolchain/arm/arm-gnu-toolchain/bin/../lib/gcc/arm-none-eabi/6.3.1/../../../../arm-none-eabi/lib/thumb/v6-m\libc.a(lib_a-atexit.o)
 .ARM.attributes
                0x000002f2       0x2c c:/program files (x86)/atmel/studio/7.0/toolchain/arm/arm-gnu-toolchain/bin/../lib/gcc/arm-none-eabi/6.3.1/../../../../arm-none-eabi/lib/thumb/v6-m\libc.a(lib_a-fini.o)
 .ARM.attributes
                0x0000031e       0x2c c:/program files (x86)/atmel/studio/7.0/toolchain/arm/arm-gnu-toolchain/bin/../lib/gcc/arm-none-eabi/6.3.1/../../../../arm-none-eabi/lib/thumb/v6-m\libc.a(lib_a-lock.o)
 .ARM.attributes
                0x0000034a       0x2c c:/program files (x86)/atmel/studio/7.0/toolchain/arm/arm-gnu-toolchain/bin/../lib/gcc/arm-none-eabi/6.3.1/../../../../arm-none-eabi/lib/thumb/v6-m\libc.a(lib_a-__atexit.o)
 .ARM.attributes
                0x00000376       0x1e c:/program files (x86)/atmel/studio/7.0/toolchain/arm/arm-gnu-toolchain/bin/../lib/gcc/arm-none-eabi/6.3.1/thumb/v6-m/crtn.o

.comment        0x00000000       0x59
 .comment       0x00000000       0x59 Device_Startup/startup_samd21.o
                                 0x5a (size before relaxing)
 .comment       0x00000059       0x5a Device_Startup/system_samd21.o
 .comment       0x00000059       0x5a main.o
 .comment       0x00000059       0x5a C:\Users\GMateusDP\OneDrive - hs2 engineering GmbH\AtmelStudio\FlashMemory\Debug\libFlashMemory.a(coreSystemTimer.o)
 .comment       0x00000059       0x5a C:\Users\GMateusDP\OneDrive - hs2 engineering GmbH\AtmelStudio\FlashMemory\Debug\libFlashMemory.a(flashMemoryCortexModule.o)
 .comment       0x00000059       0x5a C:\Users\GMateusDP\OneDrive - hs2 engineering GmbH\AtmelStudio\FlashMemory\Debug\libFlashMemory.a(coreController.o)
 .comment       0x00000059       0x5a C:\Users\GMateusDP\OneDrive - hs2 engineering GmbH\AtmelStudio\FlashMemory\Debug\libFlashMemory.a(corePorts.o)
 .comment       0x00000059       0x5a C:\Users\GMateusDP\OneDrive - hs2 engineering GmbH\AtmelStudio\FlashMemory\Debug\libFlashMemory.a(coreSPI.o)

.debug_info     0x00000000    0x10563
 .debug_info    0x00000000     0x3a28 Device_Startup/startup_samd21.o
 .debug_info    0x00003a28       0xd5 Device_Startup/system_samd21.o
 .debug_info    0x00003afd     0x12a9 main.o
 .debug_info    0x00004da6     0x252c C:\Users\GMateusDP\OneDrive - hs2 engineering GmbH\AtmelStudio\FlashMemory\Debug\libFlashMemory.a(coreSystemTimer.o)
 .debug_info    0x000072d2     0x18a6 C:\Users\GMateusDP\OneDrive - hs2 engineering GmbH\AtmelStudio\FlashMemory\Debug\libFlashMemory.a(flashMemoryCortexModule.o)
 .debug_info    0x00008b78     0x263a C:\Users\GMateusDP\OneDrive - hs2 engineering GmbH\AtmelStudio\FlashMemory\Debug\libFlashMemory.a(coreController.o)
 .debug_info    0x0000b1b2     0x120e C:\Users\GMateusDP\OneDrive - hs2 engineering GmbH\AtmelStudio\FlashMemory\Debug\libFlashMemory.a(corePorts.o)
 .debug_info    0x0000c3c0     0x41a3 C:\Users\GMateusDP\OneDrive - hs2 engineering GmbH\AtmelStudio\FlashMemory\Debug\libFlashMemory.a(coreSPI.o)

.debug_abbrev   0x00000000     0x128e
 .debug_abbrev  0x00000000      0x234 Device_Startup/startup_samd21.o
 .debug_abbrev  0x00000234       0x72 Device_Startup/system_samd21.o
 .debug_abbrev  0x000002a6      0x2bd main.o
 .debug_abbrev  0x00000563      0x322 C:\Users\GMateusDP\OneDrive - hs2 engineering GmbH\AtmelStudio\FlashMemory\Debug\libFlashMemory.a(coreSystemTimer.o)
 .debug_abbrev  0x00000885      0x2db C:\Users\GMateusDP\OneDrive - hs2 engineering GmbH\AtmelStudio\FlashMemory\Debug\libFlashMemory.a(flashMemoryCortexModule.o)
 .debug_abbrev  0x00000b60      0x1e7 C:\Users\GMateusDP\OneDrive - hs2 engineering GmbH\AtmelStudio\FlashMemory\Debug\libFlashMemory.a(coreController.o)
 .debug_abbrev  0x00000d47      0x232 C:\Users\GMateusDP\OneDrive - hs2 engineering GmbH\AtmelStudio\FlashMemory\Debug\libFlashMemory.a(corePorts.o)
 .debug_abbrev  0x00000f79      0x315 C:\Users\GMateusDP\OneDrive - hs2 engineering GmbH\AtmelStudio\FlashMemory\Debug\libFlashMemory.a(coreSPI.o)

.debug_loc      0x00000000     0x152f
 .debug_loc     0x00000000       0x40 Device_Startup/startup_samd21.o
 .debug_loc     0x00000040       0x2d main.o
 .debug_loc     0x0000006d      0x27c C:\Users\GMateusDP\OneDrive - hs2 engineering GmbH\AtmelStudio\FlashMemory\Debug\libFlashMemory.a(coreSystemTimer.o)
 .debug_loc     0x000002e9      0x1b8 C:\Users\GMateusDP\OneDrive - hs2 engineering GmbH\AtmelStudio\FlashMemory\Debug\libFlashMemory.a(flashMemoryCortexModule.o)
 .debug_loc     0x000004a1      0x1e4 C:\Users\GMateusDP\OneDrive - hs2 engineering GmbH\AtmelStudio\FlashMemory\Debug\libFlashMemory.a(coreController.o)
 .debug_loc     0x00000685      0x59a C:\Users\GMateusDP\OneDrive - hs2 engineering GmbH\AtmelStudio\FlashMemory\Debug\libFlashMemory.a(corePorts.o)
 .debug_loc     0x00000c1f      0x910 C:\Users\GMateusDP\OneDrive - hs2 engineering GmbH\AtmelStudio\FlashMemory\Debug\libFlashMemory.a(coreSPI.o)

.debug_aranges  0x00000000      0x410
 .debug_aranges
                0x00000000       0x28 Device_Startup/startup_samd21.o
 .debug_aranges
                0x00000028       0x28 Device_Startup/system_samd21.o
 .debug_aranges
                0x00000050       0x20 main.o
 .debug_aranges
                0x00000070       0x78 C:\Users\GMateusDP\OneDrive - hs2 engineering GmbH\AtmelStudio\FlashMemory\Debug\libFlashMemory.a(coreSystemTimer.o)
 .debug_aranges
                0x000000e8       0x58 C:\Users\GMateusDP\OneDrive - hs2 engineering GmbH\AtmelStudio\FlashMemory\Debug\libFlashMemory.a(flashMemoryCortexModule.o)
 .debug_aranges
                0x00000140       0x70 C:\Users\GMateusDP\OneDrive - hs2 engineering GmbH\AtmelStudio\FlashMemory\Debug\libFlashMemory.a(coreController.o)
 .debug_aranges
                0x000001b0       0xe8 C:\Users\GMateusDP\OneDrive - hs2 engineering GmbH\AtmelStudio\FlashMemory\Debug\libFlashMemory.a(corePorts.o)
 .debug_aranges
                0x00000298      0x178 C:\Users\GMateusDP\OneDrive - hs2 engineering GmbH\AtmelStudio\FlashMemory\Debug\libFlashMemory.a(coreSPI.o)

.debug_ranges   0x00000000      0x390
 .debug_ranges  0x00000000       0x18 Device_Startup/startup_samd21.o
 .debug_ranges  0x00000018       0x18 Device_Startup/system_samd21.o
 .debug_ranges  0x00000030       0x10 main.o
 .debug_ranges  0x00000040       0x68 C:\Users\GMateusDP\OneDrive - hs2 engineering GmbH\AtmelStudio\FlashMemory\Debug\libFlashMemory.a(coreSystemTimer.o)
 .debug_ranges  0x000000a8       0x48 C:\Users\GMateusDP\OneDrive - hs2 engineering GmbH\AtmelStudio\FlashMemory\Debug\libFlashMemory.a(flashMemoryCortexModule.o)
 .debug_ranges  0x000000f0       0x60 C:\Users\GMateusDP\OneDrive - hs2 engineering GmbH\AtmelStudio\FlashMemory\Debug\libFlashMemory.a(coreController.o)
 .debug_ranges  0x00000150       0xd8 C:\Users\GMateusDP\OneDrive - hs2 engineering GmbH\AtmelStudio\FlashMemory\Debug\libFlashMemory.a(corePorts.o)
 .debug_ranges  0x00000228      0x168 C:\Users\GMateusDP\OneDrive - hs2 engineering GmbH\AtmelStudio\FlashMemory\Debug\libFlashMemory.a(coreSPI.o)

.debug_macro    0x00000000    0x153fb
 .debug_macro   0x00000000      0x310 Device_Startup/startup_samd21.o
 .debug_macro   0x00000310      0x89e Device_Startup/startup_samd21.o
 .debug_macro   0x00000bae       0x22 Device_Startup/startup_samd21.o
 .debug_macro   0x00000bd0       0x87 Device_Startup/startup_samd21.o
 .debug_macro   0x00000c57       0x51 Device_Startup/startup_samd21.o
 .debug_macro   0x00000ca8       0xef Device_Startup/startup_samd21.o
 .debug_macro   0x00000d97       0x6a Device_Startup/startup_samd21.o
 .debug_macro   0x00000e01      0x1df Device_Startup/startup_samd21.o
 .debug_macro   0x00000fe0       0x39 Device_Startup/startup_samd21.o
 .debug_macro   0x00001019       0x1c Device_Startup/startup_samd21.o
 .debug_macro   0x00001035       0x22 Device_Startup/startup_samd21.o
 .debug_macro   0x00001057       0xb5 Device_Startup/startup_samd21.o
 .debug_macro   0x0000110c      0x3ad Device_Startup/startup_samd21.o
 .debug_macro   0x000014b9      0x67e Device_Startup/startup_samd21.o
 .debug_macro   0x00001b37      0x8b1 Device_Startup/startup_samd21.o
 .debug_macro   0x000023e8      0x22e Device_Startup/startup_samd21.o
 .debug_macro   0x00002616      0xd5c Device_Startup/startup_samd21.o
 .debug_macro   0x00003372      0x4dc Device_Startup/startup_samd21.o
 .debug_macro   0x0000384e      0x9f6 Device_Startup/startup_samd21.o
 .debug_macro   0x00004244      0x82b Device_Startup/startup_samd21.o
 .debug_macro   0x00004a6f      0x45f Device_Startup/startup_samd21.o
 .debug_macro   0x00004ece       0x5e Device_Startup/startup_samd21.o
 .debug_macro   0x00004f2c      0x8f9 Device_Startup/startup_samd21.o
 .debug_macro   0x00005825      0x21c Device_Startup/startup_samd21.o
 .debug_macro   0x00005a41      0x735 Device_Startup/startup_samd21.o
 .debug_macro   0x00006176       0x5e Device_Startup/startup_samd21.o
 .debug_macro   0x000061d4      0x632 Device_Startup/startup_samd21.o
 .debug_macro   0x00006806      0x3ac Device_Startup/startup_samd21.o
 .debug_macro   0x00006bb2      0xc76 Device_Startup/startup_samd21.o
 .debug_macro   0x00007828     0x1092 Device_Startup/startup_samd21.o
 .debug_macro   0x000088ba      0xc4a Device_Startup/startup_samd21.o
 .debug_macro   0x00009504      0x6ba Device_Startup/startup_samd21.o
 .debug_macro   0x00009bbe     0x1b3d Device_Startup/startup_samd21.o
 .debug_macro   0x0000b6fb     0x143c Device_Startup/startup_samd21.o
 .debug_macro   0x0000cb37      0x340 Device_Startup/startup_samd21.o
 .debug_macro   0x0000ce77       0x7c Device_Startup/startup_samd21.o
 .debug_macro   0x0000cef3       0xa0 Device_Startup/startup_samd21.o
 .debug_macro   0x0000cf93       0x4c Device_Startup/startup_samd21.o
 .debug_macro   0x0000cfdf       0xca Device_Startup/startup_samd21.o
 .debug_macro   0x0000d0a9       0x94 Device_Startup/startup_samd21.o
 .debug_macro   0x0000d13d       0x58 Device_Startup/startup_samd21.o
 .debug_macro   0x0000d195      0x341 Device_Startup/startup_samd21.o
 .debug_macro   0x0000d4d6       0x82 Device_Startup/startup_samd21.o
 .debug_macro   0x0000d558      0x189 Device_Startup/startup_samd21.o
 .debug_macro   0x0000d6e1       0xb8 Device_Startup/startup_samd21.o
 .debug_macro   0x0000d799       0xa0 Device_Startup/startup_samd21.o
 .debug_macro   0x0000d839       0xb2 Device_Startup/startup_samd21.o
 .debug_macro   0x0000d8eb       0x1c Device_Startup/startup_samd21.o
 .debug_macro   0x0000d907       0x1c Device_Startup/startup_samd21.o
 .debug_macro   0x0000d923       0x1c Device_Startup/startup_samd21.o
 .debug_macro   0x0000d93f       0x7c Device_Startup/startup_samd21.o
 .debug_macro   0x0000d9bb      0x15a Device_Startup/startup_samd21.o
 .debug_macro   0x0000db15       0x10 Device_Startup/startup_samd21.o
 .debug_macro   0x0000db25       0xdc Device_Startup/startup_samd21.o
 .debug_macro   0x0000dc01      0x124 Device_Startup/startup_samd21.o
 .debug_macro   0x0000dd25      0x124 Device_Startup/startup_samd21.o
 .debug_macro   0x0000de49      0x124 Device_Startup/startup_samd21.o
 .debug_macro   0x0000df6d      0x124 Device_Startup/startup_samd21.o
 .debug_macro   0x0000e091      0x124 Device_Startup/startup_samd21.o
 .debug_macro   0x0000e1b5      0x124 Device_Startup/startup_samd21.o
 .debug_macro   0x0000e2d9      0x124 Device_Startup/startup_samd21.o
 .debug_macro   0x0000e3fd       0xe2 Device_Startup/startup_samd21.o
 .debug_macro   0x0000e4df       0xe2 Device_Startup/startup_samd21.o
 .debug_macro   0x0000e5c1       0xe2 Device_Startup/startup_samd21.o
 .debug_macro   0x0000e6a3       0xe2 Device_Startup/startup_samd21.o
 .debug_macro   0x0000e785       0xe2 Device_Startup/startup_samd21.o
 .debug_macro   0x0000e867      0x12a Device_Startup/startup_samd21.o
 .debug_macro   0x0000e991      0x100 Device_Startup/startup_samd21.o
 .debug_macro   0x0000ea91       0xf4 Device_Startup/startup_samd21.o
 .debug_macro   0x0000eb85      0x40f Device_Startup/startup_samd21.o
 .debug_macro   0x0000ef94       0x40 Device_Startup/startup_samd21.o
 .debug_macro   0x0000efd4      0x392 Device_Startup/startup_samd21.o
 .debug_macro   0x0000f366     0x1fb0 Device_Startup/startup_samd21.o
 .debug_macro   0x00011316       0x6d Device_Startup/startup_samd21.o
 .debug_macro   0x00011383      0x316 Device_Startup/system_samd21.o
 .debug_macro   0x00011699      0x41b main.o
 .debug_macro   0x00011ab4      0x970 main.o
 .debug_macro   0x00012424       0x1c main.o
 .debug_macro   0x00012440       0x87 main.o
 .debug_macro   0x000124c7      0x3ad main.o
 .debug_macro   0x00012874       0x58 main.o
 .debug_macro   0x000128cc       0x35 main.o
 .debug_macro   0x00012901       0x9c main.o
 .debug_macro   0x0001299d      0x17b main.o
 .debug_macro   0x00012b18       0x58 main.o
 .debug_macro   0x00012b70       0x1f main.o
 .debug_macro   0x00012b8f       0x43 main.o
 .debug_macro   0x00012bd2       0x20 main.o
 .debug_macro   0x00012bf2      0x187 main.o
 .debug_macro   0x00012d79      0x34d main.o
 .debug_macro   0x000130c6       0x10 main.o
 .debug_macro   0x000130d6       0x35 main.o
 .debug_macro   0x0001310b       0x22 main.o
 .debug_macro   0x0001312d       0x24 main.o
 .debug_macro   0x00013151      0x354 C:\Users\GMateusDP\OneDrive - hs2 engineering GmbH\AtmelStudio\FlashMemory\Debug\libFlashMemory.a(coreSystemTimer.o)
 .debug_macro   0x000134a5      0x8b0 C:\Users\GMateusDP\OneDrive - hs2 engineering GmbH\AtmelStudio\FlashMemory\Debug\libFlashMemory.a(coreSystemTimer.o)
 .debug_macro   0x00013d55       0x1c C:\Users\GMateusDP\OneDrive - hs2 engineering GmbH\AtmelStudio\FlashMemory\Debug\libFlashMemory.a(coreSystemTimer.o)
 .debug_macro   0x00013d71      0x405 C:\Users\GMateusDP\OneDrive - hs2 engineering GmbH\AtmelStudio\FlashMemory\Debug\libFlashMemory.a(flashMemoryCortexModule.o)
 .debug_macro   0x00014176       0x52 C:\Users\GMateusDP\OneDrive - hs2 engineering GmbH\AtmelStudio\FlashMemory\Debug\libFlashMemory.a(flashMemoryCortexModule.o)
 .debug_macro   0x000141c8       0x8d C:\Users\GMateusDP\OneDrive - hs2 engineering GmbH\AtmelStudio\FlashMemory\Debug\libFlashMemory.a(flashMemoryCortexModule.o)
 .debug_macro   0x00014255       0x9c C:\Users\GMateusDP\OneDrive - hs2 engineering GmbH\AtmelStudio\FlashMemory\Debug\libFlashMemory.a(flashMemoryCortexModule.o)
 .debug_macro   0x000142f1      0x16d C:\Users\GMateusDP\OneDrive - hs2 engineering GmbH\AtmelStudio\FlashMemory\Debug\libFlashMemory.a(flashMemoryCortexModule.o)
 .debug_macro   0x0001445e       0x57 C:\Users\GMateusDP\OneDrive - hs2 engineering GmbH\AtmelStudio\FlashMemory\Debug\libFlashMemory.a(flashMemoryCortexModule.o)
 .debug_macro   0x000144b5       0x43 C:\Users\GMateusDP\OneDrive - hs2 engineering GmbH\AtmelStudio\FlashMemory\Debug\libFlashMemory.a(flashMemoryCortexModule.o)
 .debug_macro   0x000144f8      0x353 C:\Users\GMateusDP\OneDrive - hs2 engineering GmbH\AtmelStudio\FlashMemory\Debug\libFlashMemory.a(flashMemoryCortexModule.o)
 .debug_macro   0x0001484b       0x35 C:\Users\GMateusDP\OneDrive - hs2 engineering GmbH\AtmelStudio\FlashMemory\Debug\libFlashMemory.a(flashMemoryCortexModule.o)
 .debug_macro   0x00014880       0x10 C:\Users\GMateusDP\OneDrive - hs2 engineering GmbH\AtmelStudio\FlashMemory\Debug\libFlashMemory.a(flashMemoryCortexModule.o)
 .debug_macro   0x00014890       0x3f C:\Users\GMateusDP\OneDrive - hs2 engineering GmbH\AtmelStudio\FlashMemory\Debug\libFlashMemory.a(flashMemoryCortexModule.o)
 .debug_macro   0x000148cf       0xaf C:\Users\GMateusDP\OneDrive - hs2 engineering GmbH\AtmelStudio\FlashMemory\Debug\libFlashMemory.a(flashMemoryCortexModule.o)
 .debug_macro   0x0001497e      0x33a C:\Users\GMateusDP\OneDrive - hs2 engineering GmbH\AtmelStudio\FlashMemory\Debug\libFlashMemory.a(coreController.o)
 .debug_macro   0x00014cb8      0x36a C:\Users\GMateusDP\OneDrive - hs2 engineering GmbH\AtmelStudio\FlashMemory\Debug\libFlashMemory.a(corePorts.o)
 .debug_macro   0x00015022       0x1e C:\Users\GMateusDP\OneDrive - hs2 engineering GmbH\AtmelStudio\FlashMemory\Debug\libFlashMemory.a(corePorts.o)
 .debug_macro   0x00015040      0x3a5 C:\Users\GMateusDP\OneDrive - hs2 engineering GmbH\AtmelStudio\FlashMemory\Debug\libFlashMemory.a(coreSPI.o)
 .debug_macro   0x000153e5       0x16 C:\Users\GMateusDP\OneDrive - hs2 engineering GmbH\AtmelStudio\FlashMemory\Debug\libFlashMemory.a(coreSPI.o)

.debug_line     0x00000000     0x45f6
 .debug_line    0x00000000      0x709 Device_Startup/startup_samd21.o
 .debug_line    0x00000709      0x6f4 Device_Startup/system_samd21.o
 .debug_line    0x00000dfd      0x81c main.o
 .debug_line    0x00001619      0x8c5 C:\Users\GMateusDP\OneDrive - hs2 engineering GmbH\AtmelStudio\FlashMemory\Debug\libFlashMemory.a(coreSystemTimer.o)
 .debug_line    0x00001ede      0x8df C:\Users\GMateusDP\OneDrive - hs2 engineering GmbH\AtmelStudio\FlashMemory\Debug\libFlashMemory.a(flashMemoryCortexModule.o)
 .debug_line    0x000027bd      0x845 C:\Users\GMateusDP\OneDrive - hs2 engineering GmbH\AtmelStudio\FlashMemory\Debug\libFlashMemory.a(coreController.o)
 .debug_line    0x00003002      0x9d7 C:\Users\GMateusDP\OneDrive - hs2 engineering GmbH\AtmelStudio\FlashMemory\Debug\libFlashMemory.a(corePorts.o)
 .debug_line    0x000039d9      0xc1d C:\Users\GMateusDP\OneDrive - hs2 engineering GmbH\AtmelStudio\FlashMemory\Debug\libFlashMemory.a(coreSPI.o)

.debug_str      0x00000000    0x7757c
 .debug_str     0x00000000    0x7137e Device_Startup/startup_samd21.o
                              0x717aa (size before relaxing)
 .debug_str     0x0007137e       0x5c Device_Startup/system_samd21.o
                              0x7062a (size before relaxing)
 .debug_str     0x000713da     0x398b main.o
                              0x73fe6 (size before relaxing)
 .debug_str     0x00074d65      0xab6 C:\Users\GMateusDP\OneDrive - hs2 engineering GmbH\AtmelStudio\FlashMemory\Debug\libFlashMemory.a(coreSystemTimer.o)
                              0x71356 (size before relaxing)
 .debug_str     0x0007581b      0x583 C:\Users\GMateusDP\OneDrive - hs2 engineering GmbH\AtmelStudio\FlashMemory\Debug\libFlashMemory.a(flashMemoryCortexModule.o)
                              0x73f56 (size before relaxing)
 .debug_str     0x00075d9e      0x587 C:\Users\GMateusDP\OneDrive - hs2 engineering GmbH\AtmelStudio\FlashMemory\Debug\libFlashMemory.a(coreController.o)
                              0x711db (size before relaxing)
 .debug_str     0x00076325      0x6f0 C:\Users\GMateusDP\OneDrive - hs2 engineering GmbH\AtmelStudio\FlashMemory\Debug\libFlashMemory.a(corePorts.o)
                              0x710eb (size before relaxing)
 .debug_str     0x00076a15      0xb67 C:\Users\GMateusDP\OneDrive - hs2 engineering GmbH\AtmelStudio\FlashMemory\Debug\libFlashMemory.a(coreSPI.o)
                              0x71bca (size before relaxing)

.debug_frame    0x00000000      0xf38
 .debug_frame   0x00000000       0x40 Device_Startup/startup_samd21.o
 .debug_frame   0x00000040       0x30 Device_Startup/system_samd21.o
 .debug_frame   0x00000070       0x30 main.o
 .debug_frame   0x000000a0      0x184 C:\Users\GMateusDP\OneDrive - hs2 engineering GmbH\AtmelStudio\FlashMemory\Debug\libFlashMemory.a(coreSystemTimer.o)
 .debug_frame   0x00000224      0x10c C:\Users\GMateusDP\OneDrive - hs2 engineering GmbH\AtmelStudio\FlashMemory\Debug\libFlashMemory.a(flashMemoryCortexModule.o)
 .debug_frame   0x00000330      0x144 C:\Users\GMateusDP\OneDrive - hs2 engineering GmbH\AtmelStudio\FlashMemory\Debug\libFlashMemory.a(coreController.o)
 .debug_frame   0x00000474      0x34c C:\Users\GMateusDP\OneDrive - hs2 engineering GmbH\AtmelStudio\FlashMemory\Debug\libFlashMemory.a(corePorts.o)
 .debug_frame   0x000007c0      0x568 C:\Users\GMateusDP\OneDrive - hs2 engineering GmbH\AtmelStudio\FlashMemory\Debug\libFlashMemory.a(coreSPI.o)
 .debug_frame   0x00000d28       0x20 c:/program files (x86)/atmel/studio/7.0/toolchain/arm/arm-gnu-toolchain/bin/../lib/gcc/arm-none-eabi/6.3.1/thumb/v6-m\libgcc.a(_udivsi3.o)
 .debug_frame   0x00000d48       0x2c c:/program files (x86)/atmel/studio/7.0/toolchain/arm/arm-gnu-toolchain/bin/../lib/gcc/arm-none-eabi/6.3.1/../../../../arm-none-eabi/lib/thumb/v6-m\libc.a(lib_a-init.o)
 .debug_frame   0x00000d74       0x30 c:/program files (x86)/atmel/studio/7.0/toolchain/arm/arm-gnu-toolchain/bin/../lib/gcc/arm-none-eabi/6.3.1/../../../../arm-none-eabi/lib/thumb/v6-m\libc.a(lib_a-memcpy-stub.o)
 .debug_frame   0x00000da4       0x54 c:/program files (x86)/atmel/studio/7.0/toolchain/arm/arm-gnu-toolchain/bin/../lib/gcc/arm-none-eabi/6.3.1/../../../../arm-none-eabi/lib/thumb/v6-m\libc.a(lib_a-__call_atexit.o)
 .debug_frame   0x00000df8       0x28 c:/program files (x86)/atmel/studio/7.0/toolchain/arm/arm-gnu-toolchain/bin/../lib/gcc/arm-none-eabi/6.3.1/../../../../arm-none-eabi/lib/thumb/v6-m\libc.a(lib_a-atexit.o)
 .debug_frame   0x00000e20       0x2c c:/program files (x86)/atmel/studio/7.0/toolchain/arm/arm-gnu-toolchain/bin/../lib/gcc/arm-none-eabi/6.3.1/../../../../arm-none-eabi/lib/thumb/v6-m\libc.a(lib_a-fini.o)
 .debug_frame   0x00000e4c       0xb0 c:/program files (x86)/atmel/studio/7.0/toolchain/arm/arm-gnu-toolchain/bin/../lib/gcc/arm-none-eabi/6.3.1/../../../../arm-none-eabi/lib/thumb/v6-m\libc.a(lib_a-lock.o)
 .debug_frame   0x00000efc       0x3c c:/program files (x86)/atmel/studio/7.0/toolchain/arm/arm-gnu-toolchain/bin/../lib/gcc/arm-none-eabi/6.3.1/../../../../arm-none-eabi/lib/thumb/v6-m\libc.a(lib_a-__atexit.o)
