Archive member included to satisfy reference by file (symbol)

c:/program files (x86)/atmel/studio/7.0/toolchain/avr8/avr8-gnu-toolchain/bin/../lib/gcc/avr/5.4.0/../../../../avr/lib/avr51\libm.a(addsf3.o)
                              922/GAINClass.o (__subsf3)
c:/program files (x86)/atmel/studio/7.0/toolchain/avr8/avr8-gnu-toolchain/bin/../lib/gcc/avr/5.4.0/../../../../avr/lib/avr51\libm.a(addsf3x.o)
                              c:/program files (x86)/atmel/studio/7.0/toolchain/avr8/avr8-gnu-toolchain/bin/../lib/gcc/avr/5.4.0/../../../../avr/lib/avr51\libm.a(addsf3.o) (__addsf3x)
c:/program files (x86)/atmel/studio/7.0/toolchain/avr8/avr8-gnu-toolchain/bin/../lib/gcc/avr/5.4.0/../../../../avr/lib/avr51\libm.a(cmpsf2.o)
                              922/GAINClass.o (__ltsf2)
c:/program files (x86)/atmel/studio/7.0/toolchain/avr8/avr8-gnu-toolchain/bin/../lib/gcc/avr/5.4.0/../../../../avr/lib/avr51\libm.a(divsf3.o)
                              922/GAINClass.o (__divsf3)
c:/program files (x86)/atmel/studio/7.0/toolchain/avr8/avr8-gnu-toolchain/bin/../lib/gcc/avr/5.4.0/../../../../avr/lib/avr51\libm.a(divsf3x.o)
                              c:/program files (x86)/atmel/studio/7.0/toolchain/avr8/avr8-gnu-toolchain/bin/../lib/gcc/avr/5.4.0/../../../../avr/lib/avr51\libm.a(divsf3.o) (__divsf3x)
c:/program files (x86)/atmel/studio/7.0/toolchain/avr8/avr8-gnu-toolchain/bin/../lib/gcc/avr/5.4.0/../../../../avr/lib/avr51\libm.a(exp.o)
                              922/GAINClass.o (exp)
c:/program files (x86)/atmel/studio/7.0/toolchain/avr8/avr8-gnu-toolchain/bin/../lib/gcc/avr/5.4.0/../../../../avr/lib/avr51\libm.a(fixsfsi.o)
                              922/GAINClass.o (__fixsfsi)
c:/program files (x86)/atmel/studio/7.0/toolchain/avr8/avr8-gnu-toolchain/bin/../lib/gcc/avr/5.4.0/../../../../avr/lib/avr51\libm.a(fixunssfsi.o)
                              Application/eDeviceStream.o (__fixunssfsi)
c:/program files (x86)/atmel/studio/7.0/toolchain/avr8/avr8-gnu-toolchain/bin/../lib/gcc/avr/5.4.0/../../../../avr/lib/avr51\libm.a(floatsisf.o)
                              922/GAINClass.o (__floatunsisf)
c:/program files (x86)/atmel/studio/7.0/toolchain/avr8/avr8-gnu-toolchain/bin/../lib/gcc/avr/5.4.0/../../../../avr/lib/avr51\libm.a(fmod.o)
                              Application/eDeviceStream.o (fmod)
c:/program files (x86)/atmel/studio/7.0/toolchain/avr8/avr8-gnu-toolchain/bin/../lib/gcc/avr/5.4.0/../../../../avr/lib/avr51\libm.a(fp_cmp.o)
                              c:/program files (x86)/atmel/studio/7.0/toolchain/avr8/avr8-gnu-toolchain/bin/../lib/gcc/avr/5.4.0/../../../../avr/lib/avr51\libm.a(cmpsf2.o) (__fp_cmp)
c:/program files (x86)/atmel/studio/7.0/toolchain/avr8/avr8-gnu-toolchain/bin/../lib/gcc/avr/5.4.0/../../../../avr/lib/avr51\libm.a(fp_inf.o)
                              c:/program files (x86)/atmel/studio/7.0/toolchain/avr8/avr8-gnu-toolchain/bin/../lib/gcc/avr/5.4.0/../../../../avr/lib/avr51\libm.a(addsf3x.o) (__fp_inf)
c:/program files (x86)/atmel/studio/7.0/toolchain/avr8/avr8-gnu-toolchain/bin/../lib/gcc/avr/5.4.0/../../../../avr/lib/avr51\libm.a(fp_mpack.o)
                              c:/program files (x86)/atmel/studio/7.0/toolchain/avr8/avr8-gnu-toolchain/bin/../lib/gcc/avr/5.4.0/../../../../avr/lib/avr51\libm.a(fmod.o) (__fp_mpack)
c:/program files (x86)/atmel/studio/7.0/toolchain/avr8/avr8-gnu-toolchain/bin/../lib/gcc/avr/5.4.0/../../../../avr/lib/avr51\libm.a(fp_nan.o)
                              c:/program files (x86)/atmel/studio/7.0/toolchain/avr8/avr8-gnu-toolchain/bin/../lib/gcc/avr/5.4.0/../../../../avr/lib/avr51\libm.a(addsf3x.o) (__fp_nan)
c:/program files (x86)/atmel/studio/7.0/toolchain/avr8/avr8-gnu-toolchain/bin/../lib/gcc/avr/5.4.0/../../../../avr/lib/avr51\libm.a(fp_powser.o)
                              c:/program files (x86)/atmel/studio/7.0/toolchain/avr8/avr8-gnu-toolchain/bin/../lib/gcc/avr/5.4.0/../../../../avr/lib/avr51\libm.a(exp.o) (__fp_powser)
c:/program files (x86)/atmel/studio/7.0/toolchain/avr8/avr8-gnu-toolchain/bin/../lib/gcc/avr/5.4.0/../../../../avr/lib/avr51\libm.a(fp_pscA.o)
                              c:/program files (x86)/atmel/studio/7.0/toolchain/avr8/avr8-gnu-toolchain/bin/../lib/gcc/avr/5.4.0/../../../../avr/lib/avr51\libm.a(addsf3x.o) (__fp_pscA)
c:/program files (x86)/atmel/studio/7.0/toolchain/avr8/avr8-gnu-toolchain/bin/../lib/gcc/avr/5.4.0/../../../../avr/lib/avr51\libm.a(fp_pscB.o)
                              c:/program files (x86)/atmel/studio/7.0/toolchain/avr8/avr8-gnu-toolchain/bin/../lib/gcc/avr/5.4.0/../../../../avr/lib/avr51\libm.a(addsf3x.o) (__fp_pscB)
c:/program files (x86)/atmel/studio/7.0/toolchain/avr8/avr8-gnu-toolchain/bin/../lib/gcc/avr/5.4.0/../../../../avr/lib/avr51\libm.a(fp_round.o)
                              c:/program files (x86)/atmel/studio/7.0/toolchain/avr8/avr8-gnu-toolchain/bin/../lib/gcc/avr/5.4.0/../../../../avr/lib/avr51\libm.a(addsf3.o) (__fp_round)
[...]
Memory Configuration

Name             Origin             Length             Attributes
text             0x00000000         0x00020000         xr
data             0x00800100         0x0000ff00         rw !x
eeprom           0x00810000         0x00010000         rw !x
fuse             0x00820000         0x00000003         rw !x
lock             0x00830000         0x00000400         rw !x
signature        0x00840000         0x00000400         rw !x
user_signatures  0x00850000         0x00000400         rw !x
*default*        0x00000000         0xffffffff

Linker script and memory map

Address of section .data set to 0x800100
LOAD C:/Program Files (x86)/Atmel/Studio/7.0/Packs/Atmel/ATmega_DFP/1.3.300/gcc/dev/at90can128/avr51/crtat90can128.o
LOAD 922/error.o
LOAD 922/GAINClass.o
LOAD 922/version.o
LOAD Application/eDevice.o
LOAD Application/eDeviceADC.o
LOAD Application/eDeviceDigitalIO.o
LOAD Application/eDeviceEvent.o
LOAD Application/eDeviceNVM.o
LOAD Application/eDevicePWM.o
LOAD Application/eDeviceSerialStream.o
LOAD Application/eDeviceStream.o
LOAD Common/ConfigurationData.o
LOAD Common/GAINDefinitions.o
LOAD Common/MaintenanceTool.o
LOAD Common/PersistenceServices.o
LOAD ControlPanel/ControlPanel.o
LOAD Core/coreADConverter.o
LOAD Core/coreAsyncSerial.o
LOAD Core/coreCAN.o
LOAD Core/coreController.o
LOAD Core/coreI2C.o
LOAD Core/coreNVM.o
LOAD Core/corePorts.o
LOAD Core/corePWM.o
LOAD Core/coreRTC.o
LOAD Core/coreScheduler.o
LOAD Core/coreSPI.o
LOAD Core/coreSystemTimer.o
LOAD Core/eCore.o
LOAD main.o
LOAD Network/coreNSDDiagnostics.o
LOAD Network/coreNSDStack.o
LOAD Network/NSDHandler.o
LOAD Network/NSDMessage.o
LOAD PinCoding/PinCoding.o
START GROUP
LOAD c:/program files (x86)/atmel/studio/7.0/toolchain/avr8/avr8-gnu-toolchain/bin/../lib/gcc/avr/5.4.0/../../../../avr/lib/avr51\libm.a
END GROUP
LOAD c:/program files (x86)/atmel/studio/7.0/toolchain/avr8/avr8-gnu-toolchain/bin/../lib/gcc/avr/5.4.0/avr51\libgcc.a
LOAD c:/program files (x86)/atmel/studio/7.0/toolchain/avr8/avr8-gnu-toolchain/bin/../lib/gcc/avr/5.4.0/../../../../avr/lib/avr51\libm.a
START GROUP
LOAD c:/program files (x86)/atmel/studio/7.0/toolchain/avr8/avr8-gnu-toolchain/bin/../lib/gcc/avr/5.4.0/avr51\libgcc.a
LOAD c:/program files (x86)/atmel/studio/7.0/toolchain/avr8/avr8-gnu-toolchain/bin/../lib/gcc/avr/5.4.0/../../../../avr/lib/avr51\libm.a
LOAD c:/program files (x86)/atmel/studio/7.0/toolchain/avr8/avr8-gnu-toolchain/bin/../lib/gcc/avr/5.4.0/../../../../avr/lib/avr51\libc.a
LOAD C:/Program Files (x86)/Atmel/Studio/7.0/Packs/Atmel/ATmega_DFP/1.3.300/gcc/dev/at90can128/avr51\libat90can128.a
END GROUP
                0x00020000                __TEXT_REGION_LENGTH__ = DEFINED (__TEXT_REGION_LENGTH__)?__TEXT_REGION_LENGTH__:0x20000
                0x0000ff00                __DATA_REGION_LENGTH__ = DEFINED (__DATA_REGION_LENGTH__)?__DATA_REGION_LENGTH__:0xff00
                0x00010000                __EEPROM_REGION_LENGTH__ = DEFINED (__EEPROM_REGION_LENGTH__)?__EEPROM_REGION_LENGTH__:0x10000
                [0x00000003]                __FUSE_REGION_LENGTH__ = DEFINED (__FUSE_REGION_LENGTH__)?__FUSE_REGION_LENGTH__:0x400
                0x00000400                __LOCK_REGION_LENGTH__ = DEFINED (__LOCK_REGION_LENGTH__)?__LOCK_REGION_LENGTH__:0x400
                0x00000400                __SIGNATURE_REGION_LENGTH__ = DEFINED (__SIGNATURE_REGION_LENGTH__)?__SIGNATURE_REGION_LENGTH__:0x400
                0x00000400                __USER_SIGNATURE_REGION_LENGTH__ = DEFINED (__USER_SIGNATURE_REGION_LENGTH__)?__USER_SIGNATURE_REGION_LENGTH__:0x400

.hash
 *(.hash)

.dynsym
 *(.dynsym)

.dynstr
 *(.dynstr)

.gnu.version
 *(.gnu.version)

.gnu.version_d
 *(.gnu.version_d)

.gnu.version_r
 *(.gnu.version_r)

.rel.init
 *(.rel.init)

.rela.init
 *(.rela.init)

.rel.text
 *(.rel.text)
 *(.rel.text.*)
 *(.rel.gnu.linkonce.t*)

.rela.text
 *(.rela.text)
 *(.rela.text.*)
 *(.rela.gnu.linkonce.t*)

.rel.fini
 *(.rel.fini)

.rela.fini
 *(.rela.fini)

.rel.rodata
 *(.rel.rodata)
 *(.rel.rodata.*)
 *(.rel.gnu.linkonce.r*)

.rela.rodata
 *(.rela.rodata)
 *(.rela.rodata.*)
 *(.rela.gnu.linkonce.r*)

.rel.data
 *(.rel.data)
 *(.rel.data.*)
 *(.rel.gnu.linkonce.d*)

.rela.data
 *(.rela.data)
 *(.rela.data.*)
 *(.rela.gnu.linkonce.d*)

.rel.ctors
 *(.rel.ctors)

.rela.ctors
 *(.rela.ctors)

.rel.dtors
 *(.rel.dtors)

.rela.dtors
 *(.rela.dtors)

.rel.got
 *(.rel.got)

.rela.got
 *(.rela.got)

.rel.bss
 *(.rel.bss)

.rela.bss
 *(.rela.bss)

.rel.plt
 *(.rel.plt)

.rela.plt
 *(.rela.plt)

.text           0x00000000     0xedd2
 *(.vectors)
 .vectors       0x00000000       0x94 C:/Program Files (x86)/Atmel/Studio/7.0/Packs/Atmel/ATmega_DFP/1.3.300/gcc/dev/at90can128/avr51/crtat90can128.o
                0x00000000                __vector_default
                0x00000000                __vectors
 *(.vectors)
 *(.progmem.gcc*)
 .progmem.gcc_sw_table._ZN9GAINClass18handleInStateEventER5eventlRb
                0x00000094       0x16 922/GAINClass.o
 .progmem.gcc_sw_table._ZN9GAINClass13handleStateONEj
                0x000000aa       0x16 922/GAINClass.o
 .progmem.gcc_sw_table._ZN9GAINClass15handleGAINEventER5event
                0x000000c0       0x24 922/GAINClass.o
 .progmem.gcc_sw_table._ZN15MaintenanceTool17handleGAINCommandER6stream
                0x000000e4       0x14 Common/MaintenanceTool.o
 .progmem.gcc_sw_table.__vector_35
                0x000000f8      0x1f2 Core/coreI2C.o
 .progmem.gcc_fplib
                0x000002ea       0x28 c:/program files (x86)/atmel/studio/7.0/toolchain/avr8/avr8-gnu-toolchain/bin/../lib/gcc/avr/5.4.0/../../../../avr/lib/avr51\libm.a(exp.o)
 .progmem.gcc_fplib
                0x00000312       0x5a c:/program files (x86)/atmel/studio/7.0/toolchain/avr8/avr8-gnu-toolchain/bin/../lib/gcc/avr/5.4.0/../../../../avr/lib/avr51\libm.a(log.o)
                0x0000036c                . = ALIGN (0x2)
                0x0000036c                __trampolines_start = .
 *(.trampolines)
 .trampolines   0x0000036c        0x0 linker stubs
 *(.trampolines*)
                0x0000036c                __trampolines_end = .
 *libprintf_flt.a:*(.progmem.data)
 *libc.a:*(.progmem.data)
 *(.progmem*)
 .progmem.data.GAINErrorDescription
                0x0000036c       0x58 922/error.o
                0x0000036c                GAINErrorDescription
 .progmem.data.factoryDefaultsCycles
                0x000003c4      0x162 Common/ConfigurationData.o
                0x000003c4                factoryDefaultsCycles
 .progmem.data.factoryDefaultsConfiguration
                0x00000526       0x36 Common/ConfigurationData.o
                0x00000526                factoryDefaultsConfiguration
 .progmem.data.NSDDiagList
                0x0000055c       0x88 Network/coreNSDDiagnostics.o
                0x0000055c                NSDDiagList
                0x000005e4                . = ALIGN (0x2)
 *(.jumptables)
 *(.jumptables*)
 *(.lowtext)
 *(.lowtext*)
                0x000005e4                __ctors_start = .
 *(.ctors)
 .ctors         0x000005e4        0x2 922/GAINClass.o
 .ctors         0x000005e6        0x2 Application/eDevice.o
 .ctors         0x000005e8        0x2 Application/eDeviceEvent.o
 .ctors         0x000005ea        0x2 Common/PersistenceServices.o
 .ctors         0x000005ec        0x2 Network/NSDHandler.o
                0x000005ee                __ctors_end = .
                0x000005ee                __dtors_start = .
 *(.dtors)
 .dtors         0x000005ee        0x2 Application/eDevice.o
                0x000005f0                __dtors_end = .
 SORT(*)(.ctors)
 SORT(*)(.dtors)
 *(.init0)
 .init0         0x000005f0        0x0 C:/Program Files (x86)/Atmel/Studio/7.0/Packs/Atmel/ATmega_DFP/1.3.300/gcc/dev/at90can128/avr51/crtat90can128.o
                0x000005f0                __init
 *(.init0)
 *(.init1)
 *(.init1)
 *(.init2)
 .init2         0x000005f0        0xc C:/Program Files (x86)/Atmel/Studio/7.0/Packs/Atmel/ATmega_DFP/1.3.300/gcc/dev/at90can128/avr51/crtat90can128.o
 *(.init2)
 *(.init3)
 *(.init3)
 *(.init4)
 .init4         0x000005fc       0x1a c:/program files (x86)/atmel/studio/7.0/toolchain/avr8/avr8-gnu-toolchain/bin/../lib/gcc/avr/5.4.0/avr51\libgcc.a(_copy_data.o)
                0x000005fc                __do_copy_data
 .init4         0x00000616       0x10 c:/program files (x86)/atmel/studio/7.0/toolchain/avr8/avr8-gnu-toolchain/bin/../lib/gcc/avr/5.4.0/avr51\libgcc.a(_clear_bss.o)
                0x00000616                __do_clear_bss
 *(.init4)
 *(.init5)
 *(.init5)
 *(.init6)
 .init6         0x00000626       0x16 c:/program files (x86)/atmel/studio/7.0/toolchain/avr8/avr8-gnu-toolchain/bin/../lib/gcc/avr/5.4.0/avr51\libgcc.a(_ctors.o)
                0x00000626                __do_global_ctors
 *(.init6)
 *(.init7)
 *(.init7)
 *(.init8)
 *(.init8)
 *(.init9)
 .init9         0x0000063c        0x8 C:/Program Files (x86)/Atmel/Studio/7.0/Packs/Atmel/ATmega_DFP/1.3.300/gcc/dev/at90can128/avr51/crtat90can128.o
 *(.init9)
 *(.text)
 .text          0x00000644        0x2 C:/Program Files (x86)/Atmel/Studio/7.0/Packs/Atmel/ATmega_DFP/1.3.300/gcc/dev/at90can128/avr51/crtat90can128.o
                0x00000644                __vector_22
                0x00000644                __vector_28
                0x00000644                __vector_1
                0x00000644                __vector_34
                0x00000644                __vector_24
                0x00000644                __vector_12
                0x00000644                __bad_interrupt
                0x00000644                __vector_31
                0x00000644                __vector_3
                0x00000644                __vector_23
                0x00000644                __vector_30
                0x00000644                __vector_11
                0x00000644                __vector_13
                0x00000644                __vector_17
                0x00000644                __vector_19
                0x00000644                __vector_27
                0x00000644                __vector_4
                0x00000644                __vector_9
                0x00000644                __vector_2
                0x00000644                __vector_21
                0x00000644                __vector_15
                0x00000644                __vector_36
                0x00000644                __vector_29
                0x00000644                __vector_26
                0x00000644                __vector_14
                0x00000644                __vector_10
                0x00000646                . = ALIGN (0x2)
 *(.text.*)
 .text._ZN9GAINClassC2Ev
                0x00000646       0x78 922/GAINClass.o
                0x00000646                _ZN9GAINClassC1Ev
                0x00000646                _ZN9GAINClassC2Ev
 .text._ZN9GAINClass18setFactoryDefaultsEjbb
                0x000006be       0xd4 922/GAINClass.o
                0x000006be                _ZN9GAINClass18setFactoryDefaultsEjbb
 .text._ZN9GAINClass34setPersistentConfigurationDefaultsEv
                0x00000792       0x6a 922/GAINClass.o
                0x00000792                _ZN9GAINClass34setPersistentConfigurationDefaultsEv
 .text._ZN9GAINClass26syncConfigurationWithPanelEv
                0x000007fc      0x136 922/GAINClass.o
                0x000007fc                _ZN9GAINClass26syncConfigurationWithPanelEv
 .text._ZN9GAINClass26resyncWithCycleDescriptionEh
                0x00000932       0x9a 922/GAINClass.o
                0x00000932                _ZN9GAINClass26resyncWithCycleDescriptionEh
 .text._ZN9GAINClass18abortCateringCycleEv
                0x000009cc       0x62 922/GAINClass.o
                0x000009cc                _ZN9GAINClass18abortCateringCycleEv
 .text._ZN9GAINClass11setFanStateEb
                0x00000a2e       0xf4 922/GAINClass.o
                0x00000a2e                _ZN9GAINClass11setFanStateEb
 .text._ZN9GAINClass13setValveStateEb
                0x00000b22       0x54 922/GAINClass.o
                0x00000b22                _ZN9GAINClass13setValveStateEb
 .text._ZN9GAINClass14setHeaterStateEbb
                0x00000b76      0x108 922/GAINClass.o
                0x00000b76                _ZN9GAINClass14setHeaterStateEbb
 .text._ZN9GAINClass16saveCurrentStateEv
                0x00000c7e       0x4a 922/GAINClass.o
                0x00000c7e                _ZN9GAINClass16saveCurrentStateEv
 .text._ZNK9GAINClass12getDoorStateEv
                0x00000cc8        0xa 922/GAINClass.o
                0x00000cc8                _ZNK9GAINClass12getDoorStateEv
 .text._ZN9GAINClass19GAINGetWaitingFlagsEv
                0x00000cd2       0x24 922/GAINClass.o
                0x00000cd2                _ZN9GAINClass19GAINGetWaitingFlagsEv
 .text._ZN9GAINClass11GAINIsReadyEv
                0x00000cf6        0xe 922/GAINClass.o
                0x00000cf6                _ZN9GAINClass11GAINIsReadyEv
 .text._ZN9GAINClass15GAINGetHMIFlagsEv
                0x00000d04       0x74 922/GAINClass.o
                0x00000d04                _ZN9GAINClass15GAINGetHMIFlagsEv
 .text._ZN9GAINClass18handleInStateEventER5eventlRb
                0x00000d78      0x85c 922/GAINClass.o
                0x00000d78                _ZN9GAINClass18handleInStateEventER5eventlRb
 .text._ZN9GAINClass21handleStateStandbyOFFEj
                0x000015d4      0x12e 922/GAINClass.o
                0x000015d4                _ZN9GAINClass21handleStateStandbyOFFEj
 .text._ZN9GAINClass27handleStatePrepareStandbyONEj
                0x00001702      0x17c 922/GAINClass.o
                0x00001702                _ZN9GAINClass27handleStatePrepareStandbyONEj
 .text._ZN9GAINClass20handleStateStandbyONEj
                0x0000187e      0x20a 922/GAINClass.o
                0x0000187e                _ZN9GAINClass20handleStateStandbyONEj
 .text._ZN9GAINClass18handleStateDelayedEj
                0x00001a88      0x364 922/GAINClass.o
                0x00001a88                _ZN9GAINClass18handleStateDelayedEj
 .text._ZN9GAINClass19handleStateFinishedEj
                0x00001dec      0x146 922/GAINClass.o
                0x00001dec                _ZN9GAINClass19handleStateFinishedEj
 .text._ZN9GAINClass16handleStateErrorEj
                0x00001f32      0x120 922/GAINClass.o
                0x00001f32                _ZN9GAINClass16handleStateErrorEj
 .text._ZN9GAINClass22handleStateMaintenanceEj
                0x00002052       0xec 922/GAINClass.o
                0x00002052                _ZN9GAINClass22handleStateMaintenanceEj
 .text._ZN9GAINClass15resyncWithPanelEh
                0x0000213e       0xe8 922/GAINClass.o
                0x0000213e                _ZN9GAINClass15resyncWithPanelEh
 .text._ZN9GAINClass17handleStateResumeEj
                0x00002226      0x154 922/GAINClass.o
                0x00002226                _ZN9GAINClass17handleStateResumeEj
 .text._ZN9GAINClass22handleStateInterruptedEj
                0x0000237a      0x3ee 922/GAINClass.o
                0x0000237a                _ZN9GAINClass22handleStateInterruptedEj
 .text._ZN9GAINClass25handleStateStoppedProcessEj
                0x00002768      0x220 922/GAINClass.o
                0x00002768                _ZN9GAINClass25handleStateStoppedProcessEj
 .text._ZN9GAINClass22handleStateSelfProtectEj
                0x00002988      0x418 922/GAINClass.o
                0x00002988                _ZN9GAINClass22handleStateSelfProtectEj
 .text._ZN9GAINClass21getAmbientTemperatureEb
                0x00002da0       0x4a 922/GAINClass.o
                0x00002da0                _ZN9GAINClass21getAmbientTemperatureEb
 .text._ZN9GAINClass21getCabinetTemperatureEb
                0x00002dea      0x19a 922/GAINClass.o
                0x00002dea                _ZN9GAINClass21getCabinetTemperatureEb
 .text._ZN9GAINClass23handleStateStandbyReadyEj
                0x00002f84      0x224 922/GAINClass.o
                0x00002f84                _ZN9GAINClass23handleStateStandbyReadyEj
 .text._ZN9GAINClass21getSteamerTemperatureEb
                0x000031a8      0x200 922/GAINClass.o
                0x000031a8                _ZN9GAINClass21getSteamerTemperatureEb
 .text._ZN9GAINClass21handlePowerOnSelftestEv
                0x000033a8      0x234 922/GAINClass.o
                0x000033a8                _ZN9GAINClass21handlePowerOnSelftestEv
 .text._ZN9GAINClass21handleStateInitializeEj
                0x000035dc      0x20c 922/GAINClass.o
                0x000035dc                _ZN9GAINClass21handleStateInitializeEj
 .text._ZN9GAINClass16getWaterPressureEb
                0x000037e8       0xe2 922/GAINClass.o
                0x000037e8                _ZN9GAINClass16getWaterPressureEb
 .text._ZN9GAINClass13handleStateONEj
                0x000038ca      0xedc 922/GAINClass.o
                0x000038ca                _ZN9GAINClass13handleStateONEj
 .text._GLOBAL__sub_I_GAIN
                0x000047a6        0xa 922/GAINClass.o
 .text._Z18checkCommunicationv
                0x000047b0       0xc2 922/GAINClass.o
                0x000047b0                _Z18checkCommunicationv
 .text._Z10checkEventv
                0x00004872      0x794 922/GAINClass.o
                0x00004872                _Z10checkEventv
 .text._ZN9GAINClass20handleStateHMIUpdateEj
                0x00005006       0x80 922/GAINClass.o
                0x00005006                _ZN9GAINClass20handleStateHMIUpdateEj
 .text._ZN9GAINClass25handleStateFirmwareUpdateEj
                0x00005086       0x60 922/GAINClass.o
                0x00005086                _ZN9GAINClass25handleStateFirmwareUpdateEj
 .text._ZN9GAINClass15handleGAINEventER5event
                0x000050e6      0x132 922/GAINClass.o
                0x000050e6                _ZN9GAINClass15handleGAINEventER5event
 .text._ZN9GAINClass3runEv
                0x00005218      0x1ec 922/GAINClass.o
                0x00005218                _ZN9GAINClass3runEv
 .text.__cxa_pure_virtual
                0x00005404        0x2 Application/eDevice.o
                0x00005404                __cxa_pure_virtual
 .text._ZdlPv   0x00005406        0x6 Application/eDevice.o
                0x00005406                _ZdlPv
 .text._ZN7eDevice10initializeEv
                0x0000540c       0x1a Application/eDevice.o
                0x0000540c                _ZN7eDevice10initializeEv
 .text._GLOBAL__sub_I__ZN7eDevice6eepromE
                0x00005426       0x26 Application/eDevice.o
 .text._GLOBAL__sub_D__ZN7eDevice6eepromE
                0x0000544c       0x14 Application/eDevice.o
 .text._ZN16eDeviceDigitalIOC2Ev
                0x00005460        0x2 Application/eDeviceDigitalIO.o
                0x00005460                _ZN16eDeviceDigitalIOC2Ev
                0x00005460                _ZN16eDeviceDigitalIOC1Ev
 .text._Z16initializeEventsv
                0x00005462       0x2e Application/eDeviceEvent.o
                0x00005462                _Z16initializeEventsv
 .text._Z12waitForEventR5eventjjl
                0x00005490      0x1c6 Application/eDeviceEvent.o
                0x00005490                _Z12waitForEventR5eventjjl
 .text._Z13sendEventSelfRK5event
                0x00005656       0xa2 Application/eDeviceEvent.o
                0x00005656                _Z13sendEventSelfRK5event
 .text._Z13sendEventSelfjjRK9eventData
                0x000056f8       0x4a Application/eDeviceEvent.o
                0x000056f8                _Z13sendEventSelfjjRK9eventData
 .text._GLOBAL__sub_I_sizeOfEventQueue
                0x00005742       0x2a Application/eDeviceEvent.o
 .text._ZN10eDeviceNVMC2Eh
                0x0000576c        0x6 Application/eDeviceNVM.o
                0x0000576c                _ZN10eDeviceNVMC2Eh
                0x0000576c                _ZN10eDeviceNVMC1Eh
 .text._ZN10eDevicePWMC2Ev
                0x00005772        0xa Application/eDevicePWM.o
                0x00005772                _ZN10eDevicePWMC1Ev
                0x00005772                _ZN10eDevicePWMC2Ev
 .text._ZN12serialStream13dataAvailableEv
                0x0000577c        0xa Application/eDeviceSerialStream.o
                0x0000577c                _ZN12serialStream13dataAvailableEv
 .text._ZN12serialStream8readDataEPvil
                0x00005786       0x12 Application/eDeviceSerialStream.o
                0x00005786                _ZN12serialStream8readDataEPvil
 .text._ZN12serialStream9writeDataEPKvi
                0x00005798        0xa Application/eDeviceSerialStream.o
                0x00005798                _ZN12serialStream9writeDataEPKvi
 .text._ZN12serialStreamD2Ev
                0x000057a2        0xe Application/eDeviceSerialStream.o
                0x000057a2                _ZN12serialStreamD1Ev
                0x000057a2                _ZN12serialStreamD2Ev
 .text._ZN12serialStreamD0Ev
                0x000057b0       0x1c Application/eDeviceSerialStream.o
                0x000057b0                _ZN12serialStreamD0Ev
 .text._ZN12serialStreamC2Eh
                0x000057cc       0x1e Application/eDeviceSerialStream.o
                0x000057cc                _ZN12serialStreamC2Eh
                0x000057cc                _ZN12serialStreamC1Eh
 .text._ZN12serialStream4openEv
                0x000057ea       0x28 Application/eDeviceSerialStream.o
                0x000057ea                _ZN12serialStream4openEv
 .text._ZN6streamC2Ev
                0x00005812       0x26 Application/eDeviceStream.o
                0x00005812                _ZN6streamC1Ev
                0x00005812                _ZN6streamC2Ev
 .text._ZN6streamD2Ev
                0x00005838        0x2 Application/eDeviceStream.o
                0x00005838                _ZN6streamD2Ev
                0x00005838                _ZN6streamD1Ev
 .text._ZN6stream4readERc
                0x0000583a       0x28 Application/eDeviceStream.o
                0x0000583a                _ZN6stream4readERc
 .text._ZN15MaintenanceToolC2Ev
                0x00005862       0x16 Common/MaintenanceTool.o
                0x00005862                _ZN15MaintenanceToolC1Ev
                0x00005862                _ZN15MaintenanceToolC2Ev
 .text._ZN15MaintenanceTool19updateAnalogueValueEhf
                0x00005878       0x16 Common/MaintenanceTool.o
                0x00005878                _ZN15MaintenanceTool19updateAnalogueValueEhf
 .text._ZN15MaintenanceTool24handleGAINCommandConnectER6streamR17GAINMessageHeader
                0x0000588e       0x60 Common/MaintenanceTool.o
                0x0000588e                _ZN15MaintenanceTool24handleGAINCommandConnectER6streamR17GAINMessageHeader
 .text._ZN15MaintenanceTool27handleGAINCommandDisconnectER6streamR17GAINMessageHeader
                0x000058ee       0x5a Common/MaintenanceTool.o
                0x000058ee                _ZN15MaintenanceTool27handleGAINCommandDisconnectER6streamR17GAINMessageHeader
 .text._ZN15MaintenanceTool25handleGAINCommandResetNVMER6streamR17GAINMessageHeader
                0x00005948       0x94 Common/MaintenanceTool.o
                0x00005948                _ZN15MaintenanceTool25handleGAINCommandResetNVMER6streamR17GAINMessageHeader
 .text._ZN15MaintenanceTool17calculateChecksumEjjPKv
                0x000059dc       0x36 Common/MaintenanceTool.o
                0x000059dc                _ZN15MaintenanceTool17calculateChecksumEjjPKv
 .text._ZN15MaintenanceTool17calculateChecksumERK17GAINMessageHeader
                0x00005a12        0xe Common/MaintenanceTool.o
                0x00005a12                _ZN15MaintenanceTool17calculateChecksumERK17GAINMessageHeader
 .text._ZN15MaintenanceTool25notifyGAINCommandReceivedER6streamR17GAINMessageHeaderb
                0x00005a20       0x84 Common/MaintenanceTool.o
                0x00005a20                _ZN15MaintenanceTool25notifyGAINCommandReceivedER6streamR17GAINMessageHeaderb
 .text._ZN15MaintenanceTool23notifyGAINQueryReceivedER6streamR17GAINMessageHeaderb
                0x00005aa4       0x84 Common/MaintenanceTool.o
                0x00005aa4                _ZN15MaintenanceTool23notifyGAINQueryReceivedER6streamR17GAINMessageHeaderb
 .text._ZN15MaintenanceTool15GAINNotifyStateER6streamhh
                0x00005b28      0x132 Common/MaintenanceTool.o
                0x00005b28                _ZN15MaintenanceTool15GAINNotifyStateER6streamhh
 .text._ZN15MaintenanceTool25GAINNotifyControllerStateER6stream
                0x00005c5a      0x11c Common/MaintenanceTool.o
                0x00005c5a                _ZN15MaintenanceTool25GAINNotifyControllerStateER6stream
 .text._ZN15MaintenanceTool24GAINNotifyAnalogueValuesER6stream
                0x00005d76      0x10a Common/MaintenanceTool.o
                0x00005d76                _ZN15MaintenanceTool24GAINNotifyAnalogueValuesER6stream
 .text._ZN15MaintenanceTool19GAINNotifyUsageDataER6stream
                0x00005e80      0x116 Common/MaintenanceTool.o
                0x00005e80                _ZN15MaintenanceTool19GAINNotifyUsageDataER6stream
 .text._ZN15MaintenanceTool18handlePeriodicTaskER6streamhh
                0x00005f96      0x16e Common/MaintenanceTool.o
                0x00005f96                _ZN15MaintenanceTool18handlePeriodicTaskER6streamhh
 .text._ZN15MaintenanceTool35handleGAINCommandSetControllerStateER6streamR17GAINMessageHeader
                0x00006104      0x174 Common/MaintenanceTool.o
                0x00006104                _ZN15MaintenanceTool35handleGAINCommandSetControllerStateER6streamR17GAINMessageHeader
 .text._ZN15MaintenanceTool33handleGAINCommandSetConfigurationER6streamR17GAINMessageHeader
                0x00006278      0x148 Common/MaintenanceTool.o
                0x00006278                _ZN15MaintenanceTool33handleGAINCommandSetConfigurationER6streamR17GAINMessageHeader
 .text._ZN15MaintenanceTool36handleGAINCommandSetCycleDescriptionER6streamR17GAINMessageHeader
                0x000063c0      0x138 Common/MaintenanceTool.o
                0x000063c0                _ZN15MaintenanceTool36handleGAINCommandSetCycleDescriptionER6streamR17GAINMessageHeader
 .text._ZN15MaintenanceTool27handleGAINCommandSetNSDDataER6streamR17GAINMessageHeader
                0x000064f8      0x1d8 Common/MaintenanceTool.o
                0x000064f8                _ZN15MaintenanceTool27handleGAINCommandSetNSDDataER6streamR17GAINMessageHeader
 .text._ZN15MaintenanceTool17handleGAINCommandER6stream
                0x000066d0      0x16c Common/MaintenanceTool.o
                0x000066d0                _ZN15MaintenanceTool17handleGAINCommandER6stream
 .text._ZN15MaintenanceTool19handleGAINQueryInfoER6streamR17GAINMessageHeader
                0x0000683c      0x15c Common/MaintenanceTool.o
                0x0000683c                _ZN15MaintenanceTool19handleGAINQueryInfoER6streamR17GAINMessageHeader
 .text._ZN15MaintenanceTool28handleGAINQueryConfigurationER6streamR17GAINMessageHeader
                0x00006998      0x302 Common/MaintenanceTool.o
                0x00006998                _ZN15MaintenanceTool28handleGAINQueryConfigurationER6streamR17GAINMessageHeader
 .text._ZN15MaintenanceTool23handleGAINQueryFaultLogER6streamR17GAINMessageHeader
                0x00006c9a      0x222 Common/MaintenanceTool.o
                0x00006c9a                _ZN15MaintenanceTool23handleGAINQueryFaultLogER6streamR17GAINMessageHeader
 .text._ZN15MaintenanceTool15handleGAINQueryER6stream
                0x00006ebc      0x106 Common/MaintenanceTool.o
                0x00006ebc                _ZN15MaintenanceTool15handleGAINQueryER6stream
 .text._ZN15MaintenanceTool19handleCommunicationER6stream
                0x00006fc2       0xc8 Common/MaintenanceTool.o
                0x00006fc2                _ZN15MaintenanceTool19handleCommunicationER6stream
 .text._ZN19PersistenceServices21writeCycleDescriptionER16CycleDescriptionh
                0x0000708a       0x3a Common/PersistenceServices.o
                0x0000708a                _ZN19PersistenceServices21writeCycleDescriptionER16CycleDescriptionh
 .text._ZN19PersistenceServices8logErrorEjj
                0x000070c4        0x2 Common/PersistenceServices.o
                0x000070c4                _ZN19PersistenceServices8logErrorEjj
 .text._ZN19PersistenceServices26restoreWorkingStateForGAINER16GAINWorkingState
                0x000070c6       0x3c Common/PersistenceServices.o
                0x000070c6                _ZN19PersistenceServices26restoreWorkingStateForGAINER16GAINWorkingState
 .text._ZN19PersistenceServices19initializeErrorAreaEv
                0x00007102        0x2 Common/PersistenceServices.o
                0x00007102                _ZN19PersistenceServices19initializeErrorAreaEv
 .text._ZN19PersistenceServices25initializeMaintenanceAreaEv
                0x00007104        0x2 Common/PersistenceServices.o
                0x00007104                _ZN19PersistenceServices25initializeMaintenanceAreaEv
 .text._ZN19PersistenceServices12getUsageDataEPm
                0x00007106       0x2e Common/PersistenceServices.o
                0x00007106                _ZN19PersistenceServices12getUsageDataEPm
 .text._ZNK19PersistenceServices12getUsageTimeEh
                0x00007134       0x60 Common/PersistenceServices.o
                0x00007134                _ZNK19PersistenceServices12getUsageTimeEh
 .text._ZN19PersistenceServices15updateUsageTimeEhb
                0x00007194      0x184 Common/PersistenceServices.o
                0x00007194                _ZN19PersistenceServices15updateUsageTimeEhb
 .text._ZN19PersistenceServices18updateUsageCounterEhl
                0x00007318       0xac Common/PersistenceServices.o
                0x00007318                _ZN19PersistenceServices18updateUsageCounterEhl
 .text._ZN19PersistenceServices21isPersistentAreaValidEhR9NVMHeaderm
                0x000073c4       0x94 Common/PersistenceServices.o
                0x000073c4                _ZN19PersistenceServices21isPersistentAreaValidEhR9NVMHeaderm
 .text._ZN19PersistenceServices25readConfigurationDataAreaER17ConfigurationData
                0x00007458       0x78 Common/PersistenceServices.o
                0x00007458                _ZN19PersistenceServices25readConfigurationDataAreaER17ConfigurationData
 .text._ZN19PersistenceServices23readCycleDictionaryAreaER15CycleDictionary
                0x000074d0       0x66 Common/PersistenceServices.o
                0x000074d0                _ZN19PersistenceServices23readCycleDictionaryAreaER15CycleDictionary
 .text._ZN19PersistenceServices20readCycleDescriptionER16CycleDescriptionh
                0x00007536       0x60 Common/PersistenceServices.o
                0x00007536                _ZN19PersistenceServices20readCycleDescriptionER16CycleDescriptionh
 .text._ZN19PersistenceServices35readPersistentConfigurationDataAreaER27PersistentConfigurationData
                0x00007596       0x80 Common/PersistenceServices.o
                0x00007596                _ZN19PersistenceServices35readPersistentConfigurationDataAreaER27PersistentConfigurationData
 .text._ZN19PersistenceServices24invalidatePersistentAreaEhR9NVMHeader
                0x00007616       0x64 Common/PersistenceServices.o
                0x00007616                _ZN19PersistenceServices24invalidatePersistentAreaEhR9NVMHeader
 .text._ZN19PersistenceServices41invalidatePersistentConfigurationDataAreaEv
                0x0000767a        0xa Common/PersistenceServices.o
                0x0000767a                _ZN19PersistenceServices41invalidatePersistentConfigurationDataAreaEv
 .text._ZN19PersistenceServices24clearWorkingStateForGAINEv
                0x00007684       0x20 Common/PersistenceServices.o
                0x00007684                _ZN19PersistenceServices24clearWorkingStateForGAINEv
 .text._ZN19PersistenceServices33validWorkingStateForGAINAvailableElb
                0x000076a4      0x150 Common/PersistenceServices.o
                0x000076a4                _ZN19PersistenceServices33validWorkingStateForGAINAvailableElb
 .text._ZN19PersistenceServices22validatePersistentAreaEhR9NVMHeaderm
                0x000077f4       0x80 Common/PersistenceServices.o
                0x000077f4                _ZN19PersistenceServices22validatePersistentAreaEhR9NVMHeaderm
 .text._ZN19PersistenceServices26writeConfigurationDataAreaER17ConfigurationData
                0x00007874       0x64 Common/PersistenceServices.o
                0x00007874                _ZN19PersistenceServices26writeConfigurationDataAreaER17ConfigurationData
 .text._ZN19PersistenceServices24writeCycleDictionaryAreaER15CycleDictionary
                0x000078d8       0x5c Common/PersistenceServices.o
                0x000078d8                _ZN19PersistenceServices24writeCycleDictionaryAreaER15CycleDictionary
 .text._ZN19PersistenceServices36writePersistentConfigurationDataAreaER27PersistentConfigurationData
                0x00007934       0x76 Common/PersistenceServices.o
                0x00007934                _ZN19PersistenceServices36writePersistentConfigurationDataAreaER27PersistentConfigurationData
 .text._ZN19PersistenceServices23saveWorkingStateForGAINER16GAINWorkingState
                0x000079aa       0x98 Common/PersistenceServices.o
                0x000079aa                _ZN19PersistenceServices23saveWorkingStateForGAINER16GAINWorkingState
 .text._ZN19PersistenceServices12eraseNVMAreaEhlm
                0x00007a42      0x172 Common/PersistenceServices.o
                0x00007a42                _ZN19PersistenceServices12eraseNVMAreaEhlm
 .text._ZN19PersistenceServices17initializeNVMAreaEhR9NVMHeaderm
                0x00007bb4       0x5a Common/PersistenceServices.o
                0x00007bb4                _ZN19PersistenceServices17initializeNVMAreaEhR9NVMHeaderm
 .text._ZN19PersistenceServices19initializeUsageAreaEv
                0x00007c0e       0x1a Common/PersistenceServices.o
                0x00007c0e                _ZN19PersistenceServices19initializeUsageAreaEv
 .text._ZN19PersistenceServices21checkAndRepairNVMAreaEhR9NVMHeaderm
                0x00007c28       0x4a Common/PersistenceServices.o
                0x00007c28                _ZN19PersistenceServices21checkAndRepairNVMAreaEhR9NVMHeaderm
 .text._ZN19PersistenceServices28checkAndRepairNVMConsistencyEv
                0x00007c72       0x5a Common/PersistenceServices.o
                0x00007c72                _ZN19PersistenceServices28checkAndRepairNVMConsistencyEv
 .text._GLOBAL__sub_I_validMagic
                0x00007ccc        0x6 Common/PersistenceServices.o
 .text._ZN12ControlPanelC2Ev
                0x00007cd2       0x1c ControlPanel/ControlPanel.o
                0x00007cd2                _ZN12ControlPanelC1Ev
                0x00007cd2                _ZN12ControlPanelC2Ev
 .text._ZN12ControlPanel19setPowerSupplyStateEb
                0x00007cee       0x18 ControlPanel/ControlPanel.o
                0x00007cee                _ZN12ControlPanel19setPowerSupplyStateEb
 .text._ZNK12ControlPanel19getPowerSupplyStateEv
                0x00007d06        0xa ControlPanel/ControlPanel.o
                0x00007d06                _ZNK12ControlPanel19getPowerSupplyStateEv
 .text._ZN12ControlPanel11checkEventsEv
                0x00007d10      0x2f4 ControlPanel/ControlPanel.o
                0x00007d10                _ZN12ControlPanel11checkEventsEv
 .text._ZN12ControlPanel18handlePeriodicTaskEv
                0x00008004        0xc ControlPanel/ControlPanel.o
                0x00008004                _ZN12ControlPanel18handlePeriodicTaskEv
 .text._ZN12ControlPanel4waitEi
                0x00008010       0x90 ControlPanel/ControlPanel.o
                0x00008010                _ZN12ControlPanel4waitEi
 .text._ZN12ControlPanel11sendRequestERK18panelRequestHeaderPKva
                0x000080a0       0x62 ControlPanel/ControlPanel.o
                0x000080a0                _ZN12ControlPanel11sendRequestERK18panelRequestHeaderPKva
 .text._ZN12ControlPanel16syncWithGAINInfoEjj
                0x00008102       0xc8 ControlPanel/ControlPanel.o
                0x00008102                _ZN12ControlPanel16syncWithGAINInfoEjj
 .text._ZN12ControlPanel13syncWithStateEhj
                0x000081ca       0x78 ControlPanel/ControlPanel.o
                0x000081ca                _ZN12ControlPanel13syncWithStateEhj
 .text._ZN12ControlPanel24syncWithCycleDescriptionEhRK16CycleDescription
                0x00008242       0x70 ControlPanel/ControlPanel.o
                0x00008242                _ZN12ControlPanel24syncWithCycleDescriptionEhRK16CycleDescription
 .text._ZN12ControlPanel26syncWithCycleDescriptionIDEhh
                0x000082b2       0x62 ControlPanel/ControlPanel.o
                0x000082b2                _ZN12ControlPanel26syncWithCycleDescriptionIDEhh
 .text._ZN12ControlPanel19syncWithTemperatureEii
                0x00008314       0x66 ControlPanel/ControlPanel.o
                0x00008314                _ZN12ControlPanel19syncWithTemperatureEii
 .text._ZN12ControlPanel17syncWithDelayTimeEih
                0x0000837a       0x64 ControlPanel/ControlPanel.o
                0x0000837a                _ZN12ControlPanel17syncWithDelayTimeEih
 .text._ZN12ControlPanel21syncWithRemainingTimeEih
                0x000083de       0x5c ControlPanel/ControlPanel.o
                0x000083de                _ZN12ControlPanel21syncWithRemainingTimeEih
 .text._ZN12ControlPanel21syncWithRemainingTimeElh
                0x0000843a       0x46 ControlPanel/ControlPanel.o
                0x0000843a                _ZN12ControlPanel21syncWithRemainingTimeElh
 .text._ZN12ControlPanel20syncWithNetworkStateEv
                0x00008480       0x8c ControlPanel/ControlPanel.o
                0x00008480                _ZN12ControlPanel20syncWithNetworkStateEv
 .text._ZN12ControlPanel22syncWithFirmwareUpdateEv
                0x0000850c       0x54 ControlPanel/ControlPanel.o
                0x0000850c                _ZN12ControlPanel22syncWithFirmwareUpdateEv
 .text._ZN12ControlPanel6updateEb
                0x00008560      0x39c ControlPanel/ControlPanel.o
                0x00008560                _ZN12ControlPanel6updateEb
 .text.__vector_25
                0x000088fc      0x190 Core/coreADConverter.o
                0x000088fc                __vector_25
 .text.coreADConverterInitialize
                0x00008a8c       0x56 Core/coreADConverter.o
                0x00008a8c                coreADConverterInitialize
 .text.coreADConverterDisableAutoTrigger
                0x00008ae2       0x16 Core/coreADConverter.o
                0x00008ae2                coreADConverterDisableAutoTrigger
 .text.coreADConverterEnableAutoTrigger
                0x00008af8       0xda Core/coreADConverter.o
                0x00008af8                coreADConverterEnableAutoTrigger
 .text.__vector_32
                0x00008bd2       0x5c Core/coreAsyncSerial.o
                0x00008bd2                __vector_32
 .text.__vector_33
                0x00008c2e       0x68 Core/coreAsyncSerial.o
                0x00008c2e                __vector_33
 .text.coreAsyncSerialInitialize
                0x00008c96       0x20 Core/coreAsyncSerial.o
                0x00008c96                coreAsyncSerialInitialize
 .text.coreAsyncSerialOpen
                0x00008cb6       0x6a Core/coreAsyncSerial.o
                0x00008cb6                coreAsyncSerialOpen
 .text.coreAsyncSerialDataAvailable
                0x00008d20        0xe Core/coreAsyncSerial.o
                0x00008d20                coreAsyncSerialDataAvailable
 .text.coreAsyncSerialRead
                0x00008d2e      0x13a Core/coreAsyncSerial.o
                0x00008d2e                coreAsyncSerialRead
 .text.coreAsyncSerialWrite
                0x00008e68       0x5e Core/coreAsyncSerial.o
                0x00008e68                coreAsyncSerialWrite
 .text.coreGANGetMessageObjectID
                0x00008ec6       0x32 Core/coreCAN.o
                0x00008ec6                coreGANGetMessageObjectID
 .text.__vector_18
                0x00008ef8      0x10a Core/coreCAN.o
                0x00008ef8                __vector_18
 .text.coreCANOpen
                0x00009002        0x4 Core/coreCAN.o
                0x00009002                coreCANOpen
 .text.coreCANClearMessageObject
                0x00009006       0x3e Core/coreCAN.o
                0x00009006                coreCANClearMessageObject
 .text.coreCANInitialize
                0x00009044       0x88 Core/coreCAN.o
                0x00009044                coreCANInitialize
 .text.coreCANReset
                0x000090cc       0x16 Core/coreCAN.o
                0x000090cc                coreCANReset
 .text.coreCANGetResetCounter
                0x000090e2        0xa Core/coreCAN.o
                0x000090e2                coreCANGetResetCounter
 .text.coreCANGetBusOffState
                0x000090ec        0xa Core/coreCAN.o
                0x000090ec                coreCANGetBusOffState
 .text.coreCANResetBusOffState
                0x000090f6        0x4 Core/coreCAN.o
                0x000090f6                coreCANResetBusOffState
 .text.coreCANGetTEC
                0x000090fa        0x6 Core/coreCAN.o
                0x000090fa                coreCANGetTEC
 .text.coreCANGetREC
                0x00009100        0x6 Core/coreCAN.o
                0x00009100                coreCANGetREC
 .text.coreCANDataAvailable
                0x00009106        0x6 Core/coreCAN.o
                0x00009106                coreCANDataAvailable
 .text.coreCANReadMessage
                0x0000910c      0x1c2 Core/coreCAN.o
                0x0000910c                coreCANReadMessage
 .text.coreCANWriteMessage
                0x000092ce       0xfa Core/coreCAN.o
                0x000092ce                coreCANWriteMessage
 .text.__vector_5
                0x000093c8       0x6a Core/coreController.o
                0x000093c8                __vector_5
 .text.__vector_6
                0x00009432       0x6a Core/coreController.o
                0x00009432                __vector_6
 .text.__vector_7
                0x0000949c       0x6a Core/coreController.o
                0x0000949c                __vector_7
 .text.__vector_8
                0x00009506       0x6a Core/coreController.o
                0x00009506                __vector_8
 .text.coreControllerInitialize
                0x00009570       0x44 Core/coreController.o
                0x00009570                coreControllerInitialize
 .text.coreControllerReset
                0x000095b4       0x1e Core/coreController.o
                0x000095b4                coreControllerReset
 .text.coreControllerEnableInterrupts
                0x000095d2        0x4 Core/coreController.o
                0x000095d2                coreControllerEnableInterrupts
 .text.coreControllerEnableExternalInterrupt
                0x000095d6       0x88 Core/coreController.o
                0x000095d6                coreControllerEnableExternalInterrupt
 .text.coreControllerDisableExternalInterrupt
                0x0000965e       0x70 Core/coreController.o
                0x0000965e                coreControllerDisableExternalInterrupt
 .text.coreControllerEnableWatchdog
                0x000096ce       0x2e Core/coreController.o
                0x000096ce                coreControllerEnableWatchdog
 .text.coreControllerDisableWatchdog
                0x000096fc       0x28 Core/coreController.o
                0x000096fc                coreControllerDisableWatchdog
 .text.coreControllerEnterBootloader
                0x00009724       0x12 Core/coreController.o
                0x00009724                coreControllerEnterBootloader
 .text.coreI2CInitialize
                0x00009736       0x4e Core/coreI2C.o
                0x00009736                coreI2CInitialize
 .text.coreI2COpen
                0x00009784       0x7e Core/coreI2C.o
                0x00009784                coreI2COpen
 .text.coreI2CAbortOperation
                0x00009802       0x44 Core/coreI2C.o
                0x00009802                coreI2CAbortOperation
 .text.coreI2CMasterSend
                0x00009846       0x7e Core/coreI2C.o
                0x00009846                coreI2CMasterSend
 .text.coreI2CWrite
                0x000098c4        0x8 Core/coreI2C.o
                0x000098c4                coreI2CWrite
 .text.coreI2CMasterReceive
                0x000098cc       0x7e Core/coreI2C.o
                0x000098cc                coreI2CMasterReceive
 .text.coreI2CRead
                0x0000994a        0x8 Core/coreI2C.o
                0x0000994a                coreI2CRead
 .text.coreI2CMasterReceiveFromRegister
                0x00009952       0x84 Core/coreI2C.o
                0x00009952                coreI2CMasterReceiveFromRegister
 .text.coreI2CReadFromRegister
                0x000099d6       0x12 Core/coreI2C.o
                0x000099d6                coreI2CReadFromRegister
 .text.__vector_35
                0x000099e8      0x2ea Core/coreI2C.o
                0x000099e8                __vector_35
 .text.coreNVMSendInstructionSPI
                0x00009cd2       0x1c Core/coreNVM.o
 .text.coreNVMWaitUntilWrittenSPI
                0x00009cee       0x46 Core/coreNVM.o
 .text.coreNVMInitialize
                0x00009d34        0x4 Core/coreNVM.o
                0x00009d34                coreNVMInitialize
 .text.coreNVMRead
                0x00009d38      0x14c Core/coreNVM.o
                0x00009d38                coreNVMRead
 .text.coreNVMWrite
                0x00009e84      0x266 Core/coreNVM.o
                0x00009e84                coreNVMWrite
 .text.corePortsConfigurePort
                0x0000a0ea       0x3e Core/corePorts.o
                0x0000a0ea                corePortsConfigurePort
 .text.corePortsGetPort
                0x0000a128       0x3e Core/corePorts.o
                0x0000a128                corePortsGetPort
 .text.corePortsSetPort
                0x0000a166       0x3c Core/corePorts.o
                0x0000a166                corePortsSetPort
 .text.corePortsGetPortPin
                0x0000a1a2       0x6a Core/corePorts.o
                0x0000a1a2                corePortsGetPortPin
 .text.corePortsSetPortPin
                0x0000a20c       0x4c Core/corePorts.o
                0x0000a20c                corePortsSetPortPin
 .text.corePortsClearPortPin
                0x0000a258       0x4e Core/corePorts.o
                0x0000a258                corePortsClearPortPin
 .text.corePortsSetPortBit
                0x0000a2a6       0x30 Core/corePorts.o
                0x0000a2a6                corePortsSetPortBit
 .text.corePortsInitialize
                0x0000a2d6       0x8c Core/corePorts.o
                0x0000a2d6                corePortsInitialize
 .text.corePortsClearPortBit
                0x0000a362       0x32 Core/corePorts.o
                0x0000a362                corePortsClearPortBit
 .text.corePWMGetPWMDutyCycle
                0x0000a394       0x1c Core/corePWM.o
                0x0000a394                corePWMGetPWMDutyCycle
 .text.corePWMSetPWMDutyCycle
                0x0000a3b0       0x5a Core/corePWM.o
                0x0000a3b0                corePWMSetPWMDutyCycle
 .text.corePWMSetPWMOn
                0x0000a40a       0x46 Core/corePWM.o
                0x0000a40a                corePWMSetPWMOn
 .text.corePWMSetPWMOff
                0x0000a450       0x44 Core/corePWM.o
                0x0000a450                corePWMSetPWMOff
 .text.corePWMSetPWMFrequency
                0x0000a494      0x162 Core/corePWM.o
                0x0000a494                corePWMSetPWMFrequency
 .text.corePWMInitialize
                0x0000a5f6       0x6e Core/corePWM.o
                0x0000a5f6                corePWMInitialize
 .text.corePWMGetPWMState
                0x0000a664       0x1c Core/corePWM.o
                0x0000a664                corePWMGetPWMState
 .text.coreRTCInitialize
                0x0000a680        0x4 Core/coreRTC.o
                0x0000a680                coreRTCInitialize
 .text.__vector_20
                0x0000a684       0xec Core/coreSPI.o
                0x0000a684                __vector_20
 .text.coreSPIInitializeChannel
                0x0000a770       0x1a Core/coreSPI.o
                0x0000a770                coreSPIInitializeChannel
 .text.coreSPIInitialize
                0x0000a78a        0xc Core/coreSPI.o
                0x0000a78a                coreSPIInitialize
 .text.coreSPIOpen
                0x0000a796       0x30 Core/coreSPI.o
                0x0000a796                coreSPIOpen
 .text.coreSPIClose
                0x0000a7c6        0xc Core/coreSPI.o
                0x0000a7c6                coreSPIClose
 .text.coreSPISetChipSelectPin
                0x0000a7d2        0xe Core/coreSPI.o
                0x0000a7d2                coreSPISetChipSelectPin
 .text.coreSPISelect
                0x0000a7e0       0x10 Core/coreSPI.o
                0x0000a7e0                coreSPISelect
 .text.coreSPIRelease
                0x0000a7f0       0x10 Core/coreSPI.o
                0x0000a7f0                coreSPIRelease
 .text.coreSPIWriteData
                0x0000a800       0x9a Core/coreSPI.o
                0x0000a800                coreSPIWriteData
 .text.coreSPIReadData
                0x0000a89a       0x60 Core/coreSPI.o
                0x0000a89a                coreSPIReadData
 .text.coreSPITransferData
                0x0000a8fa       0x6e Core/coreSPI.o
                0x0000a8fa                coreSPITransferData
 .text.coreSPIWriteByte
                0x0000a968       0x20 Core/coreSPI.o
                0x0000a968                coreSPIWriteByte
 .text.coreSPITransferByte
                0x0000a988       0x2a Core/coreSPI.o
                0x0000a988                coreSPITransferByte
 .text.__vector_16
                0x0000a9b2      0x168 Core/coreSystemTimer.o
                0x0000a9b2                __vector_16
 .text.coreSystemTimerInitialize
                0x0000ab1a       0x14 Core/coreSystemTimer.o
                0x0000ab1a                coreSystemTimerInitialize
 .text.coreSystemTimerWait
                0x0000ab2e       0x78 Core/coreSystemTimer.o
                0x0000ab2e                coreSystemTimerWait
 .text.coreSystemTimerWaitWithCallback
                0x0000aba6       0xc0 Core/coreSystemTimer.o
                0x0000aba6                coreSystemTimerWaitWithCallback
 .text.coreSystemTimerSetTicks
                0x0000ac66       0x20 Core/coreSystemTimer.o
                0x0000ac66                coreSystemTimerSetTicks
 .text.coreSystemTimerSetSeconds
                0x0000ac86       0x20 Core/coreSystemTimer.o
                0x0000ac86                coreSystemTimerSetSeconds
 .text.eCoreInitialize
                0x0000aca6       0x26 Core/eCore.o
                0x0000aca6                eCoreInitialize
 .text.main     0x0000accc       0x1a main.o
                0x0000accc                main
 .text.coreNSD_readGAINConfigurationDataBlock
                0x0000ace6       0x90 Network/coreNSDStack.o
                0x0000ace6                coreNSD_readGAINConfigurationDataBlock
 .text.coreNSD_refreshGAINConfigurationDataBlock
                0x0000ad76       0x16 Network/coreNSDStack.o
                0x0000ad76                coreNSD_refreshGAINConfigurationDataBlock
 .text.coreNSD_getGAINConfigurationDataBlockAdress
                0x0000ad8c       0x14 Network/coreNSDStack.o
                0x0000ad8c                coreNSD_getGAINConfigurationDataBlockAdress
 .text.coreNSD_writeGAINConfigurationDataBlock
                0x0000ada0       0x66 Network/coreNSDStack.o
                0x0000ada0                coreNSD_writeGAINConfigurationDataBlock
 .text.coreNSD_flushGAINConfigurationDataBlock
                0x0000ae06       0x36 Network/coreNSDStack.o
                0x0000ae06                coreNSD_flushGAINConfigurationDataBlock
 .text.coreNSD_readGAINConfigurationData
                0x0000ae3c       0x64 Network/coreNSDStack.o
                0x0000ae3c                coreNSD_readGAINConfigurationData
 .text.coreNSD_writeGAINConfigurationData
                0x0000aea0       0x42 Network/coreNSDStack.o
                0x0000aea0                coreNSD_writeGAINConfigurationData
 .text.coreNSD_initialize
                0x0000aee2      0x2ec Network/coreNSDStack.o
                0x0000aee2                coreNSD_initialize
 .text.coreNSD_convertToSystemEndian16
                0x0000b1ce        0x8 Network/coreNSDStack.o
                0x0000b1ce                coreNSD_convertToSystemEndian16
 .text.coreNSD_calculateCRC32
                0x0000b1d6       0x9a Network/coreNSDStack.o
                0x0000b1d6                coreNSD_calculateCRC32
 .text.coreNSD_setGAINMessageIdentifier
                0x0000b270       0x24 Network/coreNSDStack.o
                0x0000b270                coreNSD_setGAINMessageIdentifier
 .text.coreNSD_isValidIdentifier
                0x0000b294       0x78 Network/coreNSDStack.o
                0x0000b294                coreNSD_isValidIdentifier
 .text.coreNSD_getGAINPB_Remaining_Time
                0x0000b30c       0x20 Network/coreNSDStack.o
                0x0000b30c                coreNSD_getGAINPB_Remaining_Time
 .text.coreNSD_getGAINUsed_Power_Budget
                0x0000b32c       0x16 Network/coreNSDStack.o
                0x0000b32c                coreNSD_getGAINUsed_Power_Budget
 .text.coreNSD_getPBRMinimalPowerBudget
                0x0000b342       0x16 Network/coreNSDStack.o
                0x0000b342                coreNSD_getPBRMinimalPowerBudget
 .text.coreNSD_getMGCUImplemented_Functionalities
                0x0000b358       0x10 Network/coreNSDStack.o
                0x0000b358                coreNSD_getMGCUImplemented_Functionalities
 .text.coreNSD_getMGCUPower_Info_Feeder
                0x0000b368       0x1e Network/coreNSDStack.o
                0x0000b368                coreNSD_getMGCUPower_Info_Feeder
 .text.coreNSD_getPBMPowerBudgetMax
                0x0000b386       0x16 Network/coreNSDStack.o
                0x0000b386                coreNSD_getPBMPowerBudgetMax
 .text.coreNSD_getPBMTime
                0x0000b39c       0x20 Network/coreNSDStack.o
                0x0000b39c                coreNSD_getPBMTime
 .text.coreNSD_setCANMessagePayloadData
                0x0000b3bc       0x48 Network/coreNSDStack.o
                0x0000b3bc                coreNSD_setCANMessagePayloadData
 .text.coreNSD_setGAINMode
                0x0000b404       0x10 Network/coreNSDStack.o
                0x0000b404                coreNSD_setGAINMode
 .text.coreNSD_setGAINState
                0x0000b414       0x10 Network/coreNSDStack.o
                0x0000b414                coreNSD_setGAINState
 .text.coreNSD_setGAINUsed_Power_Budget
                0x0000b424       0x2a Network/coreNSDStack.o
                0x0000b424                coreNSD_setGAINUsed_Power_Budget
 .text.coreNSD_setGAINFallback_Power_Budget
                0x0000b44e       0x2a Network/coreNSDStack.o
                0x0000b44e                coreNSD_setGAINFallback_Power_Budget
 .text.coreNSD_setGAINPB_Remaining_Time
                0x0000b478       0x2c Network/coreNSDStack.o
                0x0000b478                coreNSD_setGAINPB_Remaining_Time
 .text.coreNSD_setGAINImpl_Functionalities
                0x0000b4a4       0x10 Network/coreNSDStack.o
                0x0000b4a4                coreNSD_setGAINImpl_Functionalities
 .text.coreNSD_setGAINFeeder_ID
                0x0000b4b4       0x10 Network/coreNSDStack.o
                0x0000b4b4                coreNSD_setGAINFeeder_ID
 .text.coreNSD_setGAINPTStandbyPowerThreshold
                0x0000b4c4       0x2a Network/coreNSDStack.o
                0x0000b4c4                coreNSD_setGAINPTStandbyPowerThreshold
 .text.coreNSD_setGAINPTMaximumPowerThreshold
                0x0000b4ee       0x2a Network/coreNSDStack.o
                0x0000b4ee                coreNSD_setGAINPTMaximumPowerThreshold
 .text.coreNSD_setGAINPTMinimumPowerThreshold
                0x0000b518       0x2a Network/coreNSDStack.o
                0x0000b518                coreNSD_setGAINPTMinimumPowerThreshold
 .text.coreNSD_setGAINPTFallbackPowerThreshold
                0x0000b542       0x2a Network/coreNSDStack.o
                0x0000b542                coreNSD_setGAINPTFallbackPowerThreshold
 .text.coreNSD_setPBRNominalPowerBudget
                0x0000b56c       0x2a Network/coreNSDStack.o
                0x0000b56c                coreNSD_setPBRNominalPowerBudget
 .text.coreNSD_setPBRMinimalPowerBudget
                0x0000b596       0x2a Network/coreNSDStack.o
                0x0000b596                coreNSD_setPBRMinimalPowerBudget
 .text.coreNSD_setPBRNeededTimeWithNominalPB
                0x0000b5c0       0x2c Network/coreNSDStack.o
                0x0000b5c0                coreNSD_setPBRNeededTimeWithNominalPB
 .text.coreNSD_setPBRNeededTimeWithMinimalPB
                0x0000b5ec       0x2c Network/coreNSDStack.o
                0x0000b5ec                coreNSD_setPBRNeededTimeWithMinimalPB
 .text.coreNSD_setCANMessagePayloadDataBit
                0x0000b618       0x42 Network/coreNSDStack.o
                0x0000b618                coreNSD_setCANMessagePayloadDataBit
 .text.coreNSD_setGAINGAIN_Is_Primary
                0x0000b65a        0xa Network/coreNSDStack.o
                0x0000b65a                coreNSD_setGAINGAIN_Is_Primary
 .text.coreNSD_setGAINMGCU_Is_Present
                0x0000b664        0xa Network/coreNSDStack.o
                0x0000b664                coreNSD_setGAINMGCU_Is_Present
 .text.coreNSD_setPBRPowerBudgetType
                0x0000b66e        0xa Network/coreNSDStack.o
                0x0000b66e                coreNSD_setPBRPowerBudgetType
 .text.coreNSD_getCANMessagePayloadDataBit
                0x0000b678       0x32 Network/coreNSDStack.o
                0x0000b678                coreNSD_getCANMessagePayloadDataBit
 .text.coreNSD_getMGCUDisinfection_Mode
                0x0000b6aa        0x8 Network/coreNSDStack.o
                0x0000b6aa                coreNSD_getMGCUDisinfection_Mode
 .text.coreNSD_getMGCUCentral_Power_Valid_On_Feeder
                0x0000b6b2        0x8 Network/coreNSDStack.o
                0x0000b6b2                coreNSD_getMGCUCentral_Power_Valid_On_Feeder
 .text.coreNSD_getRSD
                0x0000b6ba       0x1a Network/coreNSDStack.o
                0x0000b6ba                coreNSD_getRSD
 .text.coreNSD_getPVT
                0x0000b6d4        0x4 Network/coreNSDStack.o
                0x0000b6d4                coreNSD_getPVT
 .text.coreNSD_getMessageCode
                0x0000b6d8       0x1a Network/coreNSDStack.o
                0x0000b6d8                coreNSD_getMessageCode
 .text.coreNSD_setDeviceID
                0x0000b6f2       0x46 Network/coreNSDStack.o
                0x0000b6f2                coreNSD_setDeviceID
 .text.getControllerTicksHandler
                0x0000b738       0x16 Network/NSDHandler.o
                0x0000b738                getControllerTicksHandler
 .text.CANWriteMessageHandler
                0x0000b74e        0xa Network/NSDHandler.o
                0x0000b74e                CANWriteMessageHandler
 .text.readGAINConfigurationDataHandler
                0x0000b758       0x34 Network/NSDHandler.o
                0x0000b758                readGAINConfigurationDataHandler
 .text.writeGAINConfigurationDataHandler
                0x0000b78c       0x34 Network/NSDHandler.o
                0x0000b78c                writeGAINConfigurationDataHandler
 .text.networkStateChangedHandler
                0x0000b7c0       0xd0 Network/NSDHandler.o
                0x0000b7c0                networkStateChangedHandler
 .text.selfTestRequestHandler
                0x0000b890       0x3a Network/NSDHandler.o
                0x0000b890                selfTestRequestHandler
 .text.powerControlStateChangedHandler
                0x0000b8ca       0x34 Network/NSDHandler.o
                0x0000b8ca                powerControlStateChangedHandler
 .text._ZN10NSDHandlerC2Ev
                0x0000b8fe       0x7c Network/NSDHandler.o
                0x0000b8fe                _ZN10NSDHandlerC1Ev
                0x0000b8fe                _ZN10NSDHandlerC2Ev
 .text._ZN10NSDHandler25connectionStateDeterminedEv
                0x0000b97a       0x6c Network/NSDHandler.o
                0x0000b97a                _ZN10NSDHandler25connectionStateDeterminedEv
 .text._ZN10NSDHandler41setPHSMValueNumberOfReceiveErrorsDetectedEj
                0x0000b9e6       0x24 Network/NSDHandler.o
                0x0000b9e6                _ZN10NSDHandler41setPHSMValueNumberOfReceiveErrorsDetectedEj
 .text._ZN10NSDHandler42setPHSMValueNumberOfTransmitErrorsDetectedEj
                0x0000ba0a       0x24 Network/NSDHandler.o
                0x0000ba0a                _ZN10NSDHandler42setPHSMValueNumberOfTransmitErrorsDetectedEj
 .text._ZN10NSDHandler29setPHSMValueNumberOfCANResetsEj
                0x0000ba2e       0x24 Network/NSDHandler.o
                0x0000ba2e                _ZN10NSDHandler29setPHSMValueNumberOfCANResetsEj
 .text._ZN10NSDHandler9cancelPBREv
                0x0000ba52       0x20 Network/NSDHandler.o
                0x0000ba52                _ZN10NSDHandler9cancelPBREv
 .text._ZN10NSDHandler11addDIAGCodeE11NSDDiagCode
                0x0000ba72       0xa6 Network/NSDHandler.o
                0x0000ba72                _ZN10NSDHandler11addDIAGCodeE11NSDDiagCode
 .text._ZN10NSDHandler10setPinCodeEm
                0x0000bb18      0x29e Network/NSDHandler.o
                0x0000bb18                _ZN10NSDHandler10setPinCodeEm
 .text._ZN10NSDHandler6resumeEm8GAINMode9GAINStatejl
                0x0000bdb6       0xec Network/NSDHandler.o
                0x0000bdb6                _ZN10NSDHandler6resumeEm8GAINMode9GAINStatejl
 .text._ZN10NSDHandler14removeDIAGCodeE11NSDDiagCode
                0x0000bea2      0x108 Network/NSDHandler.o
                0x0000bea2                _ZN10NSDHandler14removeDIAGCodeE11NSDDiagCode
 .text._ZN10NSDHandler9clearDIAGEv
                0x0000bfaa       0x26 Network/NSDHandler.o
                0x0000bfaa                _ZN10NSDHandler9clearDIAGEv
 .text._ZN10NSDHandler14sendNSDMessageEh
                0x0000bfd0      0x164 Network/NSDHandler.o
                0x0000bfd0                _ZN10NSDHandler14sendNSDMessageEh
 .text._ZN10NSDHandler11setGAINModeE8GAINModeb
                0x0000c134       0x2e Network/NSDHandler.o
                0x0000c134                _ZN10NSDHandler11setGAINModeE8GAINModeb
 .text._ZN10NSDHandler12setGAINStateE9GAINStateb
                0x0000c162       0x2e Network/NSDHandler.o
                0x0000c162                _ZN10NSDHandler12setGAINStateE9GAINStateb
 .text._ZN10NSDHandler17initializeHandlerEj
                0x0000c190      0x2ce Network/NSDHandler.o
                0x0000c190                _ZN10NSDHandler17initializeHandlerEj
 .text._ZN10NSDHandler22setGAINPowerBudgetUsedEjb
                0x0000c45e       0xa8 Network/NSDHandler.o
                0x0000c45e                _ZN10NSDHandler22setGAINPowerBudgetUsedEjb
 .text._ZN10NSDHandler20setGAINRemainingTimeElb
                0x0000c506       0x8c Network/NSDHandler.o
                0x0000c506                _ZN10NSDHandler20setGAINRemainingTimeElb
 .text._ZN10NSDHandler7sendPBREjiji
                0x0000c592       0xc2 Network/NSDHandler.o
                0x0000c592                _ZN10NSDHandler7sendPBREjiji
 .text._ZN10NSDHandler7sendPBREjljl
                0x0000c654       0xbe Network/NSDHandler.o
                0x0000c654                _ZN10NSDHandler7sendPBREjljl
 .text._ZN10NSDHandler8sendDIAGEb
                0x0000c712       0x4e Network/NSDHandler.o
                0x0000c712                _ZN10NSDHandler8sendDIAGEb
 .text._ZN10NSDHandler14handleSTA_MGCUERK10NSDMessage
                0x0000c760       0xfa Network/NSDHandler.o
                0x0000c760                _ZN10NSDHandler14handleSTA_MGCUERK10NSDMessage
 .text._ZN10NSDHandler9handlePBMERK10NSDMessage
                0x0000c85a      0x18e Network/NSDHandler.o
                0x0000c85a                _ZN10NSDHandler9handlePBMERK10NSDMessage
 .text._ZN10NSDHandler17handleFLIGHT_INFOERK10NSDMessage
                0x0000c9e8      0x14a Network/NSDHandler.o
                0x0000c9e8                _ZN10NSDHandler17handleFLIGHT_INFOERK10NSDMessage
 .text._ZN10NSDHandler14handleDIAG_CMDERK10NSDMessage
                0x0000cb32       0x2c Network/NSDHandler.o
                0x0000cb32                _ZN10NSDHandler14handleDIAG_CMDERK10NSDMessage
 .text._ZN10NSDHandler23handleDataUploadRequestERK10NSDMessage
                0x0000cb5e      0x174 Network/NSDHandler.o
                0x0000cb5e                _ZN10NSDHandler23handleDataUploadRequestERK10NSDMessage
 .text._ZN10NSDHandler16handleDataUploadERK10NSDMessage
                0x0000ccd2      0x206 Network/NSDHandler.o
                0x0000ccd2                _ZN10NSDHandler16handleDataUploadERK10NSDMessage
 .text._ZN10NSDHandler25handleDataDownloadRequestERK10NSDMessage
                0x0000ced8      0x29c Network/NSDHandler.o
                0x0000ced8                _ZN10NSDHandler25handleDataDownloadRequestERK10NSDMessage
 .text._ZN10NSDHandler15messageReceivedERK10CANMessage
                0x0000d174      0x13a Network/NSDHandler.o
                0x0000d174                _ZN10NSDHandler15messageReceivedERK10CANMessage
 .text._ZN10NSDHandler18handleDataDownloadEv
                0x0000d2ae      0x2a4 Network/NSDHandler.o
                0x0000d2ae                _ZN10NSDHandler18handleDataDownloadEv
 .text._ZN10NSDHandler18handlePeriodicTaskER13MGCUStateBits
                0x0000d552      0x3dc Network/NSDHandler.o
                0x0000d552                _ZN10NSDHandler18handlePeriodicTaskER13MGCUStateBits
 .text._GLOBAL__sub_I_NSD
                0x0000d92e        0xa Network/NSDHandler.o
 .text._ZN10NSDMessageC2Ev
                0x0000d938       0x38 Network/NSDMessage.o
                0x0000d938                _ZN10NSDMessageC1Ev
                0x0000d938                _ZN10NSDMessageC2Ev
 .text._ZN10NSDMessage11setDeviceIDEh
                0x0000d970        0x6 Network/NSDMessage.o
                0x0000d970                _ZN10NSDMessage11setDeviceIDEh
 .text._ZN10NSDMessage18addDIAG_WarningBitE13NSDWarningBit
                0x0000d976       0x34 Network/NSDMessage.o
                0x0000d976                _ZN10NSDMessage18addDIAG_WarningBitE13NSDWarningBit
 .text._ZN10NSDMessage22addDIAG_MalfunctionBitE17NSDMalfunctionBit
                0x0000d9aa       0x34 Network/NSDMessage.o
                0x0000d9aa                _ZN10NSDMessage22addDIAG_MalfunctionBitE17NSDMalfunctionBit
 .text._ZN10NSDMessage18addDIAG_FailureBitE13NSDFailureBit
                0x0000d9de       0x34 Network/NSDMessage.o
                0x0000d9de                _ZN10NSDMessage18addDIAG_FailureBitE13NSDFailureBit
 .text._ZN10NSDMessage21removeDIAG_WarningBitE13NSDWarningBit
                0x0000da12       0xac Network/NSDMessage.o
                0x0000da12                _ZN10NSDMessage21removeDIAG_WarningBitE13NSDWarningBit
 .text._ZN10NSDMessage25removeDIAG_MalfunctionBitE17NSDMalfunctionBit
                0x0000dabe       0xac Network/NSDMessage.o
                0x0000dabe                _ZN10NSDMessage25removeDIAG_MalfunctionBitE17NSDMalfunctionBit
 .text._ZN10NSDMessage21removeDIAG_FailureBitE13NSDFailureBit
                0x0000db6a       0xac Network/NSDMessage.o
                0x0000db6a                _ZN10NSDMessage21removeDIAG_FailureBitE13NSDFailureBit
 .text._ZN10NSDMessage9clearDIAGEv
                0x0000dc16       0x10 Network/NSDMessage.o
                0x0000dc16                _ZN10NSDMessage9clearDIAGEv
 .text._ZN9PinCodingC2Ev
                0x0000dc26        0xc PinCoding/PinCoding.o
                0x0000dc26                _ZN9PinCodingC2Ev
                0x0000dc26                _ZN9PinCodingC1Ev
 .text._ZN9PinCoding15updatePinCodingEv
                0x0000dc32      0x278 PinCoding/PinCoding.o
                0x0000dc32                _ZN9PinCoding15updatePinCodingEv
 .text._ZN9PinCoding7connectEPj
                0x0000deaa       0xf8 PinCoding/PinCoding.o
                0x0000deaa                _ZN9PinCoding7connectEPj
 .text._ZN9PinCoding17getPinCodingValueEv
                0x0000dfa2        0xc PinCoding/PinCoding.o
                0x0000dfa2                _ZN9PinCoding17getPinCodingValueEv
 .text._ZN9PinCoding24readoutPhaseCurrentValueEh
                0x0000dfae       0xc2 PinCoding/PinCoding.o
                0x0000dfae                _ZN9PinCoding24readoutPhaseCurrentValueEh
 .text._ZN9PinCoding13getPhaseValueEh
                0x0000e070       0x12 PinCoding/PinCoding.o
                0x0000e070                _ZN9PinCoding13getPhaseValueEh
 .text._ZN9PinCoding18handlePeriodicTaskEb
                0x0000e082      0x2b8 PinCoding/PinCoding.o
                0x0000e082                _ZN9PinCoding18handlePeriodicTaskEb
 .text._ZN9PinCoding22elementFailureDetectedERh
                0x0000e33a       0x66 PinCoding/PinCoding.o
                0x0000e33a                _ZN9PinCoding22elementFailureDetectedERh
 .text._ZN9PinCoding26thermalFuseFailureDetectedEv
                0x0000e3a0       0x26 PinCoding/PinCoding.o
                0x0000e3a0                _ZN9PinCoding26thermalFuseFailureDetectedEv
 .text.avr-libc.fplib
                0x0000e3c6        0xa c:/program files (x86)/atmel/studio/7.0/toolchain/avr8/avr8-gnu-toolchain/bin/../lib/gcc/avr/5.4.0/../../../../avr/lib/avr51\libm.a(addsf3.o)
                0x0000e3c6                __subsf3
                0x0000e3c8                __addsf3
 .text.avr-libc.fplib
                0x0000e3d0       0xc0 c:/program files (x86)/atmel/studio/7.0/toolchain/avr8/avr8-gnu-toolchain/bin/../lib/gcc/avr/5.4.0/../../../../avr/lib/avr51\libm.a(addsf3x.o)
                0x0000e3ea                __addsf3x
 .text.avr-libc.fplib
                0x0000e490        0x8 c:/program files (x86)/atmel/studio/7.0/toolchain/avr8/avr8-gnu-toolchain/bin/../lib/gcc/avr/5.4.0/../../../../avr/lib/avr51\libm.a(cmpsf2.o)
                0x0000e490                __nesf2
                0x0000e490                __eqsf2
                0x0000e490                __cmpsf2
                0x0000e490                __ltsf2
                0x0000e490                __lesf2
 .text.avr-libc.fplib
                0x0000e498        0x4 c:/program files (x86)/atmel/studio/7.0/toolchain/avr8/avr8-gnu-toolchain/bin/../lib/gcc/avr/5.4.0/../../../../avr/lib/avr51\libm.a(divsf3.o)
                0x0000e498                __divsf3
 .text.avr-libc.fplib
                0x0000e49c       0xcc c:/program files (x86)/atmel/studio/7.0/toolchain/avr8/avr8-gnu-toolchain/bin/../lib/gcc/avr/5.4.0/../../../../avr/lib/avr51\libm.a(divsf3x.o)
                0x0000e4b2                __divsf3x
                0x0000e4b6                __divsf3_pse
 .text.avr-libc.fplib
                0x0000e568       0x62 c:/program files (x86)/atmel/studio/7.0/toolchain/avr8/avr8-gnu-toolchain/bin/../lib/gcc/avr/5.4.0/../../../../avr/lib/avr51\libm.a(exp.o)
                0x0000e572                exp
 .text.avr-libc.fplib
                0x0000e5ca        0xa c:/program files (x86)/atmel/studio/7.0/toolchain/avr8/avr8-gnu-toolchain/bin/../lib/gcc/avr/5.4.0/../../../../avr/lib/avr51\libm.a(fixsfsi.o)
                0x0000e5ca                __fixsfsi
 .text.avr-libc.fplib
                0x0000e5d4       0x58 c:/program files (x86)/atmel/studio/7.0/toolchain/avr8/avr8-gnu-toolchain/bin/../lib/gcc/avr/5.4.0/../../../../avr/lib/avr51\libm.a(fixunssfsi.o)
                0x0000e5d4                __fixunssfsi
 .text.avr-libc.fplib
                0x0000e62c       0x7a c:/program files (x86)/atmel/studio/7.0/toolchain/avr8/avr8-gnu-toolchain/bin/../lib/gcc/avr/5.4.0/../../../../avr/lib/avr51\libm.a(floatsisf.o)
                0x0000e62c                __floatunsisf
                0x0000e630                __floatsisf
 .text.avr-libc.fplib
                0x0000e6a6       0x48 c:/program files (x86)/atmel/studio/7.0/toolchain/avr8/avr8-gnu-toolchain/bin/../lib/gcc/avr/5.4.0/../../../../avr/lib/avr51\libm.a(fp_cmp.o)
                0x0000e6a6                __fp_cmp
 .text.avr-libc.fplib
                0x0000e6ee        0xc c:/program files (x86)/atmel/studio/7.0/toolchain/avr8/avr8-gnu-toolchain/bin/../lib/gcc/avr/5.4.0/../../../../avr/lib/avr51\libm.a(fp_inf.o)
                0x0000e6ee                __fp_inf
 .text.avr-libc.fplib
                0x0000e6fa       0x1c c:/program files (x86)/atmel/studio/7.0/toolchain/avr8/avr8-gnu-toolchain/bin/../lib/gcc/avr/5.4.0/../../../../avr/lib/avr51\libm.a(fp_mpack.o)
                0x0000e6fa                __fp_mpack
                0x0000e6fe                __fp_mpack_finite
 .text.avr-libc.fplib
                0x0000e716        0x6 c:/program files (x86)/atmel/studio/7.0/toolchain/avr8/avr8-gnu-toolchain/bin/../lib/gcc/avr/5.4.0/../../../../avr/lib/avr51\libm.a(fp_nan.o)
                0x0000e716                __fp_nan
 .text.avr-libc.fplib
                0x0000e71c       0x4a c:/program files (x86)/atmel/studio/7.0/toolchain/avr8/avr8-gnu-toolchain/bin/../lib/gcc/avr/5.4.0/../../../../avr/lib/avr51\libm.a(fp_powser.o)
                0x0000e71c                __fp_powser
 .text.avr-libc.fplib
                0x0000e766        0xe c:/program files (x86)/atmel/studio/7.0/toolchain/avr8/avr8-gnu-toolchain/bin/../lib/gcc/avr/5.4.0/../../../../avr/lib/avr51\libm.a(fp_pscA.o)
                0x0000e766                __fp_pscA
 .text.avr-libc.fplib
                0x0000e774        0xe c:/program files (x86)/atmel/studio/7.0/toolchain/avr8/avr8-gnu-toolchain/bin/../lib/gcc/avr/5.4.0/../../../../avr/lib/avr51\libm.a(fp_pscB.o)
                0x0000e774                __fp_pscB
 .text.avr-libc.fplib
                0x0000e782       0x22 c:/program files (x86)/atmel/studio/7.0/toolchain/avr8/avr8-gnu-toolchain/bin/../lib/gcc/avr/5.4.0/../../../../avr/lib/avr51\libm.a(fp_round.o)
                0x0000e782                __fp_round
 .text.avr-libc.fplib
                0x0000e7a4       0x44 c:/program files (x86)/atmel/studio/7.0/toolchain/avr8/avr8-gnu-toolchain/bin/../lib/gcc/avr/5.4.0/../../../../avr/lib/avr51\libm.a(fp_split3.o)
                0x0000e7a4                __fp_split3
                0x0000e7b4                __fp_splitA
 .text.avr-libc.fplib
                0x0000e7e8        0xe c:/program files (x86)/atmel/studio/7.0/toolchain/avr8/avr8-gnu-toolchain/bin/../lib/gcc/avr/5.4.0/../../../../avr/lib/avr51\libm.a(fp_zero.o)
                0x0000e7e8                __fp_zero
                0x0000e7ea                __fp_szero
 .text.avr-libc.fplib
                0x0000e7f6        0x8 c:/program files (x86)/atmel/studio/7.0/toolchain/avr8/avr8-gnu-toolchain/bin/../lib/gcc/avr/5.4.0/../../../../avr/lib/avr51\libm.a(gesf2.o)
                0x0000e7f6                __gesf2
                0x0000e7f6                __gtsf2
 .text.avr-libc.fplib
                0x0000e7fe        0xe c:/program files (x86)/atmel/studio/7.0/toolchain/avr8/avr8-gnu-toolchain/bin/../lib/gcc/avr/5.4.0/../../../../avr/lib/avr51\libm.a(inverse.o)
                0x0000e7fe                inverse
 .text.avr-libc.fplib
                0x0000e80c       0x6c c:/program files (x86)/atmel/studio/7.0/toolchain/avr8/avr8-gnu-toolchain/bin/../lib/gcc/avr/5.4.0/../../../../avr/lib/avr51\libm.a(ldexp.o)
                0x0000e810                ldexp
 .text.avr-libc.fplib
                0x0000e878       0x8a c:/program files (x86)/atmel/studio/7.0/toolchain/avr8/avr8-gnu-toolchain/bin/../lib/gcc/avr/5.4.0/../../../../avr/lib/avr51\libm.a(log.o)
                0x0000e882                log
 .text.avr-libc.fplib
                0x0000e902       0x66 c:/program files (x86)/atmel/studio/7.0/toolchain/avr8/avr8-gnu-toolchain/bin/../lib/gcc/avr/5.4.0/../../../../avr/lib/avr51\libm.a(modf.o)
                0x0000e902                modf
                0x0000e902                modff
 .text.avr-libc.fplib
                0x0000e968        0x4 c:/program files (x86)/atmel/studio/7.0/toolchain/avr8/avr8-gnu-toolchain/bin/../lib/gcc/avr/5.4.0/../../../../avr/lib/avr51\libm.a(mulsf3.o)
                0x0000e968                __mulsf3
 .text.avr-libc.fplib
                0x0000e96c       0xc2 c:/program files (x86)/atmel/studio/7.0/toolchain/avr8/avr8-gnu-toolchain/bin/../lib/gcc/avr/5.4.0/../../../../avr/lib/avr51\libm.a(mulsf3x.o)
                0x0000e980                __mulsf3x
                0x0000e984                __mulsf3_pse
 .text.libgcc.div
                0x0000ea2e       0x26 c:/program files (x86)/atmel/studio/7.0/toolchain/avr8/avr8-gnu-toolchain/bin/../lib/gcc/avr/5.4.0/avr51\libgcc.a(_divmodhi4.o)
                0x0000ea2e                _div
                0x0000ea2e                __divmodhi4
 .text.libgcc.div
                0x0000ea54       0x44 c:/program files (x86)/atmel/studio/7.0/toolchain/avr8/avr8-gnu-toolchain/bin/../lib/gcc/avr/5.4.0/avr51\libgcc.a(_udivmodsi4.o)
                0x0000ea54                __udivmodsi4
 .text.libgcc.div
                0x0000ea98       0x28 c:/program files (x86)/atmel/studio/7.0/toolchain/avr8/avr8-gnu-toolchain/bin/../lib/gcc/avr/5.4.0/avr51\libgcc.a(_divmodsi4.o)
                0x0000ea98                __divmodsi4
 .text.libgcc.div
                0x0000eac0       0x10 c:/program files (x86)/atmel/studio/7.0/toolchain/avr8/avr8-gnu-toolchain/bin/../lib/gcc/avr/5.4.0/avr51\libgcc.a(_negsi2.o)
                0x0000eac0                __negsi2
 .text.libgcc   0x0000ead0       0x12 c:/program files (x86)/atmel/studio/7.0/toolchain/avr8/avr8-gnu-toolchain/bin/../lib/gcc/avr/5.4.0/avr51\libgcc.a(_tablejump2.o)
                0x0000ead0                __tablejump2__
 .text.libgcc.mul
                0x0000eae2       0x1e c:/program files (x86)/atmel/studio/7.0/toolchain/avr8/avr8-gnu-toolchain/bin/../lib/gcc/avr/5.4.0/avr51\libgcc.a(_umulhisi3.o)
                0x0000eae2                __umulhisi3
 .text.libgcc.mul
                0x0000eb00        0xc c:/program files (x86)/atmel/studio/7.0/toolchain/avr8/avr8-gnu-toolchain/bin/../lib/gcc/avr/5.4.0/avr51\libgcc.a(_usmulhisi3.o)
                0x0000eb00                __usmulhisi3
                0x0000eb02                __usmulhisi3_tail
 .text.libgcc.mul
                0x0000eb0c       0x14 c:/program files (x86)/atmel/studio/7.0/toolchain/avr8/avr8-gnu-toolchain/bin/../lib/gcc/avr/5.4.0/avr51\libgcc.a(_muluhisi3.o)
                0x0000eb0c                __muluhisi3
 .text.libgcc.div
                0x0000eb20       0x28 c:/program files (x86)/atmel/studio/7.0/toolchain/avr8/avr8-gnu-toolchain/bin/../lib/gcc/avr/5.4.0/avr51\libgcc.a(_udivmodhi4.o)
                0x0000eb20                __udivmodhi4
 .text.avr-libc
                0x0000eb48      0x242 c:/program files (x86)/atmel/studio/7.0/toolchain/avr8/avr8-gnu-toolchain/bin/../lib/gcc/avr/5.4.0/../../../../avr/lib/avr51\libc.a(malloc.o)
                0x0000eb48                malloc
                0x0000ec78                free
 .text.avr-libc
                0x0000ed8a       0x12 c:/program files (x86)/atmel/studio/7.0/toolchain/avr8/avr8-gnu-toolchain/bin/../lib/gcc/avr/5.4.0/../../../../avr/lib/avr51\libc.a(memcpy_P.o)
                0x0000ed8a                memcpy_P
 .text.avr-libc
                0x0000ed9c       0x1e c:/program files (x86)/atmel/studio/7.0/toolchain/avr8/avr8-gnu-toolchain/bin/../lib/gcc/avr/5.4.0/../../../../avr/lib/avr51\libc.a(strncpy.o)
                0x0000ed9c                strncpy
                0x0000edba                . = ALIGN (0x2)
 *(.fini9)
 .fini9         0x0000edba        0x0 c:/program files (x86)/atmel/studio/7.0/toolchain/avr8/avr8-gnu-toolchain/bin/../lib/gcc/avr/5.4.0/avr51\libgcc.a(_exit.o)
                0x0000edba                _exit
                0x0000edba                exit
 *(.fini9)
 *(.fini8)
 *(.fini8)
 *(.fini7)
 *(.fini7)
 *(.fini6)
 .fini6         0x0000edba       0x14 c:/program files (x86)/atmel/studio/7.0/toolchain/avr8/avr8-gnu-toolchain/bin/../lib/gcc/avr/5.4.0/avr51\libgcc.a(_dtors.o)
                0x0000edba                __do_global_dtors
 *(.fini6)
 *(.fini5)
 *(.fini5)
 *(.fini4)
 *(.fini4)
 *(.fini3)
 *(.fini3)
 *(.fini2)
 *(.fini2)
 *(.fini1)
 *(.fini1)
 *(.fini0)
 .fini0         0x0000edce        0x4 c:/program files (x86)/atmel/studio/7.0/toolchain/avr8/avr8-gnu-toolchain/bin/../lib/gcc/avr/5.4.0/avr51\libgcc.a(_exit.o)
 *(.fini0)
                0x0000edd2                _etext = .

.data           0x00800100      0x1cc load address 0x0000edd2
                0x00800100                PROVIDE (__data_start, .)
 *(.data)
 .data          0x00800100        0x6 c:/program files (x86)/atmel/studio/7.0/toolchain/avr8/avr8-gnu-toolchain/bin/../lib/gcc/avr/5.4.0/../../../../avr/lib/avr51\libc.a(malloc.o)
                0x00800100                __malloc_heap_end
                0x00800102                __malloc_heap_start
                0x00800104                __malloc_margin
 *(.data*)
 .data.versionString
                0x00800106        0x2 922/version.o
                0x00800106                versionString
 .data.bootloader_start
                0x00800108        0x2 Core/coreController.o
                0x00800108                bootloader_start
 .data.PORTValue
                0x0080010a        0xe Core/corePorts.o
                0x0080010a                PORTValue
 .data.DDRValue
                0x00800118        0xe Core/corePorts.o
                0x00800118                DDRValue
 .data.PINValue
                0x00800126        0xe Core/corePorts.o
                0x00800126                PINValue
 .data.callbackCounterIntervall
                0x00800134        0x2 Core/coreSystemTimer.o
 .data.GAINConfigurationDataBlockSizeTable
                0x00800136       0x1a Network/coreNSDStack.o
                0x00800136                GAINConfigurationDataBlockSizeTable
 .data.GAINConfigurationDataBlockOffsetTable
                0x00800150       0x1a Network/coreNSDStack.o
                0x00800150                GAINConfigurationDataBlockOffsetTable
 .data.adcAddress
                0x0080016a        0x3 PinCoding/PinCoding.o
                0x0080016a                adcAddress
 .data.pcaAddress
                0x0080016d        0x1 PinCoding/PinCoding.o
                0x0080016d                pcaAddress
 *(.gnu.linkonce.d*)
 *(.rodata)
 *(.rodata*)
 .rodata.str1.1
                0x0080016e       0x2d 922/version.o
                                 0x2e (size before relaxing)
 .rodata.build  0x0080019b        0x2 922/version.o
                0x0080019b                build
 .rodata.release
                0x0080019d        0x2 922/version.o
                0x0080019d                release
 .rodata.developmentStage
                0x0080019f        0x1 922/version.o
                0x0080019f                developmentStage
 .rodata.versionBugfix
                0x008001a0        0x1 922/version.o
                0x008001a0                versionBugfix
 .rodata.versionMinor
                0x008001a1        0x1 922/version.o
                0x008001a1                versionMinor
 .rodata.versionMajor
                0x008001a2        0x1 922/version.o
                0x008001a2                versionMajor
 .rodata._ZTV12serialStream
                0x008001a3        0xe Application/eDeviceSerialStream.o
                0x008001a3                _ZTV12serialStream
 .rodata._ZTV6stream
                0x008001b1        0xe Application/eDeviceStream.o
                0x008001b1                _ZTV6stream
 .rodata.nvmPins
                0x008001bf        0x6 Core/coreNVM.o
 .rodata.nvmClocks
                0x008001c5        0x3 Core/coreNVM.o
 .rodata.nvmSPIs
                0x008001c8        0x3 Core/coreNVM.o
 .rodata.pwmLookup
                0x008001cb        0x2 Core/corePWM.o
 .rodata.pwm1deviderMap
                0x008001cd        0xe Core/corePWM.o
 .rodata.pwm0deviderMap
                0x008001db        0xe Core/corePWM.o
 .rodata.forever
                0x008001e9        0x4 Core/coreSystemTimer.o
                0x008001e9                forever
 .rodata.GAINMessageLookup
                0x008001ed       0x28 Network/coreNSDStack.o
 .rodata.NITDataBlock08
                0x00800215       0x1e Network/coreNSDStack.o
                0x00800215                NITDataBlock08
 .rodata.defaultDataBlock05
                0x00800233       0x30 Network/coreNSDStack.o
                0x00800233                defaultDataBlock05
 .rodata.defaultDataBlock01
                0x00800263        0x8 Network/coreNSDStack.o
                0x00800263                defaultDataBlock01
 .rodata._ZL20daysCumulatedPerYear
                0x0080026b       0x60 Network/NSDHandler.o
 *(.gnu.linkonce.r*)
                0x008002cc                . = ALIGN (0x2)
 *fill*         0x008002cb        0x1 
                0x008002cc                _edata = .
                0x008002cc                PROVIDE (__data_end, .)

.bss            0x008002cc      0x582
                0x008002cc                PROVIDE (__bss_start, .)
 *(.bss)
 *(.bss*)
 .bss._ZZN9GAINClass16getWaterPressureEbE15averagePressure
                0x008002cc        0x4 922/GAINClass.o
 .bss._ZZN9GAINClass21getSteamerTemperatureEbE18averageTemperature
                0x008002d0        0x4 922/GAINClass.o
 .bss._ZZN9GAINClass21getCabinetTemperatureEbE18averageTemperature
                0x008002d4        0x4 922/GAINClass.o
 .bss._ZZN9GAINClass21getAmbientTemperatureEbE18averageTemperature
                0x008002d8        0x4 922/GAINClass.o
 .bss._ZZ10checkEventvE16nextUptimeUpdate
                0x008002dc        0x4 922/GAINClass.o
 .bss._ZZ10checkEventvE24lowFanSpeedDetectionTime
                0x008002e0        0x4 922/GAINClass.o
 .bss._ZZ10checkEventvE21lowWaterDetectionTime
                0x008002e4        0x4 922/GAINClass.o
 .bss._ZZ10checkEventvE16nextSensorUpdate
                0x008002e8        0x4 922/GAINClass.o
 .bss._ZN9GAINClass23persistentConfigurationE
                0x008002ec       0x27 922/GAINClass.o
                0x008002ec                _ZN9GAINClass23persistentConfigurationE
 .bss._ZN9GAINClass15cycleDictionaryE
                0x00800313       0x10 922/GAINClass.o
                0x00800313                _ZN9GAINClass15cycleDictionaryE
 .bss._ZN9GAINClass13configurationE
                0x00800323       0x36 922/GAINClass.o
                0x00800323                _ZN9GAINClass13configurationE
 .bss.GAIN      0x00800359       0xec 922/GAINClass.o
                0x00800359                GAIN
 .bss.controller
                0x00800445        0x1 Application/eDevice.o
                0x00800445                controller
 .bss._ZN7eDevice4asc0E
                0x00800446        0x8 Application/eDevice.o
                0x00800446                _ZN7eDevice4asc0E
 .bss._ZN7eDevice9digitalIOE
                0x0080044e        0x1 Application/eDevice.o
                0x0080044e                _ZN7eDevice9digitalIOE
 .bss._ZN7eDevice3pwmE
                0x0080044f        0x2 Application/eDevice.o
                0x0080044f                _ZN7eDevice3pwmE
 .bss._ZN7eDevice4framE
                0x00800451        0x1 Application/eDevice.o
                0x00800451                _ZN7eDevice4framE
 .bss._ZN7eDevice6eepromE
                0x00800452        0x1 Application/eDevice.o
                0x00800452                _ZN7eDevice6eepromE
 .bss._ZL20eDeviceIsInitialized
                0x00800453        0x1 Application/eDevice.o
 .bss.WaitEventCallbackHandler
                0x00800454        0x2 Application/eDeviceEvent.o
                0x00800454                WaitEventCallbackHandler
 .bss.eventQueueUnderflow
                0x00800456        0x2 Application/eDeviceEvent.o
                0x00800456                eventQueueUnderflow
 .bss.eventsInUse
                0x00800458        0x1 Application/eDeviceEvent.o
                0x00800458                eventsInUse
 .bss._ZL20mainThreadEventQueue
                0x00800459        0x2 Application/eDeviceEvent.o
 .bss._ZL10eventQueue
                0x0080045b        0x2 Application/eDeviceEvent.o
 .bss._ZL12eventStorage
                0x0080045d       0xa0 Application/eDeviceEvent.o
 .bss.persistent
                0x008004fd        0x1 Common/PersistenceServices.o
                0x008004fd                persistent
 .bss._ZN19PersistenceServices10lastUpdateE
                0x008004fe       0x20 Common/PersistenceServices.o
                0x008004fe                _ZN19PersistenceServices10lastUpdateE
 .bss.analogConversionMask
                0x0080051e        0x1 Core/coreADConverter.o
 .bss.analogConversionChannel
                0x0080051f        0x1 Core/coreADConverter.o
 .bss.autoTriggerSource
                0x00800520        0x1 Core/coreADConverter.o
 .bss.analogTempResultArray
                0x00800521       0x20 Core/coreADConverter.o
 .bss.analogNumberOfConversions
                0x00800541        0x2 Core/coreADConverter.o
 .bss.analogOversamplingRate
                0x00800543        0x1 Core/coreADConverter.o
 .bss.canReceiveMOb
                0x00800544        0xe Core/coreCAN.o
 .bss.canDataReadPointer
                0x00800552        0x1 Core/coreCAN.o
 .bss.canDataReceivePointer
                0x00800553        0x1 Core/coreCAN.o
 .bss.canDataOverflow
                0x00800554        0x2 Core/coreCAN.o
 .bss.canDataReceived
                0x00800556        0x1 Core/coreCAN.o
 .bss.canDataPending
                0x00800557        0x1 Core/coreCAN.o
 .bss.canActualReceiveFilterID
                0x00800558        0x1 Core/coreCAN.o
 .bss.canResetCounter
                0x00800559        0x2 Core/coreCAN.o
 .bss.interruptHandler
                0x0080055b        0x8 Core/coreController.o
 .bss.watchdogTimerState
                0x00800563        0x1 Core/coreController.o
 .bss.coreI2CSignalHandlerFired
                0x00800564        0x1 Core/coreI2C.o
 .bss.coreI2CSlaveTransmit
                0x00800565        0x2 Core/coreI2C.o
 .bss.coreI2CSlaveReceive
                0x00800567        0x2 Core/coreI2C.o
 .bss.I2cReceiveDataLength
                0x00800569        0x2 Core/coreI2C.o
 .bss.I2cReceiveDataIndex
                0x0080056b        0x2 Core/coreI2C.o
 .bss.I2cReceiveData
                0x0080056d        0x2 Core/coreI2C.o
 .bss.I2cSendDataLength
                0x0080056f        0x2 Core/coreI2C.o
 .bss.I2cSendDataIndex
                0x00800571        0x2 Core/coreI2C.o
 .bss.I2cSendData
                0x00800573        0x2 Core/coreI2C.o
 .bss.i2c0RegisterAddress
                0x00800575        0x1 Core/coreI2C.o
 .bss.i2c0RegisterPending
                0x00800576        0x1 Core/coreI2C.o
 .bss.I2cDeviceAddrRW
                0x00800577        0x1 Core/coreI2C.o
 .bss.I2cState  0x00800578        0x1 Core/coreI2C.o
 .bss.spi       0x00800579        0x1 Core/coreNVM.o
 .bss.pwmDutyCycle
                0x0080057a        0x4 Core/corePWM.o
 .bss.pwmState  0x0080057e        0x2 Core/corePWM.o
 .bss.pwmFlags  0x00800580        0x2 Core/corePWM.o
 .bss.spis      0x00800582        0xc Core/coreSPI.o
 .bss.toggleCounter.1803
                0x0080058e        0x2 Core/coreSystemTimer.o
 .bss.ticksPending.1804
                0x00800590        0x2 Core/coreSystemTimer.o
 .bss.coreSystemTimerSecondCount
                0x00800592        0x4 Core/coreSystemTimer.o
 .bss.coreSystemTimerTickCount
                0x00800596        0x4 Core/coreSystemTimer.o
                0x00800596                coreSystemTimerTickCount
 .bss.inReadTicksCriticalSection
                0x0080059a        0x1 Core/coreSystemTimer.o
                0x0080059a                inReadTicksCriticalSection
 .bss.callCoreSystemTimerWaitCallbackHandler
                0x0080059b        0x1 Core/coreSystemTimer.o
 .bss.callbackCounter
                0x0080059c        0x2 Core/coreSystemTimer.o
 .bss.coreNSDConfiguration
                0x0080059e        0xe Network/coreNSDStack.o
 .bss._ZZN10NSDHandler29setPHSMValueNumberOfCANResetsEjE17numberOfCANResets
                0x008005ac        0x2 Network/NSDHandler.o
 .bss._ZZN10NSDHandler42setPHSMValueNumberOfTransmitErrorsDetectedEjE30numberOfTransmitErrorsDetected
                0x008005ae        0x2 Network/NSDHandler.o
 .bss._ZZN10NSDHandler41setPHSMValueNumberOfReceiveErrorsDetectedEjE29numberOfReceiveErrorsDetected
                0x008005b0        0x2 Network/NSDHandler.o
 .bss._ZZN10NSDHandler18handlePeriodicTaskER13MGCUStateBitsE16nextCANResetTime
                0x008005b2        0x4 Network/NSDHandler.o
 .bss.nvmBaseAddress
                0x008005b6        0x2 Network/NSDHandler.o
                0x008005b6                nvmBaseAddress
 .bss.NSD       0x008005b8      0x119 Network/NSDHandler.o
                0x008005b8                NSD
 *(COMMON)
 COMMON         0x008006d1       0x11 Core/coreADConverter.o
                0x008006d1                analogResultArray
                0x008006e1                analogConversionReadyMask
 COMMON         0x008006e2       0x87 Core/coreAsyncSerial.o
                0x008006e2                usart1DataReceived
                0x008006e3                usart1TransferData
                0x008006e5                usart1Data
                0x00800765                usart1TransferRemaining
                0x00800767                usart1DataReceivedPointer
                0x00800768                usart1DataReadPointer
 COMMON         0x00800769        0x9 Core/coreController.o
                0x00800769                SREGSave
                0x0080076a                externalInterruptCounter
 COMMON         0x00800772       0xd8 Network/coreNSDStack.o
                0x00800772                configurationData
                0x00800822                GAINMessageInhibitTimes
 COMMON         0x0080084a        0x4 c:/program files (x86)/atmel/studio/7.0/toolchain/avr8/avr8-gnu-toolchain/bin/../lib/gcc/avr/5.4.0/../../../../avr/lib/avr51\libc.a(malloc.o)
                0x0080084a                __brkval
                0x0080084c                __flp
                0x0080084e                PROVIDE (__bss_end, .)
                0x0000edd2                __data_load_start = LOADADDR (.data)
                0x0000ef9e                __data_load_end = (__data_load_start + SIZEOF (.data))

.noinit         0x0080084e        0x0
                [!provide]                PROVIDE (__noinit_start, .)
 *(.noinit*)
                [!provide]                PROVIDE (__noinit_end, .)