Archive member included to satisfy reference by file (symbol)

c:/program files (x86)/atmel/studio/7.0/toolchain/arm/arm-gnu-toolchain/bin/../lib/gcc/arm-none-eabi/6.3.1/thumb/v7e-m\libgcc.a(_arm_addsubdf3.o)
                              hpl/sercom/hpl_sercom.o (__aeabi_dsub)
c:/program files (x86)/atmel/studio/7.0/toolchain/arm/arm-gnu-toolchain/bin/../lib/gcc/arm-none-eabi/6.3.1/thumb/v7e-m\libgcc.a(_arm_muldivdf3.o)
                              hpl/sercom/hpl_sercom.o (__aeabi_dmul)
c:/program files (x86)/atmel/studio/7.0/toolchain/arm/arm-gnu-toolchain/bin/../lib/gcc/arm-none-eabi/6.3.1/thumb/v7e-m\libgcc.a(_arm_fixunsdfsi.o)
                              hpl/sercom/hpl_sercom.o (__aeabi_d2uiz)
c:/program files (x86)/atmel/studio/7.0/toolchain/arm/arm-gnu-toolchain/bin/../lib/gcc/arm-none-eabi/6.3.1/thumb/v7e-m\libgcc.a(_aeabi_uldivmod.o)
                              hpl/sercom/hpl_sercom.o (__aeabi_uldivmod)
c:/program files (x86)/atmel/studio/7.0/toolchain/arm/arm-gnu-toolchain/bin/../lib/gcc/arm-none-eabi/6.3.1/thumb/v7e-m\libgcc.a(_udivmoddi4.o)
                              c:/program files (x86)/atmel/studio/7.0/toolchain/arm/arm-gnu-toolchain/bin/../lib/gcc/arm-none-eabi/6.3.1/thumb/v7e-m\libgcc.a(_aeabi_uldivmod.o) (__udivmoddi4)
c:/program files (x86)/atmel/studio/7.0/toolchain/arm/arm-gnu-toolchain/bin/../lib/gcc/arm-none-eabi/6.3.1/thumb/v7e-m\libgcc.a(_dvmd_tls.o)
                              c:/program files (x86)/atmel/studio/7.0/toolchain/arm/arm-gnu-toolchain/bin/../lib/gcc/arm-none-eabi/6.3.1/thumb/v7e-m\libgcc.a(_aeabi_uldivmod.o) (__aeabi_ldiv0)
c:/program files (x86)/atmel/studio/7.0/toolchain/arm/arm-gnu-toolchain/bin/../lib/gcc/arm-none-eabi/6.3.1/../../../../arm-none-eabi/lib/thumb/v7e-m\libc_nano.a(lib_a-exit.o)
                              c:/program files (x86)/atmel/studio/7.0/toolchain/arm/arm-gnu-toolchain/bin/../lib/gcc/arm-none-eabi/6.3.1/../../../../arm-none-eabi/lib/thumb/v7e-m/crt0.o (exit)
c:/program files (x86)/atmel/studio/7.0/toolchain/arm/arm-gnu-toolchain/bin/../lib/gcc/arm-none-eabi/6.3.1/../../../../arm-none-eabi/lib/thumb/v7e-m\libc_nano.a(lib_a-impure.o)
                              c:/program files (x86)/atmel/studio/7.0/toolchain/arm/arm-gnu-toolchain/bin/../lib/gcc/arm-none-eabi/6.3.1/../../../../arm-none-eabi/lib/thumb/v7e-m\libc_nano.a(lib_a-exit.o) (_global_impure_ptr)
c:/program files (x86)/atmel/studio/7.0/toolchain/arm/arm-gnu-toolchain/bin/../lib/gcc/arm-none-eabi/6.3.1/../../../../arm-none-eabi/lib/thumb/v7e-m\libc_nano.a(lib_a-init.o)
                              c:/program files (x86)/atmel/studio/7.0/toolchain/arm/arm-gnu-toolchain/bin/../lib/gcc/arm-none-eabi/6.3.1/../../../../arm-none-eabi/lib/thumb/v7e-m/crt0.o (__libc_init_array)
c:/program files (x86)/atmel/studio/7.0/toolchain/arm/arm-gnu-toolchain/bin/../lib/gcc/arm-none-eabi/6.3.1/../../../../arm-none-eabi/lib/thumb/v7e-m\libc_nano.a(lib_a-memcpy-stub.o)
                              hpl/usb/hpl_usb.o (memcpy)
c:/program files (x86)/atmel/studio/7.0/toolchain/arm/arm-gnu-toolchain/bin/../lib/gcc/arm-none-eabi/6.3.1/../../../../arm-none-eabi/lib/thumb/v7e-m\libc_nano.a(lib_a-memset.o)
                              c:/program files (x86)/atmel/studio/7.0/toolchain/arm/arm-gnu-toolchain/bin/../lib/gcc/arm-none-eabi/6.3.1/../../../../arm-none-eabi/lib/thumb/v7e-m/crt0.o (memset)
c:/program files (x86)/atmel/studio/7.0/toolchain/arm/arm-gnu-toolchain/bin/../lib/gcc/arm-none-eabi/6.3.1/../../../../arm-none-eabi/lib/thumb/v7e-m\libc_nano.a(lib_a-printf.o)
                              hal/utils/src/utils_syscalls.o (printf)
c:/program files (x86)/atmel/studio/7.0/toolchain/arm/arm-gnu-toolchain/bin/../lib/gcc/arm-none-eabi/6.3.1/../../../../arm-none-eabi/lib/thumb/v7e-m\libc_nano.a(lib_a-findfp.o)
                              c:/program files (x86)/atmel/studio/7.0/toolchain/arm/arm-gnu-toolchain/bin/../lib/gcc/arm-none-eabi/6.3.1/../../../../arm-none-eabi/lib/thumb/v7e-m\libc_nano.a(lib_a-printf.o) (__sinit)
c:/program files (x86)/atmel/studio/7.0/toolchain/arm/arm-gnu-toolchain/bin/../lib/gcc/arm-none-eabi/6.3.1/../../../../arm-none-eabi/lib/thumb/v7e-m\libc_nano.a(lib_a-fwalk.o)
                              c:/program files (x86)/atmel/studio/7.0/toolchain/arm/arm-gnu-toolchain/bin/../lib/gcc/arm-none-eabi/6.3.1/../../../../arm-none-eabi/lib/thumb/v7e-m\libc_nano.a(lib_a-findfp.o) (_fwalk)
c:/program files (x86)/atmel/studio/7.0/toolchain/arm/arm-gnu-toolchain/bin/../lib/gcc/arm-none-eabi/6.3.1/../../../../arm-none-eabi/lib/thumb/v7e-m\libc_nano.a(lib_a-nano-mallocr.o)
                              c:/program files (x86)/atmel/studio/7.0/toolchain/arm/arm-gnu-toolchain/bin/../lib/gcc/arm-none-eabi/6.3.1/../../../../arm-none-eabi/lib/thumb/v7e-m\libc_nano.a(lib_a-findfp.o) (_malloc_r)
c:/program files (x86)/atmel/studio/7.0/toolchain/arm/arm-gnu-toolchain/bin/../lib/gcc/arm-none-eabi/6.3.1/../../../../arm-none-eabi/lib/thumb/v7e-m\libc_nano.a(lib_a-nano-vfprintf.o)
[...]
Memory Configuration

Name             Origin             Length             Attributes
rom              0x00000000         0x00100000         xr
ram              0x20000000         0x00040000         xrw
bkupram          0x47000000         0x00002000         xrw
qspi             0x04000000         0x01000000         xrw
*default*        0x00000000         0xffffffff

Linker script and memory map

LOAD c:/program files (x86)/atmel/studio/7.0/toolchain/arm/arm-gnu-toolchain/bin/../lib/gcc/arm-none-eabi/6.3.1/thumb/v7e-m/crti.o
LOAD c:/program files (x86)/atmel/studio/7.0/toolchain/arm/arm-gnu-toolchain/bin/../lib/gcc/arm-none-eabi/6.3.1/thumb/v7e-m/crtbegin.o
LOAD c:/program files (x86)/atmel/studio/7.0/toolchain/arm/arm-gnu-toolchain/bin/../lib/gcc/arm-none-eabi/6.3.1/../../../../arm-none-eabi/lib/thumb/v7e-m/crt0.o
LOAD atmel_start.o
LOAD Device_Startup/startup_same54.o
LOAD Device_Startup/system_same54.o
LOAD driver_init.o
LOAD examples/driver_examples.o
LOAD hal/src/hal_atomic.o
LOAD hal/src/hal_cache.o
LOAD hal/src/hal_delay.o
LOAD hal/src/hal_gpio.o
LOAD hal/src/hal_init.o
LOAD hal/src/hal_io.o
LOAD hal/src/hal_sleep.o
LOAD hal/src/hal_spi_m_async.o
LOAD hal/src/hal_usb_device.o
LOAD hal/utils/src/utils_assert.o
LOAD hal/utils/src/utils_event.o
LOAD hal/utils/src/utils_list.o
LOAD hal/utils/src/utils_syscalls.o
LOAD hpl/cmcc/hpl_cmcc.o
LOAD hpl/core/hpl_core_m4.o
LOAD hpl/core/hpl_init.o
LOAD hpl/dmac/hpl_dmac.o
LOAD hpl/gclk/hpl_gclk.o
LOAD hpl/mclk/hpl_mclk.o
LOAD hpl/osc32kctrl/hpl_osc32kctrl.o
LOAD hpl/oscctrl/hpl_oscctrl.o
LOAD hpl/pm/hpl_pm.o
LOAD hpl/ramecc/hpl_ramecc.o
LOAD hpl/sercom/hpl_sercom.o
LOAD hpl/usb/hpl_usb.o
LOAD main.o
LOAD usb/class/cdc/device/cdcdf_acm.o
LOAD usb/device/usbdc.o
LOAD usb/usb_protocol.o
LOAD usb_start.o
START GROUP
LOAD c:/program files (x86)/atmel/studio/7.0/toolchain/arm/arm-gnu-toolchain/bin/../lib/gcc/arm-none-eabi/6.3.1/../../../../arm-none-eabi/lib/thumb/v7e-m\libm.a
END GROUP
START GROUP
LOAD c:/program files (x86)/atmel/studio/7.0/toolchain/arm/arm-gnu-toolchain/bin/../lib/gcc/arm-none-eabi/6.3.1/thumb/v7e-m\libgcc.a
LOAD c:/program files (x86)/atmel/studio/7.0/toolchain/arm/arm-gnu-toolchain/bin/../lib/gcc/arm-none-eabi/6.3.1/../../../../arm-none-eabi/lib/thumb/v7e-m\libc_nano.a
END GROUP
START GROUP
LOAD c:/program files (x86)/atmel/studio/7.0/toolchain/arm/arm-gnu-toolchain/bin/../lib/gcc/arm-none-eabi/6.3.1/thumb/v7e-m\libgcc.a
LOAD c:/program files (x86)/atmel/studio/7.0/toolchain/arm/arm-gnu-toolchain/bin/../lib/gcc/arm-none-eabi/6.3.1/../../../../arm-none-eabi/lib/thumb/v7e-m\libc_nano.a
END GROUP
LOAD c:/program files (x86)/atmel/studio/7.0/toolchain/arm/arm-gnu-toolchain/bin/../lib/gcc/arm-none-eabi/6.3.1/thumb/v7e-m/crtend.o
LOAD c:/program files (x86)/atmel/studio/7.0/toolchain/arm/arm-gnu-toolchain/bin/../lib/gcc/arm-none-eabi/6.3.1/thumb/v7e-m/crtn.o
                0x00010000                STACK_SIZE = DEFINED (STACK_SIZE)?STACK_SIZE:DEFINED (__stack_size__)?__stack_size__:0x10000

.text           0x00000000     0x3248
                0x00000000                . = ALIGN (0x4)
                0x00000000                _sfixed = .
 *(.vectors .vectors.*)
 .vectors       0x00000000      0x264 Device_Startup/startup_same54.o
                0x00000000                exception_table
 *(.text .text.* .gnu.linkonce.t.*)
 .text          0x00000264       0x6c c:/program files (x86)/atmel/studio/7.0/toolchain/arm/arm-gnu-toolchain/bin/../lib/gcc/arm-none-eabi/6.3.1/thumb/v7e-m/crtbegin.o
 .text.atmel_start_init
                0x000002d0       0x14 atmel_start.o
                0x000002d0                atmel_start_init
 .text.Dummy_Handler
                0x000002e4        0x2 Device_Startup/startup_same54.o
                0x000002e4                EIC_5_Handler
                0x000002e4                SVCall_Handler
                0x000002e4                EIC_13_Handler
                0x000002e4                EVSYS_0_Handler
                0x000002e4                TCC1_3_Handler
                0x000002e4                DAC_3_Handler
                0x000002e4                TRNG_Handler
                0x000002e4                HardFault_Handler
                0x000002e4                TC2_Handler
                0x000002e4                PDEC_2_Handler
                0x000002e4                EIC_4_Handler
                0x000002e4                AC_Handler
                0x000002e4                SERCOM3_1_Handler
                0x000002e4                SysTick_Handler
                0x000002e4                TCC2_3_Handler
                0x000002e4                SERCOM3_2_Handler
                0x000002e4                PendSV_Handler
                0x000002e4                TC7_Handler
                0x000002e4                ADC1_1_Handler
                0x000002e4                EVSYS_3_Handler
                0x000002e4                PDEC_0_Handler
                0x000002e4                QSPI_Handler
                0x000002e4                NonMaskableInt_Handler
                0x000002e4                TCC0_0_Handler
                0x000002e4                EIC_3_Handler
                0x000002e4                MemManagement_Handler
                0x000002e4                DAC_2_Handler
                0x000002e4                RTC_Handler
                0x000002e4                UsageFault_Handler
                0x000002e4                SERCOM4_0_Handler
                0x000002e4                EIC_10_Handler
                0x000002e4                EIC_11_Handler
                0x000002e4                EIC_9_Handler
                0x000002e4                OSC32KCTRL_Handler
                0x000002e4                TCC2_1_Handler
                0x000002e4                SUPC_1_Handler
                0x000002e4                TCC0_5_Handler
                0x000002e4                TCC0_6_Handler
                0x000002e4                SERCOM6_2_Handler
                0x000002e4                EVSYS_1_Handler
                0x000002e4                TCC1_4_Handler
                0x000002e4                TC6_Handler
                0x000002e4                DMAC_0_Handler
                0x000002e4                WDT_Handler
                0x000002e4                CAN0_Handler
                0x000002e4                EIC_8_Handler
                0x000002e4                EIC_15_Handler
                0x000002e4                SERCOM6_0_Handler
                0x000002e4                SERCOM5_0_Handler
                0x000002e4                TC4_Handler
                0x000002e4                TC1_Handler
                0x000002e4                OSCCTRL_4_Handler
                0x000002e4                SERCOM4_3_Handler
                0x000002e4                EIC_12_Handler
                0x000002e4                DMAC_4_Handler
                0x000002e4                TCC4_2_Handler
                0x000002e4                PAC_Handler
                0x000002e4                TCC1_0_Handler
                0x000002e4                OSCCTRL_0_Handler
                0x000002e4                EIC_0_Handler
                0x000002e4                OSCCTRL_3_Handler
                0x000002e4                SERCOM4_1_Handler
                0x000002e4                TC3_Handler
                0x000002e4                Dummy_Handler
                0x000002e4                TCC3_0_Handler
                0x000002e4                TCC2_2_Handler
                0x000002e4                SERCOM5_1_Handler
                0x000002e4                TCC1_1_Handler
                0x000002e4                DMAC_2_Handler
                0x000002e4                ADC0_0_Handler
                0x000002e4                OSCCTRL_2_Handler
                0x000002e4                ADC1_0_Handler
                0x000002e4                TCC1_2_Handler
                0x000002e4                SERCOM7_1_Handler
                0x000002e4                PM_Handler
                0x000002e4                SERCOM6_3_Handler
                0x000002e4                SERCOM2_3_Handler
                0x000002e4                DAC_4_Handler
                0x000002e4                TCC3_2_Handler
                0x000002e4                SERCOM7_0_Handler
                0x000002e4                TCC0_2_Handler
                0x000002e4                DMAC_1_Handler
                0x000002e4                TCC4_0_Handler
                0x000002e4                SERCOM7_3_Handler
                0x000002e4                GMAC_Handler
                0x000002e4                SDHC1_Handler
                0x000002e4                SERCOM7_2_Handler
                0x000002e4                CAN1_Handler
                0x000002e4                TCC2_0_Handler
                0x000002e4                PDEC_1_Handler
                0x000002e4                TCC4_1_Handler
                0x000002e4                SERCOM5_3_Handler
                0x000002e4                SERCOM6_1_Handler
                0x000002e4                SDHC0_Handler
                0x000002e4                SERCOM1_1_Handler
                0x000002e4                I2S_Handler
                0x000002e4                EIC_2_Handler
                0x000002e4                PCC_Handler
                0x000002e4                DAC_0_Handler
                0x000002e4                TCC0_1_Handler
                0x000002e4                SERCOM1_3_Handler
                0x000002e4                EIC_6_Handler
                0x000002e4                OSCCTRL_1_Handler
                0x000002e4                SERCOM1_0_Handler
                0x000002e4                PUKCC_Handler
                0x000002e4                SERCOM2_1_Handler
                0x000002e4                SERCOM1_2_Handler
                0x000002e4                SERCOM3_0_Handler
                0x000002e4                EIC_1_Handler
                0x000002e4                SERCOM4_2_Handler
                0x000002e4                EVSYS_4_Handler
                0x000002e4                EIC_7_Handler
                0x000002e4                NVMCTRL_1_Handler
                0x000002e4                SERCOM5_2_Handler
                0x000002e4                SERCOM3_3_Handler
                0x000002e4                ADC0_1_Handler
                0x000002e4                SERCOM2_2_Handler
                0x000002e4                TCC3_1_Handler
                0x000002e4                EIC_14_Handler
                0x000002e4                DAC_1_Handler
                0x000002e4                NVMCTRL_0_Handler
                0x000002e4                MCLK_Handler
                0x000002e4                EVSYS_2_Handler
                0x000002e4                SUPC_0_Handler
                0x000002e4                BusFault_Handler
                0x000002e4                FREQM_Handler
                0x000002e4                TC0_Handler
                0x000002e4                TCC0_3_Handler
                0x000002e4                DMAC_3_Handler
                0x000002e4                DebugMonitor_Handler
                0x000002e4                TCC0_4_Handler
                0x000002e4                TC5_Handler
                0x000002e4                SERCOM2_0_Handler
                0x000002e4                AES_Handler
                0x000002e4                ICM_Handler
 *fill*         0x000002e6        0x2 
 .text.Reset_Handler
                0x000002e8       0x98 Device_Startup/startup_same54.o
                0x000002e8                Reset_Handler
 .text.SPI_0_PORT_init
                0x00000380       0xac driver_init.o
                0x00000380                SPI_0_PORT_init
 .text.SPI_0_CLOCK_init
                0x0000042c       0x24 driver_init.o
                0x0000042c                SPI_0_CLOCK_init
 .text.SPI_0_init
                0x00000450       0x28 driver_init.o
                0x00000450                SPI_0_init
 .text.USB_0_PORT_init
                0x00000478       0x88 driver_init.o
                0x00000478                USB_0_PORT_init
 .text.USB_0_CLOCK_init
                0x00000500       0x24 driver_init.o
                0x00000500                USB_0_CLOCK_init
 .text.USB_0_init
                0x00000524       0x1c driver_init.o
                0x00000524                USB_0_init
 .text.system_init
                0x00000540       0x1c driver_init.o
                0x00000540                system_init
 .text.atomic_enter_critical
                0x0000055c        0xe hal/src/hal_atomic.o
                0x0000055c                atomic_enter_critical
 .text.atomic_leave_critical
                0x0000056a        0xc hal/src/hal_atomic.o
                0x0000056a                atomic_leave_critical
 *fill*         0x00000576        0x2 
 .text._spi_m_async_io_write
                0x00000578       0x40 hal/src/hal_spi_m_async.o
 .text._spi_m_async_io_read
                0x000005b8       0x50 hal/src/hal_spi_m_async.o
 .text._spi_dev_error
                0x00000608       0x3c hal/src/hal_spi_m_async.o
 .text._spi_dev_complete
                0x00000644       0x28 hal/src/hal_spi_m_async.o
 .text._spi_dev_tx
                0x0000066c       0x48 hal/src/hal_spi_m_async.o
 .text._spi_dev_rx
                0x000006b4       0x84 hal/src/hal_spi_m_async.o
 .text.spi_m_async_init
                0x00000738       0x84 hal/src/hal_spi_m_async.o
                0x00000738                spi_m_async_init
 .text._usb_d_find_ep
                0x000007bc       0x44 hal/src/hal_usb_device.o
 .text.usb_d_dummy_cb_false
                0x00000800        0x4 hal/src/hal_usb_device.o
 .text.usb_d_cb_trans_more
                0x00000804       0x34 hal/src/hal_usb_device.o
 .text._usb_d_cb_trans_done
                0x00000838      0x150 hal/src/hal_usb_device.o
 .text.usb_d_cb_trans_setup
                0x00000988       0x88 hal/src/hal_usb_device.o
 .text.usb_d_init
                0x00000a10       0x68 hal/src/hal_usb_device.o
                0x00000a10                usb_d_init
 .text.usb_d_register_callback
                0x00000a78        0xc hal/src/hal_usb_device.o
                0x00000a78                usb_d_register_callback
 .text.usb_d_enable
                0x00000a84        0xc hal/src/hal_usb_device.o
                0x00000a84                usb_d_enable
 .text.usb_d_attach
                0x00000a90        0xc hal/src/hal_usb_device.o
                0x00000a90                usb_d_attach
 .text.usb_d_set_address
                0x00000a9c        0xc hal/src/hal_usb_device.o
                0x00000a9c                usb_d_set_address
 .text.usb_d_ep_init
                0x00000aa8       0x54 hal/src/hal_usb_device.o
                0x00000aa8                usb_d_ep_init
 .text.usb_d_ep0_init
                0x00000afc       0x14 hal/src/hal_usb_device.o
                0x00000afc                usb_d_ep0_init
 .text.usb_d_ep_deinit
                0x00000b10       0x2c hal/src/hal_usb_device.o
                0x00000b10                usb_d_ep_deinit
 .text.usb_d_ep_enable
                0x00000b3c       0x4c hal/src/hal_usb_device.o
                0x00000b3c                usb_d_ep_enable
 .text.usb_d_ep_transfer
                0x00000b88      0x120 hal/src/hal_usb_device.o
                0x00000b88                usb_d_ep_transfer
 .text.usb_d_ep_halt
                0x00000ca8       0x68 hal/src/hal_usb_device.o
                0x00000ca8                usb_d_ep_halt
 .text.usb_d_ep_register_callback
                0x00000d10       0x4c hal/src/hal_usb_device.o
                0x00000d10                usb_d_ep_register_callback
 .text.assert   0x00000d5c        0x6 hal/utils/src/utils_assert.o
                0x00000d5c                assert
 .text.is_list_element
                0x00000d62       0x20 hal/utils/src/utils_list.o
                0x00000d62                is_list_element
 *fill*         0x00000d82        0x2 
 .text.list_insert_at_end
                0x00000d84       0x40 hal/utils/src/utils_list.o
                0x00000d84                list_insert_at_end
 .text._init_chip
                0x00000dc4       0x3c hpl/core/hpl_init.o
                0x00000dc4                _init_chip
 .text._gclk_init_generators_by_fref
                0x00000e00       0x5c hpl/gclk/hpl_gclk.o
                0x00000e00                _gclk_init_generators_by_fref
 .text._mclk_init
                0x00000e5c        0xc hpl/mclk/hpl_mclk.o
                0x00000e5c                _mclk_init
 .text._osc32kctrl_init_sources
                0x00000e68       0x20 hpl/osc32kctrl/hpl_osc32kctrl.o
                0x00000e68                _osc32kctrl_init_sources
 .text._oscctrl_init_sources
                0x00000e88       0x1c hpl/oscctrl/hpl_oscctrl.o
                0x00000e88                _oscctrl_init_sources
 .text._oscctrl_init_referenced_generators
                0x00000ea4       0xe8 hpl/oscctrl/hpl_oscctrl.o
                0x00000ea4                _oscctrl_init_referenced_generators
 .text.RAMECC_Handler
                0x00000f8c       0x44 hpl/ramecc/hpl_ramecc.o
                0x00000f8c                RAMECC_Handler
 .text._sercom_get_hardware_index
                0x00000fd0       0x44 hpl/sercom/hpl_sercom.o
 .text._sercom_get_irq_num
                0x00001014       0x14 hpl/sercom/hpl_sercom.o
 .text._spi_handler
                0x00001028       0x4c hpl/sercom/hpl_sercom.o
 .text.SERCOM0_0_Handler
                0x00001074       0x14 hpl/sercom/hpl_sercom.o
                0x00001074                SERCOM0_0_Handler
 .text.SERCOM0_1_Handler
                0x00001088       0x14 hpl/sercom/hpl_sercom.o
                0x00001088                SERCOM0_1_Handler
 .text.SERCOM0_2_Handler
                0x0000109c       0x14 hpl/sercom/hpl_sercom.o
                0x0000109c                SERCOM0_2_Handler
 .text.SERCOM0_3_Handler
                0x000010b0       0x14 hpl/sercom/hpl_sercom.o
                0x000010b0                SERCOM0_3_Handler
 .text._spi_m_sync_init
                0x000010c4       0xf4 hpl/sercom/hpl_sercom.o
                0x000010c4                _spi_m_sync_init
 .text._spi_m_async_init
                0x000011b8       0x6c hpl/sercom/hpl_sercom.o
                0x000011b8                _spi_m_async_init
 .text._spi_m_async_enable_tx
                0x00001224       0x34 hpl/sercom/hpl_sercom.o
                0x00001224                _spi_m_async_enable_tx
 .text._spi_m_async_enable_rx
                0x00001258       0x40 hpl/sercom/hpl_sercom.o
                0x00001258                _spi_m_async_enable_rx
 .text._spi_m_async_enable_tx_complete
                0x00001298       0x3c hpl/sercom/hpl_sercom.o
                0x00001298                _spi_m_async_enable_tx_complete
 .text._spi_m_async_write_one
                0x000012d4       0x30 hpl/sercom/hpl_sercom.o
                0x000012d4                _spi_m_async_write_one
 .text._spi_m_async_read_one
                0x00001304       0x2c hpl/sercom/hpl_sercom.o
                0x00001304                _spi_m_async_read_one
 .text._spi_m_async_register_callback
                0x00001330       0x34 hpl/sercom/hpl_sercom.o
                0x00001330                _spi_m_async_register_callback
 .text._dummy_func_no_return
                0x00001364        0x4 hpl/usb/hpl_usb.o
 .text._usb_d_dev_handle_setup
                0x00001368       0x7c hpl/usb/hpl_usb.o
 .text._usb_d_dev_handle_stall
                0x000013e4       0x2c hpl/usb/hpl_usb.o
 .text._usb_d_dev_trans_done
                0x00001410       0x2c hpl/usb/hpl_usb.o
 .text._usb_d_dev_trans_stop
                0x0000143c       0x6c hpl/usb/hpl_usb.o
 .text._usb_d_dev_handle_trfail
                0x000014a8      0x100 hpl/usb/hpl_usb.o
 .text._usb_d_dev_reset_epts
                0x000015a8       0x44 hpl/usb/hpl_usb.o
 .text._usb_d_dev_in_next
                0x000015ec      0x184 hpl/usb/hpl_usb.o
 .text._usb_d_dev_out_next
                0x00001770      0x1f0 hpl/usb/hpl_usb.o
 .text._usb_d_dev_handler
                0x00001960      0x278 hpl/usb/hpl_usb.o
 .text._usb_d_dev_init
                0x00001bd8       0xfc hpl/usb/hpl_usb.o
                0x00001bd8                _usb_d_dev_init
 .text._usb_d_dev_enable
                0x00001cd4       0x6c hpl/usb/hpl_usb.o
                0x00001cd4                _usb_d_dev_enable
 .text._usb_d_dev_attach
                0x00001d40       0x12 hpl/usb/hpl_usb.o
                0x00001d40                _usb_d_dev_attach
 .text._usb_d_dev_set_address
                0x00001d52        0xc hpl/usb/hpl_usb.o
                0x00001d52                _usb_d_dev_set_address
 *fill*         0x00001d5e        0x2 
 .text._usb_d_dev_ep_init
                0x00001d60      0x118 hpl/usb/hpl_usb.o
                0x00001d60                _usb_d_dev_ep_init
 .text._usb_d_dev_ep_deinit
                0x00001e78       0xc4 hpl/usb/hpl_usb.o
                0x00001e78                _usb_d_dev_ep_deinit
 .text._usb_d_dev_ep_enable
                0x00001f3c      0x2a8 hpl/usb/hpl_usb.o
                0x00001f3c                _usb_d_dev_ep_enable
 .text._usb_d_dev_ep_stall
                0x000021e4      0x148 hpl/usb/hpl_usb.o
                0x000021e4                _usb_d_dev_ep_stall
 .text._usb_d_dev_ep_read_req
                0x0000232c       0x60 hpl/usb/hpl_usb.o
                0x0000232c                _usb_d_dev_ep_read_req
 .text._usb_d_dev_ep_trans
                0x0000238c      0x1e0 hpl/usb/hpl_usb.o
                0x0000238c                _usb_d_dev_ep_trans
 .text._usb_d_dev_register_callback
                0x0000256c       0x24 hpl/usb/hpl_usb.o
                0x0000256c                _usb_d_dev_register_callback
 .text._usb_d_dev_register_ep_callback
                0x00002590       0x30 hpl/usb/hpl_usb.o
                0x00002590                _usb_d_dev_register_ep_callback
 .text.USB_0_Handler
                0x000025c0        0xc hpl/usb/hpl_usb.o
                0x000025c0                USB_0_Handler
 .text.USB_1_Handler
                0x000025cc        0xc hpl/usb/hpl_usb.o
                0x000025cc                USB_1_Handler
 .text.USB_2_Handler
                0x000025d8        0xc hpl/usb/hpl_usb.o
                0x000025d8                USB_2_Handler
 .text.USB_3_Handler
                0x000025e4        0xc hpl/usb/hpl_usb.o
                0x000025e4                USB_3_Handler
 .text.main     0x000025f0        0xc main.o
                0x000025f0                main
 .text.cdcdf_acm_req
                0x000025fc       0xf8 usb/class/cdc/device/cdcdf_acm.o
 .text.cdcdf_acm_ctrl
                0x000026f4      0x168 usb/class/cdc/device/cdcdf_acm.o
 .text.cdcdf_acm_init
                0x0000285c       0x44 usb/class/cdc/device/cdcdf_acm.o
                0x0000285c                cdcdf_acm_init
 .text.usbdc_unconfig
                0x000028a0       0x24 usb/device/usbdc.o
 .text.usbdc_change_notify
                0x000028c4       0x28 usb/device/usbdc.o
 .text.usbdc_request_handler
                0x000028ec       0x40 usb/device/usbdc.o
 .text.usbd_sof_cb
                0x0000292c       0x20 usb/device/usbdc.o
 .text.usbdc_cb_ctl_done
                0x0000294c       0x74 usb/device/usbdc.o
 .text.usbdc_reset
                0x000029c0       0x58 usb/device/usbdc.o
                0x000029c0                usbdc_reset
 .text.usbd_event_cb
                0x00002a18       0x20 usb/device/usbdc.o
 .text.usbdc_xfer
                0x00002a38       0x20 usb/device/usbdc.o
                0x00002a38                usbdc_xfer
 .text.usbdc_cb_ctl_req
                0x00002a58      0x41c usb/device/usbdc.o
 .text.usbdc_register_handler
                0x00002e74       0x38 usb/device/usbdc.o
                0x00002e74                usbdc_register_handler
 .text.usbdc_init
                0x00002eac       0x5c usb/device/usbdc.o
                0x00002eac                usbdc_init
 .text.usbdc_register_function
                0x00002f08       0x14 usb/device/usbdc.o
                0x00002f08                usbdc_register_function
 .text.usbdc_start
                0x00002f1c       0x34 usb/device/usbdc.o
                0x00002f1c                usbdc_start
 .text.usbdc_attach
                0x00002f50        0xc usb/device/usbdc.o
                0x00002f50                usbdc_attach
 .text.usbdc_get_ctrl_buffer
                0x00002f5c        0xc usb/device/usbdc.o
                0x00002f5c                usbdc_get_ctrl_buffer
 .text.usbdc_get_state
                0x00002f68       0x14 usb/device/usbdc.o
                0x00002f68                usbdc_get_state
 .text.usb_find_desc
                0x00002f7c       0x3a usb/usb_protocol.o
                0x00002f7c                usb_find_desc
 .text.usb_find_ep_desc
                0x00002fb6       0x46 usb/usb_protocol.o
                0x00002fb6                usb_find_ep_desc
 .text.usb_find_cfg_desc
                0x00002ffc       0x68 usb/usb_protocol.o
                0x00002ffc                usb_find_cfg_desc
 .text.usb_find_str_desc
                0x00003064       0x48 usb/usb_protocol.o
                0x00003064                usb_find_str_desc
 .text.cdc_device_acm_init
                0x000030ac       0x30 usb_start.o
                0x000030ac                cdc_device_acm_init
 .text.usb_init
                0x000030dc        0xc usb_start.o
                0x000030dc                usb_init
 .text.__libc_init_array
                0x000030e8       0x48 c:/program files (x86)/atmel/studio/7.0/toolchain/arm/arm-gnu-toolchain/bin/../lib/gcc/arm-none-eabi/6.3.1/../../../../arm-none-eabi/lib/thumb/v7e-m\libc_nano.a(lib_a-init.o)
                0x000030e8                __libc_init_array
 .text.memcpy   0x00003130       0x16 c:/program files (x86)/atmel/studio/7.0/toolchain/arm/arm-gnu-toolchain/bin/../lib/gcc/arm-none-eabi/6.3.1/../../../../arm-none-eabi/lib/thumb/v7e-m\libc_nano.a(lib_a-memcpy-stub.o)
                0x00003130                memcpy
 .text.memset   0x00003146       0x10 c:/program files (x86)/atmel/studio/7.0/toolchain/arm/arm-gnu-toolchain/bin/../lib/gcc/arm-none-eabi/6.3.1/../../../../arm-none-eabi/lib/thumb/v7e-m\libc_nano.a(lib_a-memset.o)
                0x00003146                memset
 *(.glue_7t)
 .glue_7t       0x00003156        0x0 linker stubs
 *(.glue_7)
 .glue_7        0x00003156        0x0 linker stubs
 *(.rodata .rodata* .gnu.linkonce.r.*)
 *fill*         0x00003156        0x2 
 .rodata.str1.4
                0x00003158       0x1d hal/src/hal_spi_m_async.o
 *fill*         0x00003175        0x3 
 .rodata.str1.4
                0x00003178       0x1e hal/utils/src/utils_list.o
 *fill*         0x00003196        0x2 
 .rodata        0x00003198       0x38 hpl/sercom/hpl_sercom.o
 .rodata.str1.4
                0x000031d0       0x1b hpl/sercom/hpl_sercom.o
 *fill*         0x000031eb        0x1 
 .rodata        0x000031ec       0x24 hpl/usb/hpl_usb.o
 .rodata.str1.4
                0x00003210       0x18 usb/device/usbdc.o
                                 0x16 (size before relaxing)
 *(.ARM.extab* .gnu.linkonce.armextab.*)
                0x00003228                . = ALIGN (0x4)
 *(.init)
 .init          0x00003228        0x4 c:/program files (x86)/atmel/studio/7.0/toolchain/arm/arm-gnu-toolchain/bin/../lib/gcc/arm-none-eabi/6.3.1/thumb/v7e-m/crti.o
                0x00003228                _init
 .init          0x0000322c        0x8 c:/program files (x86)/atmel/studio/7.0/toolchain/arm/arm-gnu-toolchain/bin/../lib/gcc/arm-none-eabi/6.3.1/thumb/v7e-m/crtn.o
                0x00003234                . = ALIGN (0x4)
                0x00003234                __preinit_array_start = .
 *(.preinit_array)
                0x00003234                __preinit_array_end = .
                0x00003234                . = ALIGN (0x4)
                0x00003234                __init_array_start = .
 *(SORT(.init_array.*))
 *(.init_array)
 .init_array    0x00003234        0x4 c:/program files (x86)/atmel/studio/7.0/toolchain/arm/arm-gnu-toolchain/bin/../lib/gcc/arm-none-eabi/6.3.1/thumb/v7e-m/crtbegin.o
                0x00003238                __init_array_end = .
                0x00003238                . = ALIGN (0x4)
 *crtbegin.o(.ctors)
 *(EXCLUDE_FILE(*crtend.o) .ctors)
 *(SORT(.ctors.*))
 *crtend.o(.ctors)
                0x00003238                . = ALIGN (0x4)
 *(.fini)
 .fini          0x00003238        0x4 c:/program files (x86)/atmel/studio/7.0/toolchain/arm/arm-gnu-toolchain/bin/../lib/gcc/arm-none-eabi/6.3.1/thumb/v7e-m/crti.o
                0x00003238                _fini
 .fini          0x0000323c        0x8 c:/program files (x86)/atmel/studio/7.0/toolchain/arm/arm-gnu-toolchain/bin/../lib/gcc/arm-none-eabi/6.3.1/thumb/v7e-m/crtn.o
                0x00003244                . = ALIGN (0x4)
                0x00003244                __fini_array_start = .
 *(.fini_array)
 .fini_array    0x00003244        0x4 c:/program files (x86)/atmel/studio/7.0/toolchain/arm/arm-gnu-toolchain/bin/../lib/gcc/arm-none-eabi/6.3.1/thumb/v7e-m/crtbegin.o
 *(SORT(.fini_array.*))
                0x00003248                __fini_array_end = .
 *crtbegin.o(.dtors)
 *(EXCLUDE_FILE(*crtend.o) .dtors)
 *(SORT(.dtors.*))
 *crtend.o(.dtors)
                0x00003248                . = ALIGN (0x4)
                0x00003248                _efixed = .
                [!provide]                PROVIDE (__exidx_start, .)

.vfp11_veneer   0x00003248        0x0
 .vfp11_veneer  0x00003248        0x0 linker stubs

.v4_bx          0x00003248        0x0
 .v4_bx         0x00003248        0x0 linker stubs

.iplt           0x00003248        0x0
 .iplt          0x00003248        0x0 c:/program files (x86)/atmel/studio/7.0/toolchain/arm/arm-gnu-toolchain/bin/../lib/gcc/arm-none-eabi/6.3.1/thumb/v7e-m/crtbegin.o

.eh_frame       0x00003248        0x0
 .eh_frame      0x00003248        0x0 c:/program files (x86)/atmel/studio/7.0/toolchain/arm/arm-gnu-toolchain/bin/../lib/gcc/arm-none-eabi/6.3.1/thumb/v7e-m/crtbegin.o

.rel.dyn        0x00003248        0x0
 .rel.iplt      0x00003248        0x0 c:/program files (x86)/atmel/studio/7.0/toolchain/arm/arm-gnu-toolchain/bin/../lib/gcc/arm-none-eabi/6.3.1/thumb/v7e-m/crtbegin.o

.jcr            0x00003248        0x0
 .jcr           0x00003248        0x0 c:/program files (x86)/atmel/studio/7.0/toolchain/arm/arm-gnu-toolchain/bin/../lib/gcc/arm-none-eabi/6.3.1/thumb/v7e-m/crtbegin.o

.igot.plt       0x00003248        0x0
 .igot.plt      0x00003248        0x0 c:/program files (x86)/atmel/studio/7.0/toolchain/arm/arm-gnu-toolchain/bin/../lib/gcc/arm-none-eabi/6.3.1/thumb/v7e-m/crtbegin.o

.ARM.exidx
 *(.ARM.exidx* .gnu.linkonce.armexidx.*)
                [!provide]                PROVIDE (__exidx_end, .)
                0x00003248                . = ALIGN (0x4)
                0x00003248                _etext = .

.relocate       0x20000000       0x68 load address 0x00003248
                0x20000000                . = ALIGN (0x4)
                0x20000000                _srelocate = .
 *(.ramfunc .ramfunc.*)
 *(.data .data.*)
 .data          0x20000000        0x8 usb/class/cdc/device/cdcdf_acm.o
 .data          0x20000008       0x5d usb_start.o
                0x20000068                . = ALIGN (0x4)
 *fill*         0x20000065        0x3 
                0x20000068                _erelocate = .

.bkupram        0x47000000        0x0
                0x47000000                . = ALIGN (0x8)
                0x47000000                _sbkupram = .
 *(.bkupram .bkupram.*)
                0x47000000                . = ALIGN (0x8)
                0x47000000                _ebkupram = .

.qspi           0x04000000        0x0
                0x04000000                . = ALIGN (0x8)
                0x04000000                _sqspi = .
 *(.qspi .qspi.*)
                0x04000000                . = ALIGN (0x8)
                0x04000000                _eqspi = .

.bss            0x20000068      0x3a4 load address 0x000032b0
                0x20000068                . = ALIGN (0x4)
                0x20000068                _sbss = .
                0x20000068                _szero = .
 *(.bss .bss.*)
 .bss           0x20000068       0x1c c:/program files (x86)/atmel/studio/7.0/toolchain/arm/arm-gnu-toolchain/bin/../lib/gcc/arm-none-eabi/6.3.1/thumb/v7e-m/crtbegin.o
 .bss           0x20000084       0x80 hal/src/hal_usb_device.o
 .bss           0x20000104        0x4 hpl/sercom/hpl_sercom.o
 .bss           0x20000108      0x1e8 hpl/usb/hpl_usb.o
 .bss           0x200002f0       0x24 usb/class/cdc/device/cdcdf_acm.o
 .bss           0x20000314       0x20 usb/device/usbdc.o
 .bss           0x20000334       0x80 usb_start.o
 *(COMMON)
 COMMON         0x200003b4       0x48 driver_init.o
                0x200003b4                SPI_0
 COMMON         0x200003fc       0x10 hpl/ramecc/hpl_ramecc.o
                0x200003fc                device
                0x2000040c                . = ALIGN (0x4)
                0x2000040c                _ebss = .
                0x2000040c                _ezero = .

.stack          0x2000040c    0x10004 load address 0x00003654
                0x20000410                . = ALIGN (0x8)
 *fill*         0x2000040c        0x4 
                0x20000410                _sstack = .
                0x20010410                . = (. + STACK_SIZE)
 *fill*         0x20000410    0x10000 
                0x20010410                . = ALIGN (0x8)
                0x20010410                _estack = .
                0x20010410                . = ALIGN (0x4)
                0x20010410                _end = .
OUTPUT(MainDriver.elf elf32-littlearm)

.ARM.attributes
                0x00000000       0x2e
 .ARM.attributes
                0x00000000       0x1e c:/program files (x86)/atmel/studio/7.0/toolchain/arm/arm-gnu-toolchain/bin/../lib/gcc/arm-none-eabi/6.3.1/thumb/v7e-m/crti.o
 .ARM.attributes
                0x0000001e       0x2e c:/program files (x86)/atmel/studio/7.0/toolchain/arm/arm-gnu-toolchain/bin/../lib/gcc/arm-none-eabi/6.3.1/thumb/v7e-m/crtbegin.o
 .ARM.attributes
                0x0000004c       0x37 atmel_start.o
 .ARM.attributes
                0x00000083       0x37 Device_Startup/startup_same54.o
 .ARM.attributes
                0x000000ba       0x37 driver_init.o
 .ARM.attributes
                0x000000f1       0x37 hal/src/hal_atomic.o
 .ARM.attributes
                0x00000128       0x37 hal/src/hal_spi_m_async.o
 .ARM.attributes
                0x0000015f       0x37 hal/src/hal_usb_device.o
 .ARM.attributes
                0x00000196       0x37 hal/utils/src/utils_assert.o
 .ARM.attributes
                0x000001cd       0x37 hal/utils/src/utils_list.o
 .ARM.attributes
                0x00000204       0x37 hpl/core/hpl_init.o
 .ARM.attributes
                0x0000023b       0x37 hpl/gclk/hpl_gclk.o
 .ARM.attributes
                0x00000272       0x37 hpl/mclk/hpl_mclk.o
 .ARM.attributes
                0x000002a9       0x37 hpl/osc32kctrl/hpl_osc32kctrl.o
 .ARM.attributes
                0x000002e0       0x37 hpl/oscctrl/hpl_oscctrl.o
 .ARM.attributes
                0x00000317       0x37 hpl/ramecc/hpl_ramecc.o
 .ARM.attributes
                0x0000034e       0x37 hpl/sercom/hpl_sercom.o
 .ARM.attributes
                0x00000385       0x37 hpl/usb/hpl_usb.o
 .ARM.attributes
                0x000003bc       0x37 main.o
 .ARM.attributes
                0x000003f3       0x37 usb/class/cdc/device/cdcdf_acm.o
 .ARM.attributes
                0x0000042a       0x37 usb/device/usbdc.o
 .ARM.attributes
                0x00000461       0x37 usb/usb_protocol.o
 .ARM.attributes
                0x00000498       0x37 usb_start.o
 .ARM.attributes
                0x000004cf       0x2e c:/program files (x86)/atmel/studio/7.0/toolchain/arm/arm-gnu-toolchain/bin/../lib/gcc/arm-none-eabi/6.3.1/../../../../arm-none-eabi/lib/thumb/v7e-m\libc_nano.a(lib_a-init.o)
 .ARM.attributes
                0x000004fd       0x2e c:/program files (x86)/atmel/studio/7.0/toolchain/arm/arm-gnu-toolchain/bin/../lib/gcc/arm-none-eabi/6.3.1/../../../../arm-none-eabi/lib/thumb/v7e-m\libc_nano.a(lib_a-memcpy-stub.o)
 .ARM.attributes
                0x0000052b       0x2e c:/program files (x86)/atmel/studio/7.0/toolchain/arm/arm-gnu-toolchain/bin/../lib/gcc/arm-none-eabi/6.3.1/../../../../arm-none-eabi/lib/thumb/v7e-m\libc_nano.a(lib_a-memset.o)
 .ARM.attributes
                0x00000559       0x1e c:/program files (x86)/atmel/studio/7.0/toolchain/arm/arm-gnu-toolchain/bin/../lib/gcc/arm-none-eabi/6.3.1/thumb/v7e-m/crtn.o

.comment        0x00000000       0x59
 .comment       0x00000000       0x59 atmel_start.o
                                 0x5a (size before relaxing)
 .comment       0x00000059       0x5a Device_Startup/startup_same54.o
 .comment       0x00000059       0x5a driver_init.o
 .comment       0x00000059       0x5a hal/src/hal_atomic.o
 .comment       0x00000059       0x5a hal/src/hal_spi_m_async.o
 .comment       0x00000059       0x5a hal/src/hal_usb_device.o
 .comment       0x00000059       0x5a hal/utils/src/utils_assert.o
 .comment       0x00000059       0x5a hal/utils/src/utils_list.o
 .comment       0x00000059       0x5a hpl/core/hpl_init.o
 .comment       0x00000059       0x5a hpl/gclk/hpl_gclk.o
 .comment       0x00000059       0x5a hpl/mclk/hpl_mclk.o
 .comment       0x00000059       0x5a hpl/osc32kctrl/hpl_osc32kctrl.o
 .comment       0x00000059       0x5a hpl/oscctrl/hpl_oscctrl.o
 .comment       0x00000059       0x5a hpl/ramecc/hpl_ramecc.o
 .comment       0x00000059       0x5a hpl/sercom/hpl_sercom.o
 .comment       0x00000059       0x5a hpl/usb/hpl_usb.o
 .comment       0x00000059       0x5a main.o
 .comment       0x00000059       0x5a usb/class/cdc/device/cdcdf_acm.o
 .comment       0x00000059       0x5a usb/device/usbdc.o
 .comment       0x00000059       0x5a usb/usb_protocol.o
 .comment       0x00000059       0x5a usb_start.o

.debug_info     0x00000000    0x298bc
 .debug_info    0x00000000      0xd34 atmel_start.o
 .debug_info    0x00000d34      0xd7d Device_Startup/startup_same54.o
 .debug_info    0x00001ab1     0x4c59 driver_init.o
 .debug_info    0x0000670a      0x1fa hal/src/hal_atomic.o
 .debug_info    0x00006904     0x106e hal/src/hal_spi_m_async.o
 .debug_info    0x00007972     0x1e1a hal/src/hal_usb_device.o
 .debug_info    0x0000978c      0x130 hal/utils/src/utils_assert.o
 .debug_info    0x000098bc      0x33a hal/utils/src/utils_list.o
 .debug_info    0x00009bf6      0xbce hpl/core/hpl_init.o
 .debug_info    0x0000a7c4      0x72f hpl/gclk/hpl_gclk.o
 .debug_info    0x0000aef3      0xa55 hpl/mclk/hpl_mclk.o
 .debug_info    0x0000b948      0x819 hpl/osc32kctrl/hpl_osc32kctrl.o
 .debug_info    0x0000c161     0x1ae8 hpl/oscctrl/hpl_oscctrl.o
 .debug_info    0x0000dc49      0xc15 hpl/ramecc/hpl_ramecc.o
 .debug_info    0x0000e85e     0xbcf8 hpl/sercom/hpl_sercom.o
 .debug_info    0x0001a556     0x8a10 hpl/usb/hpl_usb.o
 .debug_info    0x00022f66      0xd22 main.o
 .debug_info    0x00023c88     0x1770 usb/class/cdc/device/cdcdf_acm.o
 .debug_info    0x000253f8     0x246c usb/device/usbdc.o
 .debug_info    0x00027864      0xed2 usb/usb_protocol.o
 .debug_info    0x00028736     0x1186 usb_start.o

.debug_abbrev   0x00000000     0x38c7
 .debug_abbrev  0x00000000      0x1b4 atmel_start.o
 .debug_abbrev  0x000001b4      0x171 Device_Startup/startup_same54.o
 .debug_abbrev  0x00000325      0x347 driver_init.o
 .debug_abbrev  0x0000066c      0x155 hal/src/hal_atomic.o
 .debug_abbrev  0x000007c1      0x268 hal/src/hal_spi_m_async.o
 .debug_abbrev  0x00000a29      0x4a4 hal/src/hal_usb_device.o
 .debug_abbrev  0x00000ecd       0x9e hal/utils/src/utils_assert.o
 .debug_abbrev  0x00000f6b      0x18d hal/utils/src/utils_list.o
 .debug_abbrev  0x000010f8      0x1dd hpl/core/hpl_init.o
 .debug_abbrev  0x000012d5      0x1c9 hpl/gclk/hpl_gclk.o
 .debug_abbrev  0x0000149e      0x1bd hpl/mclk/hpl_mclk.o
 .debug_abbrev  0x0000165b      0x1fc hpl/osc32kctrl/hpl_osc32kctrl.o
 .debug_abbrev  0x00001857      0x29b hpl/oscctrl/hpl_oscctrl.o
 .debug_abbrev  0x00001af2      0x2c8 hpl/ramecc/hpl_ramecc.o
 .debug_abbrev  0x00001dba      0x5e6 hpl/sercom/hpl_sercom.o
 .debug_abbrev  0x000023a0      0x5d9 hpl/usb/hpl_usb.o
 .debug_abbrev  0x00002979      0x1b6 main.o
 .debug_abbrev  0x00002b2f      0x41b usb/class/cdc/device/cdcdf_acm.o
 .debug_abbrev  0x00002f4a      0x436 usb/device/usbdc.o
 .debug_abbrev  0x00003380      0x2bf usb/usb_protocol.o
 .debug_abbrev  0x0000363f      0x288 usb_start.o

.debug_loc      0x00000000    0x118d4
 .debug_loc     0x00000000       0x20 atmel_start.o
 .debug_loc     0x00000020       0x6b Device_Startup/startup_same54.o
 .debug_loc     0x0000008b      0xa42 driver_init.o
 .debug_loc     0x00000acd       0x13 hal/src/hal_atomic.o
 .debug_loc     0x00000ae0      0xa34 hal/src/hal_spi_m_async.o
 .debug_loc     0x00001514     0x1214 hal/src/hal_usb_device.o
 .debug_loc     0x00002728      0x29f hal/utils/src/utils_list.o
 .debug_loc     0x000029c7       0x4c hpl/core/hpl_init.o
 .debug_loc     0x00002a13      0x23a hpl/gclk/hpl_gclk.o
 .debug_loc     0x00002c4d       0x2c hpl/mclk/hpl_mclk.o
 .debug_loc     0x00002c79      0x11b hpl/osc32kctrl/hpl_osc32kctrl.o
 .debug_loc     0x00002d94      0x246 hpl/oscctrl/hpl_oscctrl.o
 .debug_loc     0x00002fda      0x130 hpl/ramecc/hpl_ramecc.o
 .debug_loc     0x0000310a     0x7ca5 hpl/sercom/hpl_sercom.o
 .debug_loc     0x0000adaf     0x46a9 hpl/usb/hpl_usb.o
 .debug_loc     0x0000f458       0x20 main.o
 .debug_loc     0x0000f478      0x9c9 usb/class/cdc/device/cdcdf_acm.o
 .debug_loc     0x0000fe41     0x1382 usb/device/usbdc.o
 .debug_loc     0x000111c3      0x567 usb/usb_protocol.o
 .debug_loc     0x0001172a      0x1aa usb_start.o

.debug_aranges  0x00000000      0xc10
 .debug_aranges
                0x00000000       0x20 atmel_start.o
 .debug_aranges
                0x00000020       0x28 Device_Startup/startup_same54.o
 .debug_aranges
                0x00000048       0x50 driver_init.o
 .debug_aranges
                0x00000098       0x30 hal/src/hal_atomic.o
 .debug_aranges
                0x000000c8       0xb8 hal/src/hal_spi_m_async.o
 .debug_aranges
                0x00000180      0x100 hal/src/hal_usb_device.o
 .debug_aranges
                0x00000280       0x20 hal/utils/src/utils_assert.o
 .debug_aranges
                0x000002a0       0x48 hal/utils/src/utils_list.o
 .debug_aranges
                0x000002e8       0x20 hpl/core/hpl_init.o
 .debug_aranges
                0x00000308       0x28 hpl/gclk/hpl_gclk.o
 .debug_aranges
                0x00000330       0x20 hpl/mclk/hpl_mclk.o
 .debug_aranges
                0x00000350       0x20 hpl/osc32kctrl/hpl_osc32kctrl.o
 .debug_aranges
                0x00000370       0x28 hpl/oscctrl/hpl_oscctrl.o
 .debug_aranges
                0x00000398       0x30 hpl/ramecc/hpl_ramecc.o
 .debug_aranges
                0x000003c8      0x500 hpl/sercom/hpl_sercom.o
 .debug_aranges
                0x000008c8      0x148 hpl/usb/hpl_usb.o
 .debug_aranges
                0x00000a10       0x20 main.o
 .debug_aranges
                0x00000a30       0x70 usb/class/cdc/device/cdcdf_acm.o
 .debug_aranges
                0x00000aa0       0xe0 usb/device/usbdc.o
 .debug_aranges
                0x00000b80       0x48 usb/usb_protocol.o
 .debug_aranges
                0x00000bc8       0x48 usb_start.o

.debug_ranges   0x00000000     0x1400
 .debug_ranges  0x00000000       0x10 atmel_start.o
 .debug_ranges  0x00000010       0x18 Device_Startup/startup_same54.o
 .debug_ranges  0x00000028       0x40 driver_init.o
 .debug_ranges  0x00000068       0x20 hal/src/hal_atomic.o
 .debug_ranges  0x00000088       0xa8 hal/src/hal_spi_m_async.o
 .debug_ranges  0x00000130      0x130 hal/src/hal_usb_device.o
 .debug_ranges  0x00000260       0x10 hal/utils/src/utils_assert.o
 .debug_ranges  0x00000270       0x58 hal/utils/src/utils_list.o
 .debug_ranges  0x000002c8       0x10 hpl/core/hpl_init.o
 .debug_ranges  0x000002d8       0x18 hpl/gclk/hpl_gclk.o
 .debug_ranges  0x000002f0       0x10 hpl/mclk/hpl_mclk.o
 .debug_ranges  0x00000300       0x10 hpl/osc32kctrl/hpl_osc32kctrl.o
 .debug_ranges  0x00000310       0x18 hpl/oscctrl/hpl_oscctrl.o
 .debug_ranges  0x00000328       0x38 hpl/ramecc/hpl_ramecc.o
 .debug_ranges  0x00000360      0x978 hpl/sercom/hpl_sercom.o
 .debug_ranges  0x00000cd8      0x3f0 hpl/usb/hpl_usb.o
 .debug_ranges  0x000010c8       0x10 main.o
 .debug_ranges  0x000010d8       0xa8 usb/class/cdc/device/cdcdf_acm.o
 .debug_ranges  0x00001180      0x1b0 usb/device/usbdc.o
 .debug_ranges  0x00001330       0x98 usb/usb_protocol.o
 .debug_ranges  0x000013c8       0x38 usb_start.o

.debug_macro    0x00000000    0x33db6
 .debug_macro   0x00000000      0x8d6 atmel_start.o
 .debug_macro   0x000008d6      0x8b0 atmel_start.o
 .debug_macro   0x00001186      0x16d atmel_start.o
 .debug_macro   0x000012f3       0x22 atmel_start.o
 .debug_macro   0x00001315       0x87 atmel_start.o
 .debug_macro   0x0000139c       0x51 atmel_start.o
 .debug_macro   0x000013ed       0xef atmel_start.o
 .debug_macro   0x000014dc       0x6a atmel_start.o
 .debug_macro   0x00001546      0x1df atmel_start.o
 .debug_macro   0x00001725       0x22 atmel_start.o
 .debug_macro   0x00001747       0x54 atmel_start.o
 .debug_macro   0x0000179b       0x1c atmel_start.o
 .debug_macro   0x000017b7       0x22 atmel_start.o
 .debug_macro   0x000017d9       0xdf atmel_start.o
 .debug_macro   0x000018b8     0x102d atmel_start.o
 .debug_macro   0x000028e5      0x11f atmel_start.o
 .debug_macro   0x00002a04      0x706 atmel_start.o
 .debug_macro   0x0000310a      0xb5b atmel_start.o
 .debug_macro   0x00003c65      0x3c0 atmel_start.o
 .debug_macro   0x00004025     0x2d61 atmel_start.o
 .debug_macro   0x00006d86      0x336 atmel_start.o
 .debug_macro   0x000070bc      0x3b7 atmel_start.o
 .debug_macro   0x00007473      0x668 atmel_start.o
 .debug_macro   0x00007adb     0x143f atmel_start.o
 .debug_macro   0x00008f1a      0x651 atmel_start.o
 .debug_macro   0x0000956b      0x67b atmel_start.o
 .debug_macro   0x00009be6      0x6d7 atmel_start.o
 .debug_macro   0x0000a2bd      0x172 atmel_start.o
 .debug_macro   0x0000a42f      0x395 atmel_start.o
 .debug_macro   0x0000a7c4     0x19dd atmel_start.o
 .debug_macro   0x0000c1a1       0x3a atmel_start.o
 .debug_macro   0x0000c1db      0x72a atmel_start.o
 .debug_macro   0x0000c905      0xb12 atmel_start.o
 .debug_macro   0x0000d417      0x5d7 atmel_start.o
 .debug_macro   0x0000d9ee      0xbc0 atmel_start.o
 .debug_macro   0x0000e5ae      0x9b9 atmel_start.o
 .debug_macro   0x0000ef67      0x2a3 atmel_start.o
 .debug_macro   0x0000f20a      0x8cb atmel_start.o
 .debug_macro   0x0000fad5      0x1ea atmel_start.o
 .debug_macro   0x0000fcbf      0x8f4 atmel_start.o
 .debug_macro   0x000105b3      0x216 atmel_start.o
 .debug_macro   0x000107c9      0x3f9 atmel_start.o
 .debug_macro   0x00010bc2      0x620 atmel_start.o
 .debug_macro   0x000111e2      0x10d atmel_start.o
 .debug_macro   0x000112ef       0xb8 atmel_start.o
 .debug_macro   0x000113a7     0x1df7 atmel_start.o
 .debug_macro   0x0001319e     0x2e69 atmel_start.o
 .debug_macro   0x00016007     0x11ed atmel_start.o
 .debug_macro   0x000171f4      0x50e atmel_start.o
 .debug_macro   0x00017702      0x930 atmel_start.o
 .debug_macro   0x00018032     0x1ad8 atmel_start.o
 .debug_macro   0x00019b0a       0xe7 atmel_start.o
 .debug_macro   0x00019bf1     0x13e6 atmel_start.o
 .debug_macro   0x0001afd7      0x36a atmel_start.o
 .debug_macro   0x0001b341       0x94 atmel_start.o
 .debug_macro   0x0001b3d5       0xdc atmel_start.o
 .debug_macro   0x0001b4b1       0xe2 atmel_start.o
 .debug_macro   0x0001b593       0xdc atmel_start.o
 .debug_macro   0x0001b66f      0x149 atmel_start.o
 .debug_macro   0x0001b7b8      0x149 atmel_start.o
 .debug_macro   0x0001b901       0x46 atmel_start.o
 .debug_macro   0x0001b947       0x4c atmel_start.o
 .debug_macro   0x0001b993       0xc4 atmel_start.o
 .debug_macro   0x0001ba57      0x7d5 atmel_start.o
 .debug_macro   0x0001c22c       0xb8 atmel_start.o
 .debug_macro   0x0001c2e4       0x7c atmel_start.o
 .debug_macro   0x0001c360      0xc20 atmel_start.o
 .debug_macro   0x0001cf80       0x46 atmel_start.o
 .debug_macro   0x0001cfc6      0x25b atmel_start.o
 .debug_macro   0x0001d221      0x31a atmel_start.o
 .debug_macro   0x0001d53b      0x170 atmel_start.o
 .debug_macro   0x0001d6ab       0x7c atmel_start.o
 .debug_macro   0x0001d727       0xbe atmel_start.o
 .debug_macro   0x0001d7e5       0x4c atmel_start.o
 .debug_macro   0x0001d831       0x82 atmel_start.o
 .debug_macro   0x0001d8b3      0x1a3 atmel_start.o
 .debug_macro   0x0001da56       0x46 atmel_start.o
 .debug_macro   0x0001da9c       0x6a atmel_start.o
 .debug_macro   0x0001db06       0x46 atmel_start.o
 .debug_macro   0x0001db4c       0x88 atmel_start.o
 .debug_macro   0x0001dbd4       0x46 atmel_start.o
 .debug_macro   0x0001dc1a      0x24e atmel_start.o
 .debug_macro   0x0001de68       0x1c atmel_start.o
 .debug_macro   0x0001de84       0x76 atmel_start.o
 .debug_macro   0x0001defa       0x3a atmel_start.o
 .debug_macro   0x0001df34       0x2e atmel_start.o
 .debug_macro   0x0001df62      0x196 atmel_start.o
 .debug_macro   0x0001e0f8      0x16f atmel_start.o
 .debug_macro   0x0001e267      0x16f atmel_start.o
 .debug_macro   0x0001e3d6      0x25d atmel_start.o
 .debug_macro   0x0001e633      0x25d atmel_start.o
 .debug_macro   0x0001e890      0x25d atmel_start.o
 .debug_macro   0x0001eaed      0x25d atmel_start.o
 .debug_macro   0x0001ed4a      0x25d atmel_start.o
 .debug_macro   0x0001efa7      0x25d atmel_start.o
 .debug_macro   0x0001f204      0x25d atmel_start.o
 .debug_macro   0x0001f461      0x25d atmel_start.o
 .debug_macro   0x0001f6be       0x52 atmel_start.o
 .debug_macro   0x0001f710       0xfa atmel_start.o
 .debug_macro   0x0001f80a       0xfa atmel_start.o
 .debug_macro   0x0001f904       0xfa atmel_start.o
 .debug_macro   0x0001f9fe       0xfa atmel_start.o
 .debug_macro   0x0001faf8       0xfa atmel_start.o
 .debug_macro   0x0001fbf2       0xfa atmel_start.o
 .debug_macro   0x0001fcec       0xfa atmel_start.o
 .debug_macro   0x0001fde6       0xfa atmel_start.o
 .debug_macro   0x0001fee0      0x148 atmel_start.o
 .debug_macro   0x00020028      0x124 atmel_start.o
 .debug_macro   0x0002014c      0x106 atmel_start.o
 .debug_macro   0x00020252       0xee atmel_start.o
 .debug_macro   0x00020340       0xee atmel_start.o
 .debug_macro   0x0002042e       0x2e atmel_start.o
 .debug_macro   0x0002045c      0x46a atmel_start.o
 .debug_macro   0x000208c6       0x3a atmel_start.o
 .debug_macro   0x00020900      0x59f atmel_start.o
 .debug_macro   0x00020e9f     0x4ff3 atmel_start.o
 .debug_macro   0x00025e92       0xcf atmel_start.o
 .debug_macro   0x00025f61       0x10 atmel_start.o
 .debug_macro   0x00025f71       0x10 atmel_start.o
 .debug_macro   0x00025f81       0x16 atmel_start.o
 .debug_macro   0x00025f97       0x16 atmel_start.o
 .debug_macro   0x00025fad       0x16 atmel_start.o
 .debug_macro   0x00025fc3       0x16 atmel_start.o
 .debug_macro   0x00025fd9       0x16 atmel_start.o
 .debug_macro   0x00025fef       0x16 atmel_start.o
 .debug_macro   0x00026005       0x40 atmel_start.o
 .debug_macro   0x00026045       0x16 atmel_start.o
 .debug_macro   0x0002605b       0x16 atmel_start.o
 .debug_macro   0x00026071       0x16 atmel_start.o
 .debug_macro   0x00026087       0x16 atmel_start.o
 .debug_macro   0x0002609d       0x16 atmel_start.o
 .debug_macro   0x000260b3       0x16 atmel_start.o
 .debug_macro   0x000260c9       0x16 atmel_start.o
 .debug_macro   0x000260df       0x16 atmel_start.o
 .debug_macro   0x000260f5       0x16 atmel_start.o
 .debug_macro   0x0002610b       0x16 atmel_start.o
 .debug_macro   0x00026121       0x16 atmel_start.o
 .debug_macro   0x00026137       0x16 atmel_start.o
 .debug_macro   0x0002614d       0x16 atmel_start.o
 .debug_macro   0x00026163       0x16 atmel_start.o
 .debug_macro   0x00026179       0x16 atmel_start.o
 .debug_macro   0x0002618f       0x16 atmel_start.o
 .debug_macro   0x000261a5       0x16 atmel_start.o
 .debug_macro   0x000261bb       0x16 atmel_start.o
 .debug_macro   0x000261d1       0x16 atmel_start.o
 .debug_macro   0x000261e7       0x16 atmel_start.o
 .debug_macro   0x000261fd       0x16 atmel_start.o
 .debug_macro   0x00026213      0xe5c atmel_start.o
 .debug_macro   0x0002706f      0x9b6 atmel_start.o
 .debug_macro   0x00027a25       0x94 atmel_start.o
 .debug_macro   0x00027ab9       0x16 atmel_start.o
 .debug_macro   0x00027acf       0xbe atmel_start.o
 .debug_macro   0x00027b8d      0x28c atmel_start.o
 .debug_macro   0x00027e19       0x16 atmel_start.o
 .debug_macro   0x00027e2f      0x4d8 atmel_start.o
 .debug_macro   0x00028307       0x16 atmel_start.o
 .debug_macro   0x0002831d       0xca atmel_start.o
 .debug_macro   0x000283e7       0x1c atmel_start.o
 .debug_macro   0x00028403       0x16 atmel_start.o
 .debug_macro   0x00028419      0x185 atmel_start.o
 .debug_macro   0x0002859e       0x76 atmel_start.o
 .debug_macro   0x00028614       0xc9 atmel_start.o
 .debug_macro   0x000286dd       0x1c atmel_start.o
 .debug_macro   0x000286f9       0x3a atmel_start.o
 .debug_macro   0x00028733       0xd1 atmel_start.o
 .debug_macro   0x00028804       0xee atmel_start.o
 .debug_macro   0x000288f2       0x58 atmel_start.o
 .debug_macro   0x0002894a       0x35 atmel_start.o
 .debug_macro   0x0002897f       0x9c atmel_start.o
 .debug_macro   0x00028a1b       0x58 atmel_start.o
 .debug_macro   0x00028a73       0x1f atmel_start.o
 .debug_macro   0x00028a92       0x43 atmel_start.o
 .debug_macro   0x00028ad5       0x20 atmel_start.o
 .debug_macro   0x00028af5      0x187 atmel_start.o
 .debug_macro   0x00028c7c      0x34d atmel_start.o
 .debug_macro   0x00028fc9       0x10 atmel_start.o
 .debug_macro   0x00028fd9       0x35 atmel_start.o
 .debug_macro   0x0002900e       0x76 atmel_start.o
 .debug_macro   0x00029084      0x11b atmel_start.o
 .debug_macro   0x0002919f      0x12b atmel_start.o
 .debug_macro   0x000292ca      0x256 atmel_start.o
 .debug_macro   0x00029520       0x4c atmel_start.o
 .debug_macro   0x0002956c      0x4b2 Device_Startup/startup_same54.o
 .debug_macro   0x00029a1e       0x4e Device_Startup/startup_same54.o
 .debug_macro   0x00029a6c      0x7a6 driver_init.o
 .debug_macro   0x0002a212       0x35 driver_init.o
 .debug_macro   0x0002a247      0x686 hal/src/hal_atomic.o
 .debug_macro   0x0002a8cd      0x6f2 hal/src/hal_spi_m_async.o
 .debug_macro   0x0002afbf      0x780 hal/src/hal_usb_device.o
 .debug_macro   0x0002b73f       0xcb hal/src/hal_usb_device.o
 .debug_macro   0x0002b80a      0x690 hal/utils/src/utils_assert.o
 .debug_macro   0x0002be9a       0x10 hal/utils/src/utils_assert.o
 .debug_macro   0x0002beaa      0x695 hal/utils/src/utils_list.o
 .debug_macro   0x0002c53f      0x729 hpl/core/hpl_init.o
 .debug_macro   0x0002cc68       0x2e hpl/core/hpl_init.o
 .debug_macro   0x0002cc96      0xd7b hpl/core/hpl_init.o
 .debug_macro   0x0002da11      0x69f hpl/gclk/hpl_gclk.o
 .debug_macro   0x0002e0b0      0x2f0 hpl/gclk/hpl_gclk.o
 .debug_macro   0x0002e3a0      0x69a hpl/mclk/hpl_mclk.o
 .debug_macro   0x0002ea3a      0x695 hpl/osc32kctrl/hpl_osc32kctrl.o
 .debug_macro   0x0002f0cf       0x80 hpl/osc32kctrl/hpl_osc32kctrl.o
 .debug_macro   0x0002f14f      0x69f hpl/oscctrl/hpl_oscctrl.o
 .debug_macro   0x0002f7ee      0x216 hpl/oscctrl/hpl_oscctrl.o
 .debug_macro   0x0002fa04      0x6b0 hpl/ramecc/hpl_ramecc.o
 .debug_macro   0x000300b4      0x8e8 hpl/sercom/hpl_sercom.o
 .debug_macro   0x0003099c       0x70 hpl/sercom/hpl_sercom.o
 .debug_macro   0x00030a0c       0x94 hpl/sercom/hpl_sercom.o
 .debug_macro   0x00030aa0       0x10 hpl/sercom/hpl_sercom.o
 .debug_macro   0x00030ab0       0x22 hpl/sercom/hpl_sercom.o
 .debug_macro   0x00030ad2       0x10 hpl/sercom/hpl_sercom.o
 .debug_macro   0x00030ae2      0x90b hpl/usb/hpl_usb.o
 .debug_macro   0x000313ed      0x8d6 main.o
 .debug_macro   0x00031cc3      0x7e8 usb/class/cdc/device/cdcdf_acm.o
 .debug_macro   0x000324ab       0xd9 usb/class/cdc/device/cdcdf_acm.o
 .debug_macro   0x00032584      0x7c7 usb/device/usbdc.o
 .debug_macro   0x00032d4b      0x790 usb/usb_protocol.o
 .debug_macro   0x000334db      0x8db usb_start.o

.debug_line     0x00000000    0x13ffb
 .debug_line    0x00000000      0xebe atmel_start.o
 .debug_line    0x00000ebe      0x89d Device_Startup/startup_same54.o
 .debug_line    0x0000175b      0xe76 driver_init.o
 .debug_line    0x000025d1      0xbe9 hal/src/hal_atomic.o
 .debug_line    0x000031ba      0xe15 hal/src/hal_spi_m_async.o
 .debug_line    0x00003fcf      0xf8b hal/src/hal_usb_device.o
 .debug_line    0x00004f5a      0xbbe hal/utils/src/utils_assert.o
 .debug_line    0x00005b18      0xc51 hal/utils/src/utils_list.o
 .debug_line    0x00006769      0xccc hpl/core/hpl_init.o
 .debug_line    0x00007435      0xc3b hpl/gclk/hpl_gclk.o
 .debug_line    0x00008070      0xbe1 hpl/mclk/hpl_mclk.o
 .debug_line    0x00008c51      0xc02 hpl/osc32kctrl/hpl_osc32kctrl.o
 .debug_line    0x00009853      0xd30 hpl/oscctrl/hpl_oscctrl.o
 .debug_line    0x0000a583      0xc84 hpl/ramecc/hpl_ramecc.o
 .debug_line    0x0000b207     0x2b5d hpl/sercom/hpl_sercom.o
 .debug_line    0x0000dd64     0x17a2 hpl/usb/hpl_usb.o
 .debug_line    0x0000f506      0xeb6 main.o
 .debug_line    0x000103bc      0xee0 usb/class/cdc/device/cdcdf_acm.o
 .debug_line    0x0001129c     0x104c usb/device/usbdc.o
 .debug_line    0x000122e8      0xdf9 usb/usb_protocol.o
 .debug_line    0x000130e1      0xf1a usb_start.o

.debug_str      0x00000000   0x11dad8
 .debug_str     0x00000000   0x10e09d atmel_start.o
                             0x10e692 (size before relaxing)
 .debug_str     0x0010e09d      0xbf6 Device_Startup/startup_same54.o
                              0xf0d1f (size before relaxing)
 .debug_str     0x0010ec93     0x122f driver_init.o
                             0x109e19 (size before relaxing)
 .debug_str     0x0010fec2       0x9c hal/src/hal_atomic.o
                             0x1066d2 (size before relaxing)
 .debug_str     0x0010ff5e      0x493 hal/src/hal_spi_m_async.o
                             0x1075a7 (size before relaxing)
 .debug_str     0x001103f1      0x81c hal/src/hal_usb_device.o
                             0x10a8c1 (size before relaxing)
 .debug_str     0x00110c0d       0x2a hal/utils/src/utils_assert.o
                             0x1066e2 (size before relaxing)
 .debug_str     0x00110c37       0x9c hal/utils/src/utils_list.o
                             0x10678c (size before relaxing)
 .debug_str     0x00110cd3     0x3109 hpl/core/hpl_init.o
                             0x10a9fa (size before relaxing)
 .debug_str     0x00113ddc      0xbf3 hpl/gclk/hpl_gclk.o
                             0x10740c (size before relaxing)
 .debug_str     0x001149cf       0x47 hpl/mclk/hpl_mclk.o
                             0x106bbd (size before relaxing)
 .debug_str     0x00114a16      0x518 hpl/osc32kctrl/hpl_osc32kctrl.o
                             0x106bf2 (size before relaxing)
 .debug_str     0x00114f2e      0xd33 hpl/oscctrl/hpl_oscctrl.o
                             0x10810c (size before relaxing)
 .debug_str     0x00115c61      0x9c6 hpl/ramecc/hpl_ramecc.o
                             0x107618 (size before relaxing)
 .debug_str     0x00116627     0x486a hpl/sercom/hpl_sercom.o
                             0x10cb18 (size before relaxing)
 .debug_str     0x0011ae91     0x1d4c hpl/usb/hpl_usb.o
                             0x10cf5a (size before relaxing)
 .debug_str     0x0011cbdd        0xc main.o
                             0x10e67b (size before relaxing)
 .debug_str     0x0011cbe9      0x78c usb/class/cdc/device/cdcdf_acm.o
                             0x10ccb0 (size before relaxing)
 .debug_str     0x0011d375      0x53f usb/device/usbdc.o
                             0x10c319 (size before relaxing)
 .debug_str     0x0011d8b4       0xe4 usb/usb_protocol.o
                             0x10a8e6 (size before relaxing)
 .debug_str     0x0011d998      0x140 usb_start.o
                             0x10e985 (size before relaxing)

.debug_frame    0x00000000     0x20c0
 .debug_frame   0x00000000       0x28 atmel_start.o
 .debug_frame   0x00000028       0x38 Device_Startup/startup_same54.o
 .debug_frame   0x00000060       0x98 driver_init.o
 .debug_frame   0x000000f8       0x40 hal/src/hal_atomic.o
 .debug_frame   0x00000138      0x224 hal/src/hal_spi_m_async.o
 .debug_frame   0x0000035c      0x318 hal/src/hal_usb_device.o
 .debug_frame   0x00000674       0x20 hal/utils/src/utils_assert.o
 .debug_frame   0x00000694       0x9c hal/utils/src/utils_list.o
 .debug_frame   0x00000730       0x28 hpl/core/hpl_init.o
 .debug_frame   0x00000758       0x30 hpl/gclk/hpl_gclk.o
 .debug_frame   0x00000788       0x20 hpl/mclk/hpl_mclk.o
 .debug_frame   0x000007a8       0x20 hpl/osc32kctrl/hpl_osc32kctrl.o
 .debug_frame   0x000007c8       0x30 hpl/oscctrl/hpl_oscctrl.o
 .debug_frame   0x000007f8       0x4c hpl/ramecc/hpl_ramecc.o
 .debug_frame   0x00000844      0xecc hpl/sercom/hpl_sercom.o
 .debug_frame   0x00001710      0x3d8 hpl/usb/hpl_usb.o
 .debug_frame   0x00001ae8       0x28 main.o
 .debug_frame   0x00001b10      0x138 usb/class/cdc/device/cdcdf_acm.o
 .debug_frame   0x00001c48      0x28c usb/device/usbdc.o
 .debug_frame   0x00001ed4       0xd0 usb/usb_protocol.o
 .debug_frame   0x00001fa4       0xa8 usb_start.o
 .debug_frame   0x0000204c       0x2c c:/program files (x86)/atmel/studio/7.0/toolchain/arm/arm-gnu-toolchain/bin/../lib/gcc/arm-none-eabi/6.3.1/../../../../arm-none-eabi/lib/thumb/v7e-m\libc_nano.a(lib_a-init.o)
 .debug_frame   0x00002078       0x28 c:/program files (x86)/atmel/studio/7.0/toolchain/arm/arm-gnu-toolchain/bin/../lib/gcc/arm-none-eabi/6.3.1/../../../../arm-none-eabi/lib/thumb/v7e-m\libc_nano.a(lib_a-memcpy-stub.o)
 .debug_frame   0x000020a0       0x20 c:/program files (x86)/atmel/studio/7.0/toolchain/arm/arm-gnu-toolchain/bin/../lib/gcc/arm-none-eabi/6.3.1/../../../../arm-none-eabi/lib/thumb/v7e-m\libc_nano.a(lib_a-memset.o)
